<area shape="circle" coords="63,71,10" href="/hhomp/browse?page=NodT.1" title="" onmouseover="return overlib('NodT.1 OPRM');" onmouseout="return nd();" />
<area shape="circle" coords="56,80,10" href="/hhomp/browse?page=NodT.2" title="" onmouseover="return overlib('NodT.2 VCEC');" onmouseout="return nd();" />
<area shape="circle" coords="59,73,10" href="/hhomp/browse?page=NodT.3" title="" onmouseover="return overlib('NodT.3');" onmouseout="return nd();" />
<area shape="circle" coords="50,70,10" href="/hhomp/browse?page=NodT.4" title="" onmouseover="return overlib('NodT.4');" onmouseout="return nd();" />
<area shape="circle" coords="63,67,10" href="/hhomp/browse?page=NodT.5" title="" onmouseover="return overlib('NodT.5');" onmouseout="return nd();" />
<area shape="circle" coords="68,68,10" href="/hhomp/browse?page=NodT.6" title="" onmouseover="return overlib('NodT.6');" onmouseout="return nd();" />
<area shape="circle" coords="90,105,10" href="/hhomp/browse?page=NodT.7" title="" onmouseover="return overlib('NodT.7');" onmouseout="return nd();" />
<area shape="circle" coords="90,98,10" href="/hhomp/browse?page=NodT.8" title="" onmouseover="return overlib('NodT.8');" onmouseout="return nd();" />
<area shape="circle" coords="183,283,10" href="/hhomp/browse?page=OMP.10.1.1" title="" onmouseover="return overlib('OMP.10.1.1 OmpT');" onmouseout="return nd();" />
<area shape="circle" coords="519,143,10" href="/hhomp/browse?page=OMP.10.2.1" title="" onmouseover="return overlib('OMP.10.2.1 OpcA (Neisseria)');" onmouseout="return nd();" />
<area shape="circle" coords="378,122,10" href="/hhomp/browse?page=OMP.12.1.1" title="" onmouseover="return overlib('OMP.12.1.1 NalP & Haemoglobin protease');" onmouseout="return nd();" />
<area shape="circle" coords="381,123,10" href="/hhomp/browse?page=OMP.12.1.2" title="" onmouseover="return overlib('OMP.12.1.2 NalP & Haemoglobin protease');" onmouseout="return nd();" />
<area shape="circle" coords="366,125,10" href="/hhomp/browse?page=OMP.12.1.3" title="" onmouseover="return overlib('OMP.12.1.3 NalP & Haemoglobin protease (Pseudomonas)');" onmouseout="return nd();" />
<area shape="circle" coords="369,115,10" href="/hhomp/browse?page=OMP.12.1.4" title="" onmouseover="return overlib('OMP.12.1.4 NalP & Haemoglobin protease');" onmouseout="return nd();" />
<area shape="circle" coords="365,122,10" href="/hhomp/browse?page=OMP.12.1.5" title="" onmouseover="return overlib('OMP.12.1.5 NalP & Haemoglobin protease');" onmouseout="return nd();" />
<area shape="circle" coords="375,120,10" href="/hhomp/browse?page=OMP.12.1.6" title="" onmouseover="return overlib('OMP.12.1.6 NalP & Haemoglobin protease');" onmouseout="return nd();" />
<area shape="circle" coords="367,115,10" href="/hhomp/browse?page=OMP.12.1.7" title="" onmouseover="return overlib('OMP.12.1.7 NalP & Haemoglobin protease (Burkholderia)');" onmouseout="return nd();" />
<area shape="circle" coords="356,110,10" href="/hhomp/browse?page=OMP.12.2.1" title="" onmouseover="return overlib('OMP.12.2.1 NalP & Haemoglobin protease');" onmouseout="return nd();" />
<area shape="circle" coords="376,125,10" href="/hhomp/browse?page=OMP.12.2.2" title="" onmouseover="return overlib('OMP.12.2.2 NalP & Haemoglobin protease');" onmouseout="return nd();" />
<area shape="circle" coords="372,102,10" href="/hhomp/browse?page=OMP.12.2.3" title="" onmouseover="return overlib('OMP.12.2.3 NalP & Haemoglobin protease (Bartonella)');" onmouseout="return nd();" />
<area shape="circle" coords="357,105,10" href="/hhomp/browse?page=OMP.12.2.4" title="" onmouseover="return overlib('OMP.12.2.4 NalP & Haemoglobin protease (Fusobacterium)');" onmouseout="return nd();" />
<area shape="circle" coords="325,65,10" href="/hhomp/browse?page=OMP.12.2.5" title="" onmouseover="return overlib('OMP.12.2.5 NalP & Haemoglobin protease (Chlamydophila)');" onmouseout="return nd();" />
<area shape="circle" coords="344,112,10" href="/hhomp/browse?page=OMP.12.2.6" title="" onmouseover="return overlib('OMP.12.2.6 NalP & Haemoglobin protease (Rickettsia)');" onmouseout="return nd();" />
<area shape="circle" coords="348,111,10" href="/hhomp/browse?page=OMP.12.2.7" title="" onmouseover="return overlib('OMP.12.2.7 NalP & Haemoglobin protease (Rickettsia)');" onmouseout="return nd();" />
<area shape="circle" coords="349,108,10" href="/hhomp/browse?page=OMP.12.2.8" title="" onmouseover="return overlib('OMP.12.2.8 NalP & Haemoglobin protease (Helicobacter)');" onmouseout="return nd();" />
<area shape="circle" coords="340,110,10" href="/hhomp/browse?page=OMP.12.3.1" title="" onmouseover="return overlib('OMP.12.3.1 NalP & ? (Rickettsia)');" onmouseout="return nd();" />
<area shape="circle" coords="342,112,10" href="/hhomp/browse?page=OMP.12.3.2" title="" onmouseover="return overlib('OMP.12.3.2 NalP & ? (Rickettsia) ');" onmouseout="return nd();" />
<area shape="circle" coords="375,121,10" href="/hhomp/browse?page=OMP.12.4.1" title="" onmouseover="return overlib('OMP.12.4.1 NalP & ?');" onmouseout="return nd();" />
<area shape="circle" coords="677,107,10" href="/hhomp/browse?page=OMP.12.5.1" title="" onmouseover="return overlib('OMP.12.5.1 Tsx-like');" onmouseout="return nd();" />
<area shape="circle" coords="682,109,10" href="/hhomp/browse?page=OMP.12.5.2" title="" onmouseover="return overlib('OMP.12.5.2 Tsx-like');" onmouseout="return nd();" />
<area shape="circle" coords="691,113,10" href="/hhomp/browse?page=OMP.12.5.3" title="" onmouseover="return overlib('OMP.12.5.3 Tsx-like');" onmouseout="return nd();" />
<area shape="circle" coords="683,138,10" href="/hhomp/browse?page=OMP.12.5.4" title="" onmouseover="return overlib('OMP.12.5.4 Tsx-like');" onmouseout="return nd();" />
<area shape="circle" coords="132,459,10" href="/hhomp/browse?page=OMP.12.6.1" title="" onmouseover="return overlib('OMP.12.6.1 OmpLA-like');" onmouseout="return nd();" />
<area shape="circle" coords="589,350,10" href="/hhomp/browse?page=OMP.14.1.1" title="" onmouseover="return overlib('OMP.14.1.1 FadL-like');" onmouseout="return nd();" />
<area shape="circle" coords="592,306,10" href="/hhomp/browse?page=OMP.14.1.10" title="" onmouseover="return overlib('OMP.14.1.10 FadL-like ');" onmouseout="return nd();" />
<area shape="circle" coords="590,363,10" href="/hhomp/browse?page=OMP.14.1.2" title="" onmouseover="return overlib('OMP.14.1.2 FadL-like ');" onmouseout="return nd();" />
<area shape="circle" coords="590,341,10" href="/hhomp/browse?page=OMP.14.1.3" title="" onmouseover="return overlib('OMP.14.1.3 FadL-like ');" onmouseout="return nd();" />
<area shape="circle" coords="586,364,10" href="/hhomp/browse?page=OMP.14.1.4" title="" onmouseover="return overlib('OMP.14.1.4 FadL-like ');" onmouseout="return nd();" />
<area shape="circle" coords="597,350,10" href="/hhomp/browse?page=OMP.14.1.5" title="" onmouseover="return overlib('OMP.14.1.5 FadL-like ');" onmouseout="return nd();" />
<area shape="circle" coords="647,329,10" href="/hhomp/browse?page=OMP.14.1.6" title="" onmouseover="return overlib('OMP.14.1.6 FadL-like ');" onmouseout="return nd();" />
<area shape="circle" coords="596,350,10" href="/hhomp/browse?page=OMP.14.1.7" title="" onmouseover="return overlib('OMP.14.1.7 FadL-like ');" onmouseout="return nd();" />
<area shape="circle" coords="587,301,10" href="/hhomp/browse?page=OMP.14.1.8" title="" onmouseover="return overlib('OMP.14.1.8 FadL-like ');" onmouseout="return nd();" />
<area shape="circle" coords="676,330,10" href="/hhomp/browse?page=OMP.14.1.9" title="" onmouseover="return overlib('OMP.14.1.9 FadL-like ');" onmouseout="return nd();" />
<area shape="circle" coords="246,341,10" href="/hhomp/browse?page=OMP.14.2.1" title="" onmouseover="return overlib('OMP.14.2.1 OmpG-like');" onmouseout="return nd();" />
<area shape="circle" coords="500,214,10" href="/hhomp/browse?page=OMP.16.1.1" title="" onmouseover="return overlib('OMP.16.1.1 PhoE-like');" onmouseout="return nd();" />
<area shape="circle" coords="504,212,10" href="/hhomp/browse?page=OMP.16.1.2" title="" onmouseover="return overlib('OMP.16.1.2 PhoE-like');" onmouseout="return nd();" />
<area shape="circle" coords="502,206,10" href="/hhomp/browse?page=OMP.16.1.3" title="" onmouseover="return overlib('OMP.16.1.3 PhoE-like (Shewanella)');" onmouseout="return nd();" />
<area shape="circle" coords="519,180,10" href="/hhomp/browse?page=OMP.16.2.1" title="" onmouseover="return overlib('OMP.16.2.1 OmpC-like (b-Proteobacteria)');" onmouseout="return nd();" />
<area shape="circle" coords="529,180,10" href="/hhomp/browse?page=OMP.16.2.2" title="" onmouseover="return overlib('OMP.16.2.2 OmpC-like (b-Proteobacteria)');" onmouseout="return nd();" />
<area shape="circle" coords="517,181,10" href="/hhomp/browse?page=OMP.16.2.3" title="" onmouseover="return overlib('OMP.16.2.3 OmpC-like (b-Proteobacteria)');" onmouseout="return nd();" />
<area shape="circle" coords="523,179,10" href="/hhomp/browse?page=OMP.16.2.4" title="" onmouseover="return overlib('OMP.16.2.4 OmpC-like');" onmouseout="return nd();" />
<area shape="circle" coords="530,187,10" href="/hhomp/browse?page=OMP.16.2.5" title="" onmouseover="return overlib('OMP.16.2.5 OmpC-like (b-Proteobacteria)');" onmouseout="return nd();" />
<area shape="circle" coords="525,195,10" href="/hhomp/browse?page=OMP.16.2.6" title="" onmouseover="return overlib('OMP.16.2.6 OmpC-like');" onmouseout="return nd();" />
<area shape="circle" coords="510,204,10" href="/hhomp/browse?page=OMP.16.2.7" title="" onmouseover="return overlib('OMP.16.2.7 OmpC-like (Shewanella)');" onmouseout="return nd();" />
<area shape="circle" coords="526,200,10" href="/hhomp/browse?page=OMP.16.2.8" title="" onmouseover="return overlib('OMP.16.2.8 OmpC-like (Shewanella)');" onmouseout="return nd();" />
<area shape="circle" coords="535,193,10" href="/hhomp/browse?page=OMP.16.2.9" title="" onmouseover="return overlib('OMP.16.2.9 OmpC-like (Neisseria)');" onmouseout="return nd();" />
<area shape="circle" coords="493,210,10" href="/hhomp/browse?page=OMP.16.3.1" title="" onmouseover="return overlib('OMP.16.3.1 (Haemophilus)');" onmouseout="return nd();" />
<area shape="circle" coords="501,203,10" href="/hhomp/browse?page=OMP.16.3.2" title="" onmouseover="return overlib('OMP.16.3.2');" onmouseout="return nd();" />
<area shape="circle" coords="523,306,10" href="/hhomp/browse?page=OMP.16.4.1" title="" onmouseover="return overlib('OMP.16.4.1 Phosphate-selective porin O & P');" onmouseout="return nd();" />
<area shape="circle" coords="671,229,10" href="/hhomp/browse?page=OMP.16.4.2" title="" onmouseover="return overlib('OMP.16.4.2 Phosphate-selective porin O & P');" onmouseout="return nd();" />
<area shape="circle" coords="222,408,10" href="/hhomp/browse?page=OMP.16.5.1" title="" onmouseover="return overlib('OMP.16.5.1 SomB-like (Cyanobacteria)');" onmouseout="return nd();" />
<area shape="circle" coords="356,146,10" href="/hhomp/browse?page=OMP.16.6.1" title="" onmouseover="return overlib('OMP.16.6.1 1H6S-like (Rhodobacteraceae) ');" onmouseout="return nd();" />
<area shape="circle" coords="726,221,10" href="/hhomp/browse?page=OMP.18.1.1" title="" onmouseover="return overlib('OMP.18.1.1 LamB-like');" onmouseout="return nd();" />
<area shape="circle" coords="723,225,10" href="/hhomp/browse?page=OMP.18.1.2" title="" onmouseover="return overlib('OMP.18.1.2 LamB-like');" onmouseout="return nd();" />
<area shape="circle" coords="729,226,10" href="/hhomp/browse?page=OMP.18.1.3" title="" onmouseover="return overlib('OMP.18.1.3 LamB-like (Vibrio)');" onmouseout="return nd();" />
<area shape="circle" coords="723,224,10" href="/hhomp/browse?page=OMP.18.1.4" title="" onmouseover="return overlib('OMP.18.1.4 LamB-like');" onmouseout="return nd();" />
<area shape="circle" coords="447,509,10" href="/hhomp/browse?page=OMP.22.1.1" title="" onmouseover="return overlib('OMP.22.1.1 FhuA-like');" onmouseout="return nd();" />
<area shape="circle" coords="434,517,10" href="/hhomp/browse?page=OMP.22.1.2" title="" onmouseover="return overlib('OMP.22.1.2 FhuA-like');" onmouseout="return nd();" />
<area shape="circle" coords="440,507,10" href="/hhomp/browse?page=OMP.22.1.3" title="" onmouseover="return overlib('OMP.22.1.3 FhuA-like');" onmouseout="return nd();" />
<area shape="circle" coords="439,511,10" href="/hhomp/browse?page=OMP.22.1.4" title="" onmouseover="return overlib('OMP.22.1.4 FhuA-like');" onmouseout="return nd();" />
<area shape="circle" coords="440,510,10" href="/hhomp/browse?page=OMP.22.1.5" title="" onmouseover="return overlib('OMP.22.1.5 FhuA-like');" onmouseout="return nd();" />
<area shape="circle" coords="429,513,10" href="/hhomp/browse?page=OMP.22.1.6" title="" onmouseover="return overlib('OMP.22.1.6 FhuA-like');" onmouseout="return nd();" />
<area shape="circle" coords="436,511,10" href="/hhomp/browse?page=OMP.22.1.7" title="" onmouseover="return overlib('OMP.22.1.7 FhuA-like');" onmouseout="return nd();" />
<area shape="circle" coords="491,404,10" href="/hhomp/browse?page=OMP.22.10.1" title="" onmouseover="return overlib('OMP.22.10.1 ');" onmouseout="return nd();" />
<area shape="circle" coords="485,402,10" href="/hhomp/browse?page=OMP.22.10.2" title="" onmouseover="return overlib('OMP.22.10.2');" onmouseout="return nd();" />
<area shape="circle" coords="449,410,10" href="/hhomp/browse?page=OMP.22.10.3" title="" onmouseover="return overlib('OMP.22.10.3');" onmouseout="return nd();" />
<area shape="circle" coords="477,385,10" href="/hhomp/browse?page=OMP.22.10.4" title="" onmouseover="return overlib('OMP.22.10.4');" onmouseout="return nd();" />
<area shape="circle" coords="474,395,10" href="/hhomp/browse?page=OMP.22.10.5" title="" onmouseover="return overlib('OMP.22.10.5');" onmouseout="return nd();" />
<area shape="circle" coords="475,391,10" href="/hhomp/browse?page=OMP.22.10.6" title="" onmouseover="return overlib('OMP.22.10.6');" onmouseout="return nd();" />
<area shape="circle" coords="422,471,10" href="/hhomp/browse?page=OMP.22.11.1" title="" onmouseover="return overlib('OMP.22.11.1');" onmouseout="return nd();" />
<area shape="circle" coords="412,478,10" href="/hhomp/browse?page=OMP.22.11.2" title="" onmouseover="return overlib('OMP.22.11.2');" onmouseout="return nd();" />
<area shape="circle" coords="413,480,10" href="/hhomp/browse?page=OMP.22.11.3" title="" onmouseover="return overlib('OMP.22.11.3');" onmouseout="return nd();" />
<area shape="circle" coords="424,474,10" href="/hhomp/browse?page=OMP.22.11.4" title="" onmouseover="return overlib('OMP.22.11.4');" onmouseout="return nd();" />
<area shape="circle" coords="504,441,10" href="/hhomp/browse?page=OMP.22.12.1" title="" onmouseover="return overlib('OMP.22.12.1');" onmouseout="return nd();" />
<area shape="circle" coords="485,462,10" href="/hhomp/browse?page=OMP.22.12.2" title="" onmouseover="return overlib('OMP.22.12.2');" onmouseout="return nd();" />
<area shape="circle" coords="457,420,10" href="/hhomp/browse?page=OMP.22.12.3" title="" onmouseover="return overlib('OMP.22.12.3');" onmouseout="return nd();" />
<area shape="circle" coords="469,551,10" href="/hhomp/browse?page=OMP.22.12.4" title="" onmouseover="return overlib('OMP.22.12.4');" onmouseout="return nd();" />
<area shape="circle" coords="477,400,10" href="/hhomp/browse?page=OMP.22.12.5" title="" onmouseover="return overlib('OMP.22.12.5');" onmouseout="return nd();" />
<area shape="circle" coords="427,425,10" href="/hhomp/browse?page=OMP.22.12.6" title="" onmouseover="return overlib('OMP.22.12.6');" onmouseout="return nd();" />
<area shape="circle" coords="456,519,10" href="/hhomp/browse?page=OMP.22.12.7" title="" onmouseover="return overlib('OMP.22.12.7');" onmouseout="return nd();" />
<area shape="circle" coords="463,493,10" href="/hhomp/browse?page=OMP.22.2.1" title="" onmouseover="return overlib('OMP.22.2.1 FhuA/FecA-like');" onmouseout="return nd();" />
<area shape="circle" coords="464,494,10" href="/hhomp/browse?page=OMP.22.2.2" title="" onmouseover="return overlib('OMP.22.2.2 FhuA/FecA-like');" onmouseout="return nd();" />
<area shape="circle" coords="456,501,10" href="/hhomp/browse?page=OMP.22.2.3" title="" onmouseover="return overlib('OMP.22.2.3 FhuA/FecA-like');" onmouseout="return nd();" />
<area shape="circle" coords="454,486,10" href="/hhomp/browse?page=OMP.22.2.4" title="" onmouseover="return overlib('OMP.22.2.4 FhuA/FecA-like');" onmouseout="return nd();" />
<area shape="circle" coords="456,486,10" href="/hhomp/browse?page=OMP.22.2.5" title="" onmouseover="return overlib('OMP.22.2.5 FhuA/FecA-like');" onmouseout="return nd();" />
<area shape="circle" coords="457,481,10" href="/hhomp/browse?page=OMP.22.2.6" title="" onmouseover="return overlib('OMP.22.2.6 FhuA/FecA-like ');" onmouseout="return nd();" />
<area shape="circle" coords="533,505,10" href="/hhomp/browse?page=OMP.22.3.1" title="" onmouseover="return overlib('OMP.22.3.1 FhuA/FecA-like');" onmouseout="return nd();" />
<area shape="circle" coords="543,502,10" href="/hhomp/browse?page=OMP.22.3.2" title="" onmouseover="return overlib('OMP.22.3.2 FhuA/FecA-like');" onmouseout="return nd();" />
<area shape="circle" coords="551,513,10" href="/hhomp/browse?page=OMP.22.3.3" title="" onmouseover="return overlib('OMP.22.3.3 FhuA/FecA-like');" onmouseout="return nd();" />
<area shape="circle" coords="545,509,10" href="/hhomp/browse?page=OMP.22.3.4" title="" onmouseover="return overlib('OMP.22.3.4 FhuA/FecA-like');" onmouseout="return nd();" />
<area shape="circle" coords="547,500,10" href="/hhomp/browse?page=OMP.22.3.5" title="" onmouseover="return overlib('OMP.22.3.5 FhuA/FecA-like');" onmouseout="return nd();" />
<area shape="circle" coords="532,501,10" href="/hhomp/browse?page=OMP.22.3.6" title="" onmouseover="return overlib('OMP.22.3.6 FhuA/FecA-like');" onmouseout="return nd();" />
<area shape="circle" coords="483,487,10" href="/hhomp/browse?page=OMP.22.3.7" title="" onmouseover="return overlib('OMP.22.3.7 FhuA/FecA-like');" onmouseout="return nd();" />
<area shape="circle" coords="450,477,10" href="/hhomp/browse?page=OMP.22.4.1" title="" onmouseover="return overlib('OMP.22.4.1 FecA-like');" onmouseout="return nd();" />
<area shape="circle" coords="452,485,10" href="/hhomp/browse?page=OMP.22.4.10" title="" onmouseover="return overlib('OMP.22.4.10 FecA-like');" onmouseout="return nd();" />
<area shape="circle" coords="449,475,10" href="/hhomp/browse?page=OMP.22.4.2" title="" onmouseover="return overlib('OMP.22.4.2 FecA-like');" onmouseout="return nd();" />
<area shape="circle" coords="448,491,10" href="/hhomp/browse?page=OMP.22.4.3" title="" onmouseover="return overlib('OMP.22.4.3 FecA-like');" onmouseout="return nd();" />
<area shape="circle" coords="449,475,10" href="/hhomp/browse?page=OMP.22.4.4" title="" onmouseover="return overlib('OMP.22.4.4 FecA-like');" onmouseout="return nd();" />
<area shape="circle" coords="451,479,10" href="/hhomp/browse?page=OMP.22.4.5" title="" onmouseover="return overlib('OMP.22.4.5 FecA-like');" onmouseout="return nd();" />
<area shape="circle" coords="423,479,10" href="/hhomp/browse?page=OMP.22.4.6" title="" onmouseover="return overlib('OMP.22.4.6 FecA-like');" onmouseout="return nd();" />
<area shape="circle" coords="431,477,10" href="/hhomp/browse?page=OMP.22.4.7" title="" onmouseover="return overlib('OMP.22.4.7 FecA-like');" onmouseout="return nd();" />
<area shape="circle" coords="430,478,10" href="/hhomp/browse?page=OMP.22.4.8" title="" onmouseover="return overlib('OMP.22.4.8 FecA-like');" onmouseout="return nd();" />
<area shape="circle" coords="459,478,10" href="/hhomp/browse?page=OMP.22.4.9" title="" onmouseover="return overlib('OMP.22.4.9 FecA-like');" onmouseout="return nd();" />
<area shape="circle" coords="466,475,10" href="/hhomp/browse?page=OMP.22.5.1" title="" onmouseover="return overlib('OMP.22.5.1 FecA-like');" onmouseout="return nd();" />
<area shape="circle" coords="470,478,10" href="/hhomp/browse?page=OMP.22.5.2" title="" onmouseover="return overlib('OMP.22.5.2 FecA-like');" onmouseout="return nd();" />
<area shape="circle" coords="440,370,10" href="/hhomp/browse?page=OMP.22.6.1" title="" onmouseover="return overlib('OMP.22.6.1 FepA-like');" onmouseout="return nd();" />
<area shape="circle" coords="427,369,10" href="/hhomp/browse?page=OMP.22.6.2" title="" onmouseover="return overlib('OMP.22.6.2 FepA-like');" onmouseout="return nd();" />
<area shape="circle" coords="421,363,10" href="/hhomp/browse?page=OMP.22.6.3" title="" onmouseover="return overlib('OMP.22.6.3 FepA-like');" onmouseout="return nd();" />
<area shape="circle" coords="539,392,10" href="/hhomp/browse?page=OMP.22.7.1" title="" onmouseover="return overlib('OMP.22.7.1 ');" onmouseout="return nd();" />
<area shape="circle" coords="543,393,10" href="/hhomp/browse?page=OMP.22.7.2" title="" onmouseover="return overlib('OMP.22.7.2');" onmouseout="return nd();" />
<area shape="circle" coords="462,461,10" href="/hhomp/browse?page=OMP.22.7.3" title="" onmouseover="return overlib('OMP.22.7.3');" onmouseout="return nd();" />
<area shape="circle" coords="462,453,10" href="/hhomp/browse?page=OMP.22.7.4" title="" onmouseover="return overlib('OMP.22.7.4');" onmouseout="return nd();" />
<area shape="circle" coords="462,458,10" href="/hhomp/browse?page=OMP.22.7.5" title="" onmouseover="return overlib('OMP.22.7.5');" onmouseout="return nd();" />
<area shape="circle" coords="397,486,10" href="/hhomp/browse?page=OMP.22.8.1" title="" onmouseover="return overlib('OMP.22.8.1 BtuB-like');" onmouseout="return nd();" />
<area shape="circle" coords="407,487,10" href="/hhomp/browse?page=OMP.22.8.2" title="" onmouseover="return overlib('OMP.22.8.2 BtuB-like');" onmouseout="return nd();" />
<area shape="circle" coords="404,483,10" href="/hhomp/browse?page=OMP.22.8.3" title="" onmouseover="return overlib('OMP.22.8.3 BtuB-like');" onmouseout="return nd();" />
<area shape="circle" coords="401,480,10" href="/hhomp/browse?page=OMP.22.8.4" title="" onmouseover="return overlib('OMP.22.8.4 BtuB-like');" onmouseout="return nd();" />
<area shape="circle" coords="430,474,10" href="/hhomp/browse?page=OMP.22.8.5" title="" onmouseover="return overlib('OMP.22.8.5 BtuB-like');" onmouseout="return nd();" />
<area shape="circle" coords="489,481,10" href="/hhomp/browse?page=OMP.22.9.1" title="" onmouseover="return overlib('OMP.22.9.1');" onmouseout="return nd();" />
<area shape="circle" coords="446,514,10" href="/hhomp/browse?page=OMP.22.9.2" title="" onmouseover="return overlib('OMP.22.9.2');" onmouseout="return nd();" />
<area shape="circle" coords="463,493,10" href="/hhomp/browse?page=OMP.22.9.3" title="" onmouseover="return overlib('OMP.22.9.3');" onmouseout="return nd();" />
<area shape="circle" coords="462,436,10" href="/hhomp/browse?page=OMP.22.9.4" title="" onmouseover="return overlib('OMP.22.9.4');" onmouseout="return nd();" />
<area shape="circle" coords="454,484,10" href="/hhomp/browse?page=OMP.22.9.5" title="" onmouseover="return overlib('OMP.22.9.5');" onmouseout="return nd();" />
<area shape="circle" coords="344,252,10" href="/hhomp/browse?page=OMP.8.1.1" title="" onmouseover="return overlib('OMP.8.1.1 OmpA-like');" onmouseout="return nd();" />
<area shape="circle" coords="347,242,10" href="/hhomp/browse?page=OMP.8.1.2" title="" onmouseover="return overlib('OMP.8.1.2 OmpA-like');" onmouseout="return nd();" />
<area shape="circle" coords="347,246,10" href="/hhomp/browse?page=OMP.8.1.3" title="" onmouseover="return overlib('OMP.8.1.3 OmpA-like (OprF)');" onmouseout="return nd();" />
<area shape="circle" coords="347,241,10" href="/hhomp/browse?page=OMP.8.1.4" title="" onmouseover="return overlib('OMP.8.1.4 OmpA-like & Thrombospondin');" onmouseout="return nd();" />
<area shape="circle" coords="337,259,10" href="/hhomp/browse?page=OMP.8.1.5" title="" onmouseover="return overlib('OMP.8.1.5 OmpA-like');" onmouseout="return nd();" />
<area shape="circle" coords="345,245,10" href="/hhomp/browse?page=OMP.8.1.6" title="" onmouseover="return overlib('OMP.8.1.6 OmpA-like & Thrombospondin (only d-Proteobacteria)');" onmouseout="return nd();" />
<area shape="circle" coords="341,243,10" href="/hhomp/browse?page=OMP.8.1.7" title="" onmouseover="return overlib('OMP.8.1.7 OmpA-like (only Bacteroidetes)');" onmouseout="return nd();" />
<area shape="circle" coords="342,259,10" href="/hhomp/browse?page=OMP.8.1.8" title="" onmouseover="return overlib('OMP.8.1.8 OmpA-like (Erwinia - Brenneria)');" onmouseout="return nd();" />
<area shape="circle" coords="349,247,10" href="/hhomp/browse?page=OMP.8.1.9" title="" onmouseover="return overlib('OMP.8.1.9 OmpA-like (only Shewanella)');" onmouseout="return nd();" />
<area shape="circle" coords="403,312,10" href="/hhomp/browse?page=OMP.8.2.1" title="" onmouseover="return overlib('OMP.8.2.1 OmpW');" onmouseout="return nd();" />
<area shape="circle" coords="408,316,10" href="/hhomp/browse?page=OMP.8.2.2" title="" onmouseover="return overlib('OMP.8.2.2 OmpW (b-Proteobacteria)');" onmouseout="return nd();" />
<area shape="circle" coords="382,291,10" href="/hhomp/browse?page=OMP.8.3.1" title="" onmouseover="return overlib('OMP.8.3.1 OmpX');" onmouseout="return nd();" />
<area shape="circle" coords="188,183,10" href="/hhomp/browse?page=OMP.8.4.1" title="" onmouseover="return overlib('OMP.8.4.1 PagL');" onmouseout="return nd();" />
<area shape="circle" coords="579,619,10" href="/hhomp/browse?page=OMP.8.5.1" title="" onmouseover="return overlib('OMP.8.5.1 PagP');" onmouseout="return nd();" />
<area shape="circle" coords="331,287,10" href="/hhomp/browse?page=OMP.8.6.1" title="" onmouseover="return overlib('OMP.8.6.1 NspA-like (only Neisseria)');" onmouseout="return nd();" />
<area shape="circle" coords="325,293,10" href="/hhomp/browse?page=OMP.8.6.2" title="" onmouseover="return overlib('OMP.8.6.2 NspA-like');" onmouseout="return nd();" />
<area shape="circle" coords="319,288,10" href="/hhomp/browse?page=OMP.8.6.3" title="" onmouseover="return overlib('OMP.8.6.3 NspA-like');" onmouseout="return nd();" />
<area shape="circle" coords="328,294,10" href="/hhomp/browse?page=OMP.8.6.4" title="" onmouseover="return overlib('OMP.8.6.4 NspA-like');" onmouseout="return nd();" />
<area shape="circle" coords="338,298,10" href="/hhomp/browse?page=OMP.8.6.5" title="" onmouseover="return overlib('OMP.8.6.5 NspA-like (only Rickettsia)');" onmouseout="return nd();" />
<area shape="circle" coords="311,296,10" href="/hhomp/browse?page=OMP.8.6.6" title="" onmouseover="return overlib('OMP.8.6.6 NspA-like (only Wolbachia)');" onmouseout="return nd();" />
<area shape="circle" coords="324,301,10" href="/hhomp/browse?page=OMP.8.7.1" title="" onmouseover="return overlib('OMP.8.7.1 (hemin binding)');" onmouseout="return nd();" />
<area shape="circle" coords="319,298,10" href="/hhomp/browse?page=OMP.8.7.2" title="" onmouseover="return overlib('OMP.8.7.2');" onmouseout="return nd();" />
<area shape="circle" coords="324,284,10" href="/hhomp/browse?page=OMP.8.7.3" title="" onmouseover="return overlib('OMP.8.7.3');" onmouseout="return nd();" />
<area shape="circle" coords="310,305,10" href="/hhomp/browse?page=OMP.8.7.4" title="" onmouseover="return overlib('OMP.8.7.4');" onmouseout="return nd();" />
<area shape="circle" coords="357,264,10" href="/hhomp/browse?page=OMP.8.8.1" title="" onmouseover="return overlib('OMP.8.8.1');" onmouseout="return nd();" />
<area shape="circle" coords="413,253,10" href="/hhomp/browse?page=OMP.8.9.1" title="" onmouseover="return overlib('OMP.8.9.1');" onmouseout="return nd();" />
<area shape="circle" coords="119,534,10" href="/hhomp/browse?page=OMP.hypo.1.1" title="" onmouseover="return overlib('OMP.hypo.1.1 (Chlorobium)');" onmouseout="return nd();" />
<area shape="circle" coords="136,537,10" href="/hhomp/browse?page=OMP.hypo.1.2" title="" onmouseover="return overlib('OMP.hypo.1.2');" onmouseout="return nd();" />
<area shape="circle" coords="459,230,10" href="/hhomp/browse?page=OMP.hypo.2.1" title="" onmouseover="return overlib('OMP.hypo.2.1');" onmouseout="return nd();" />
<area shape="circle" coords="206,482,10" href="/hhomp/browse?page=OMP.hypo.3.1" title="" onmouseover="return overlib('OMP.hypo.3.1');" onmouseout="return nd();" />
<area shape="circle" coords="240,466,10" href="/hhomp/browse?page=OMP.hypo.3.2" title="" onmouseover="return overlib('OMP.hypo.3.2');" onmouseout="return nd();" />
<area shape="circle" coords="479,277,10" href="/hhomp/browse?page=OMP.hypo.4.1" title="" onmouseover="return overlib('OMP.hypo.4.1');" onmouseout="return nd();" />
<area shape="circle" coords="458,219,10" href="/hhomp/browse?page=OMP.nn.1.1" title="" onmouseover="return overlib('OMP.nn.1.1 MspA-like');" onmouseout="return nd();" />
<area shape="circle" coords="464,199,10" href="/hhomp/browse?page=OMP.nn.1.2" title="" onmouseover="return overlib('OMP.nn.1.2 MspA-like');" onmouseout="return nd();" />
<area shape="circle" coords="281,241,10" href="/hhomp/browse?page=OMP.nn.10.1" title="" onmouseover="return overlib('OMP.nn.10.1 cellulose synthase operon');" onmouseout="return nd();" />
<area shape="circle" coords="433,234,10" href="/hhomp/browse?page=OMP.nn.10.2" title="" onmouseover="return overlib('OMP.nn.10.2 cellulose synthase operon');" onmouseout="return nd();" />
<area shape="circle" coords="456,204,10" href="/hhomp/browse?page=OMP.nn.10.3" title="" onmouseover="return overlib('OMP.nn.10.3 cellulose synthase operon');" onmouseout="return nd();" />
<area shape="circle" coords="106,400,10" href="/hhomp/browse?page=OMP.nn.11.1" title="" onmouseover="return overlib('OMP.nn.11.1 MltA-interacting MipA');" onmouseout="return nd();" />
<area shape="circle" coords="96,413,10" href="/hhomp/browse?page=OMP.nn.11.2" title="" onmouseover="return overlib('OMP.nn.11.2 MltA-interacting MipA');" onmouseout="return nd();" />
<area shape="circle" coords="82,407,10" href="/hhomp/browse?page=OMP.nn.11.3" title="" onmouseover="return overlib('OMP.nn.11.3 MltA-interacting MipA');" onmouseout="return nd();" />
<area shape="circle" coords="66,320,10" href="/hhomp/browse?page=OMP.nn.12.1" title="" onmouseover="return overlib('OMP.nn.12.1 AlgE');" onmouseout="return nd();" />
<area shape="circle" coords="307,297,10" href="/hhomp/browse?page=OMP.nn.13.1" title="" onmouseover="return overlib('OMP.nn.13.1 surface protein');" onmouseout="return nd();" />
<area shape="circle" coords="302,299,10" href="/hhomp/browse?page=OMP.nn.13.2" title="" onmouseover="return overlib('OMP.nn.13.2 surface protein');" onmouseout="return nd();" />
<area shape="circle" coords="584,123,10" href="/hhomp/browse?page=OMP.nn.14.1" title="" onmouseover="return overlib('OMP.nn.14.1 organic solvent tolerance');" onmouseout="return nd();" />
<area shape="circle" coords="593,114,10" href="/hhomp/browse?page=OMP.nn.14.2" title="" onmouseover="return overlib('OMP.nn.14.2 organic solvent tolerance');" onmouseout="return nd();" />
<area shape="circle" coords="598,115,10" href="/hhomp/browse?page=OMP.nn.14.3" title="" onmouseover="return overlib('OMP.nn.14.3 organic solvent tolerance');" onmouseout="return nd();" />
<area shape="circle" coords="599,134,10" href="/hhomp/browse?page=OMP.nn.14.4" title="" onmouseover="return overlib('OMP.nn.14.4 organic solvent tolerance');" onmouseout="return nd();" />
<area shape="circle" coords="367,225,10" href="/hhomp/browse?page=OMP.nn.15.1" title="" onmouseover="return overlib('OMP.nn.15.1 TraF');" onmouseout="return nd();" />
<area shape="circle" coords="97,324,10" href="/hhomp/browse?page=OMP.nn.16.1" title="" onmouseover="return overlib('OMP.nn.16.1');" onmouseout="return nd();" />
<area shape="circle" coords="78,334,10" href="/hhomp/browse?page=OMP.nn.16.2" title="" onmouseover="return overlib('OMP.nn.16.2');" onmouseout="return nd();" />
<area shape="circle" coords="100,339,10" href="/hhomp/browse?page=OMP.nn.16.3" title="" onmouseover="return overlib('OMP.nn.16.3');" onmouseout="return nd();" />
<area shape="circle" coords="128,392,10" href="/hhomp/browse?page=OMP.nn.17.1" title="" onmouseover="return overlib('OMP.nn.17.1');" onmouseout="return nd();" />
<area shape="circle" coords="120,378,10" href="/hhomp/browse?page=OMP.nn.17.2" title="" onmouseover="return overlib('OMP.nn.17.2');" onmouseout="return nd();" />
<area shape="circle" coords="145,380,10" href="/hhomp/browse?page=OMP.nn.17.3" title="" onmouseover="return overlib('OMP.nn.17.3 (Cyanobacterium)');" onmouseout="return nd();" />
<area shape="circle" coords="529,421,10" href="/hhomp/browse?page=OMP.nn.18.1" title="" onmouseover="return overlib('OMP.nn.18.1');" onmouseout="return nd();" />
<area shape="circle" coords="519,420,10" href="/hhomp/browse?page=OMP.nn.18.2" title="" onmouseover="return overlib('OMP.nn.18.2');" onmouseout="return nd();" />
<area shape="circle" coords="564,400,10" href="/hhomp/browse?page=OMP.nn.18.3" title="" onmouseover="return overlib('OMP.nn.18.3');" onmouseout="return nd();" />
<area shape="circle" coords="745,292,10" href="/hhomp/browse?page=OMP.nn.19.1" title="" onmouseover="return overlib('OMP.nn.19.1 (Helicobacter)');" onmouseout="return nd();" />
<area shape="circle" coords="730,294,10" href="/hhomp/browse?page=OMP.nn.19.2" title="" onmouseover="return overlib('OMP.nn.19.2 (Helicobacter)');" onmouseout="return nd();" />
<area shape="circle" coords="309,54,10" href="/hhomp/browse?page=OMP.nn.2.1" title="" onmouseover="return overlib('OMP.nn.2.1 usher protein');" onmouseout="return nd();" />
<area shape="circle" coords="313,50,10" href="/hhomp/browse?page=OMP.nn.2.2" title="" onmouseover="return overlib('OMP.nn.2.2 usher protein');" onmouseout="return nd();" />
<area shape="circle" coords="405,39,10" href="/hhomp/browse?page=OMP.nn.2.3" title="" onmouseover="return overlib('OMP.nn.2.3 usher protein');" onmouseout="return nd();" />
<area shape="circle" coords="372,415,10" href="/hhomp/browse?page=OMP.nn.20.1" title="" onmouseover="return overlib('OMP.nn.20.1');" onmouseout="return nd();" />
<area shape="circle" coords="363,437,10" href="/hhomp/browse?page=OMP.nn.20.2" title="" onmouseover="return overlib('OMP.nn.20.2');" onmouseout="return nd();" />
<area shape="circle" coords="100,277,10" href="/hhomp/browse?page=OMP.nn.21.1" title="" onmouseover="return overlib('OMP.nn.21.1');" onmouseout="return nd();" />
<area shape="circle" coords="426,157,10" href="/hhomp/browse?page=OMP.nn.22.1" title="" onmouseover="return overlib('OMP.nn.22.1');" onmouseout="return nd();" />
<area shape="circle" coords="246,391,10" href="/hhomp/browse?page=OMP.nn.23.1" title="" onmouseover="return overlib('OMP.nn.23.1');" onmouseout="return nd();" />
<area shape="circle" coords="205,289,10" href="/hhomp/browse?page=OMP.nn.24.1" title="" onmouseover="return overlib('OMP.nn.24.1');" onmouseout="return nd();" />
<area shape="circle" coords="188,117,10" href="/hhomp/browse?page=OMP.nn.25.1" title="" onmouseover="return overlib('OMP.nn.25.1 porT');" onmouseout="return nd();" />
<area shape="circle" coords="180,176,10" href="/hhomp/browse?page=OMP.nn.26.1" title="" onmouseover="return overlib('OMP.nn.26.1 PagL-like');" onmouseout="return nd();" />
<area shape="circle" coords="182,174,10" href="/hhomp/browse?page=OMP.nn.26.2" title="" onmouseover="return overlib('OMP.nn.26.2 PagL-like');" onmouseout="return nd();" />
<area shape="circle" coords="438,285,10" href="/hhomp/browse?page=OMP.nn.27.1" title="" onmouseover="return overlib('OMP.nn.27.1');" onmouseout="return nd();" />
<area shape="circle" coords="440,296,10" href="/hhomp/browse?page=OMP.nn.27.2" title="" onmouseover="return overlib('OMP.nn.27.2');" onmouseout="return nd();" />
<area shape="circle" coords="502,168,10" href="/hhomp/browse?page=OMP.nn.28.1" title="" onmouseover="return overlib('OMP.nn.28.1');" onmouseout="return nd();" />
<area shape="circle" coords="509,170,10" href="/hhomp/browse?page=OMP.nn.28.2" title="" onmouseover="return overlib('OMP.nn.28.2');" onmouseout="return nd();" />
<area shape="circle" coords="132,205,10" href="/hhomp/browse?page=OMP.nn.29.1" title="" onmouseover="return overlib('OMP.nn.29.1');" onmouseout="return nd();" />
<area shape="circle" coords="147,212,10" href="/hhomp/browse?page=OMP.nn.29.2" title="" onmouseover="return overlib('OMP.nn.29.2');" onmouseout="return nd();" />
<area shape="circle" coords="134,171,10" href="/hhomp/browse?page=OMP.nn.29.3" title="" onmouseover="return overlib('OMP.nn.29.3 (Chlorobium)');" onmouseout="return nd();" />
<area shape="circle" coords="283,180,10" href="/hhomp/browse?page=OMP.nn.3.1" title="" onmouseover="return overlib('OMP.nn.3.1 Omp85-like ');" onmouseout="return nd();" />
<area shape="circle" coords="290,167,10" href="/hhomp/browse?page=OMP.nn.3.2" title="" onmouseover="return overlib('OMP.nn.3.2 Omp85-like');" onmouseout="return nd();" />
<area shape="circle" coords="296,171,10" href="/hhomp/browse?page=OMP.nn.3.3" title="" onmouseover="return overlib('OMP.nn.3.3 Omp85-like ');" onmouseout="return nd();" />
<area shape="circle" coords="295,170,10" href="/hhomp/browse?page=OMP.nn.3.4" title="" onmouseover="return overlib('OMP.nn.3.4 Omp85-like ');" onmouseout="return nd();" />
<area shape="circle" coords="287,168,10" href="/hhomp/browse?page=OMP.nn.3.5" title="" onmouseover="return overlib('OMP.nn.3.5 Omp85-like ');" onmouseout="return nd();" />
<area shape="circle" coords="284,167,10" href="/hhomp/browse?page=OMP.nn.3.6" title="" onmouseover="return overlib('OMP.nn.3.6 Omp85-like ');" onmouseout="return nd();" />
<area shape="circle" coords="309,198,10" href="/hhomp/browse?page=OMP.nn.3.7" title="" onmouseover="return overlib('OMP.nn.3.7 Omp85-like patatin');" onmouseout="return nd();" />
<area shape="circle" coords="314,205,10" href="/hhomp/browse?page=OMP.nn.3.8" title="" onmouseover="return overlib('OMP.nn.3.8 Omp85-like patatin');" onmouseout="return nd();" />
<area shape="circle" coords="150,299,10" href="/hhomp/browse?page=OMP.nn.30.1" title="" onmouseover="return overlib('OMP.nn.30.1');" onmouseout="return nd();" />
<area shape="circle" coords="133,293,10" href="/hhomp/browse?page=OMP.nn.30.2" title="" onmouseover="return overlib('OMP.nn.30.2');" onmouseout="return nd();" />
<area shape="circle" coords="62,278,10" href="/hhomp/browse?page=OMP.nn.32.1" title="" onmouseover="return overlib('OMP.nn.32.1');" onmouseout="return nd();" />
<area shape="circle" coords="377,246,10" href="/hhomp/browse?page=OMP.nn.33.1" title="" onmouseover="return overlib('OMP.nn.33.1');" onmouseout="return nd();" />
<area shape="circle" coords="465,270,10" href="/hhomp/browse?page=OMP.nn.34.1" title="" onmouseover="return overlib('OMP.nn.34.1 (Vibrio)');" onmouseout="return nd();" />
<area shape="circle" coords="426,340,10" href="/hhomp/browse?page=OMP.nn.35.1" title="" onmouseover="return overlib('OMP.nn.35.1 (Camphylobacter)');" onmouseout="return nd();" />
<area shape="circle" coords="334,471,10" href="/hhomp/browse?page=OMP.nn.36.1" title="" onmouseover="return overlib('OMP.nn.36.1');" onmouseout="return nd();" />
<area shape="circle" coords="257,402,10" href="/hhomp/browse?page=OMP.nn.37.1" title="" onmouseover="return overlib('OMP.nn.37.1');" onmouseout="return nd();" />
<area shape="circle" coords="619,399,10" href="/hhomp/browse?page=OMP.nn.38.1" title="" onmouseover="return overlib('OMP.nn.38.1');" onmouseout="return nd();" />
<area shape="circle" coords="751,346,10" href="/hhomp/browse?page=OMP.nn.39.1" title="" onmouseover="return overlib('OMP.nn.39.1');" onmouseout="return nd();" />
<area shape="circle" coords="331,154,10" href="/hhomp/browse?page=OMP.nn.4.1" title="" onmouseover="return overlib('OMP.nn.4.1 Omp85-like');" onmouseout="return nd();" />
<area shape="circle" coords="329,149,10" href="/hhomp/browse?page=OMP.nn.4.2" title="" onmouseover="return overlib('OMP.nn.4.2 Omp85-like');" onmouseout="return nd();" />
<area shape="circle" coords="340,141,10" href="/hhomp/browse?page=OMP.nn.4.3" title="" onmouseover="return overlib('OMP.nn.4.3 Omp85-like');" onmouseout="return nd();" />
<area shape="circle" coords="586,164,10" href="/hhomp/browse?page=OMP.nn.40.1" title="" onmouseover="return overlib('OMP.nn.40.1');" onmouseout="return nd();" />
<area shape="circle" coords="703,214,10" href="/hhomp/browse?page=OMP.nn.41.1" title="" onmouseover="return overlib('OMP.nn.41.1');" onmouseout="return nd();" />
<area shape="circle" coords="172,371,10" href="/hhomp/browse?page=OMP.nn.42.1" title="" onmouseover="return overlib('OMP.nn.42.1');" onmouseout="return nd();" />
<area shape="circle" coords="142,470,10" href="/hhomp/browse?page=OMP.nn.43.1" title="" onmouseover="return overlib('OMP.nn.43.1');" onmouseout="return nd();" />
<area shape="circle" coords="347,223,10" href="/hhomp/browse?page=OMP.nn.44.1" title="" onmouseover="return overlib('OMP.nn.44.1');" onmouseout="return nd();" />
<area shape="circle" coords="443,159,10" href="/hhomp/browse?page=OMP.nn.45.1" title="" onmouseover="return overlib('OMP.nn.45.1');" onmouseout="return nd();" />
<area shape="circle" coords="550,297,10" href="/hhomp/browse?page=OMP.nn.46.1" title="" onmouseover="return overlib('OMP.nn.46.1 (Shewanella)');" onmouseout="return nd();" />
<area shape="circle" coords="712,297,10" href="/hhomp/browse?page=OMP.nn.47.1" title="" onmouseover="return overlib('OMP.nn.47.1');" onmouseout="return nd();" />
<area shape="circle" coords="630,209,10" href="/hhomp/browse?page=OMP.nn.48.1" title="" onmouseover="return overlib('OMP.nn.48.1');" onmouseout="return nd();" />
<area shape="circle" coords="528,61,10" href="/hhomp/browse?page=OMP.nn.49.1" title="" onmouseover="return overlib('OMP.nn.49.1');" onmouseout="return nd();" />
<area shape="circle" coords="269,121,10" href="/hhomp/browse?page=OMP.nn.5.1" title="" onmouseover="return overlib('OMP.nn.5.1 hemolysin activator');" onmouseout="return nd();" />
<area shape="circle" coords="270,128,10" href="/hhomp/browse?page=OMP.nn.5.2" title="" onmouseover="return overlib('OMP.nn.5.2 hemolysin activator');" onmouseout="return nd();" />
<area shape="circle" coords="274,127,10" href="/hhomp/browse?page=OMP.nn.5.3" title="" onmouseover="return overlib('OMP.nn.5.3 hemolysin activator');" onmouseout="return nd();" />
<area shape="circle" coords="274,131,10" href="/hhomp/browse?page=OMP.nn.5.4" title="" onmouseover="return overlib('OMP.nn.5.4 hemolysin activator');" onmouseout="return nd();" />
<area shape="circle" coords="266,129,10" href="/hhomp/browse?page=OMP.nn.5.5" title="" onmouseover="return overlib('OMP.nn.5.5 hemolysin activator');" onmouseout="return nd();" />
<area shape="circle" coords="229,347,10" href="/hhomp/browse?page=OMP.nn.50.1" title="" onmouseover="return overlib('OMP.nn.50.1');" onmouseout="return nd();" />
<area shape="circle" coords="672,223,10" href="/hhomp/browse?page=OMP.nn.51.1" title="" onmouseover="return overlib('OMP.nn.51.1');" onmouseout="return nd();" />
<area shape="circle" coords="274,157,10" href="/hhomp/browse?page=OMP.nn.52.1" title="" onmouseover="return overlib('OMP.nn.52.1 ');" onmouseout="return nd();" />
<area shape="circle" coords="451,185,10" href="/hhomp/browse?page=OMP.nn.53.1" title="" onmouseover="return overlib('OMP.nn.53.1 ');" onmouseout="return nd();" />
<area shape="circle" coords="368,124,10" href="/hhomp/browse?page=OMP.nn.54.1" title="" onmouseover="return overlib('OMP.nn.54.1 ');" onmouseout="return nd();" />
<area shape="circle" coords="365,123,10" href="/hhomp/browse?page=OMP.nn.55.1" title="" onmouseover="return overlib('OMP.nn.55.1 ');" onmouseout="return nd();" />
<area shape="circle" coords="205,269,10" href="/hhomp/browse?page=OMP.nn.56.1" title="" onmouseover="return overlib('OMP.nn.56.1 (Bacteroides)');" onmouseout="return nd();" />
<area shape="circle" coords="135,481,10" href="/hhomp/browse?page=OMP.nn.57.1" title="" onmouseover="return overlib('OMP.nn.57.1');" onmouseout="return nd();" />
<area shape="circle" coords="211,396,10" href="/hhomp/browse?page=OMP.nn.58.1" title="" onmouseover="return overlib('OMP.nn.58.1');" onmouseout="return nd();" />
<area shape="circle" coords="237,320,10" href="/hhomp/browse?page=OMP.nn.59.1" title="" onmouseover="return overlib('OMP.nn.59.1');" onmouseout="return nd();" />
<area shape="circle" coords="117,188,10" href="/hhomp/browse?page=OMP.nn.6.1" title="" onmouseover="return overlib('OMP.nn.6.1 copper resistant');" onmouseout="return nd();" />
<area shape="circle" coords="322,413,10" href="/hhomp/browse?page=OMP.nn.60.1" title="" onmouseover="return overlib('OMP.nn.60.1');" onmouseout="return nd();" />
<area shape="circle" coords="453,165,10" href="/hhomp/browse?page=OMP.nn.61.1" title="" onmouseover="return overlib('OMP.nn.61.1');" onmouseout="return nd();" />
<area shape="circle" coords="330,395,10" href="/hhomp/browse?page=OMP.nn.63.1" title="" onmouseover="return overlib('OMP.nn.63.1 (Shewanella)');" onmouseout="return nd();" />
<area shape="circle" coords="435,110,10" href="/hhomp/browse?page=OMP.nn.64.1" title="" onmouseover="return overlib('OMP.nn.64.1');" onmouseout="return nd();" />
<area shape="circle" coords="305,162,10" href="/hhomp/browse?page=OMP.nn.65.1" title="" onmouseover="return overlib('OMP.nn.65.1');" onmouseout="return nd();" />
<area shape="circle" coords="352,76,10" href="/hhomp/browse?page=OMP.nn.66.1" title="" onmouseover="return overlib('OMP.nn.66.1 (Rickettsiella)');" onmouseout="return nd();" />
<area shape="circle" coords="160,321,10" href="/hhomp/browse?page=OMP.nn.67.1" title="" onmouseover="return overlib('OMP.nn.67.1');" onmouseout="return nd();" />
<area shape="circle" coords="184,332,10" href="/hhomp/browse?page=OMP.nn.68.1" title="" onmouseover="return overlib('OMP.nn.68.1');" onmouseout="return nd();" />
<area shape="circle" coords="146,302,10" href="/hhomp/browse?page=OMP.nn.69.1" title="" onmouseover="return overlib('OMP.nn.69.1');" onmouseout="return nd();" />
<area shape="circle" coords="306,305,10" href="/hhomp/browse?page=OMP.nn.7.1" title="" onmouseover="return overlib('OMP.nn.7.1 OprB');" onmouseout="return nd();" />
<area shape="circle" coords="290,313,10" href="/hhomp/browse?page=OMP.nn.7.2" title="" onmouseover="return overlib('OMP.nn.7.2 OprB');" onmouseout="return nd();" />
<area shape="circle" coords="187,355,10" href="/hhomp/browse?page=OMP.nn.7.3" title="" onmouseover="return overlib('OMP.nn.7.3 OprB');" onmouseout="return nd();" />
<area shape="circle" coords="131,318,10" href="/hhomp/browse?page=OMP.nn.70.1" title="" onmouseover="return overlib('OMP.nn.70.1 (Burkholderia)');" onmouseout="return nd();" />
<area shape="circle" coords="100,185,10" href="/hhomp/browse?page=OMP.nn.71.1" title="" onmouseover="return overlib('OMP.nn.71.1');" onmouseout="return nd();" />
<area shape="circle" coords="224,236,10" href="/hhomp/browse?page=OMP.nn.72.1" title="" onmouseover="return overlib('OMP.nn.72.1 (Cyanobacterium)');" onmouseout="return nd();" />
<area shape="circle" coords="163,297,10" href="/hhomp/browse?page=OMP.nn.73.1" title="" onmouseover="return overlib('OMP.nn.73.1');" onmouseout="return nd();" />
<area shape="circle" coords="183,277,10" href="/hhomp/browse?page=OMP.nn.74.1" title="" onmouseover="return overlib('OMP.nn.74.1');" onmouseout="return nd();" />
<area shape="circle" coords="137,262,10" href="/hhomp/browse?page=OMP.nn.75.1" title="" onmouseover="return overlib('OMP.nn.75.1');" onmouseout="return nd();" />
<area shape="circle" coords="111,411,10" href="/hhomp/browse?page=OMP.nn.76.1" title="" onmouseover="return overlib('OMP.nn.76.1');" onmouseout="return nd();" />
<area shape="circle" coords="146,333,10" href="/hhomp/browse?page=OMP.nn.77.1" title="" onmouseover="return overlib('OMP.nn.77.1 (Francisella)');" onmouseout="return nd();" />
<area shape="circle" coords="235,151,10" href="/hhomp/browse?page=OMP.nn.78.1" title="" onmouseover="return overlib('OMP.nn.78.1');" onmouseout="return nd();" />
<area shape="circle" coords="317,129,10" href="/hhomp/browse?page=OMP.nn.79.1" title="" onmouseover="return overlib('OMP.nn.79.1');" onmouseout="return nd();" />
<area shape="circle" coords="413,90,10" href="/hhomp/browse?page=OMP.nn.8.1" title="" onmouseover="return overlib('OMP.nn.8.1 trimeric autotransporter (YadA-like) ');" onmouseout="return nd();" />
<area shape="circle" coords="411,202,10" href="/hhomp/browse?page=OMP.nn.80.1" title="" onmouseover="return overlib('OMP.nn.80.1');" onmouseout="return nd();" />
<area shape="circle" coords="599,114,10" href="/hhomp/browse?page=OMP.nn.81.1" title="" onmouseover="return overlib('OMP.nn.81.1');" onmouseout="return nd();" />
<area shape="circle" coords="399,347,10" href="/hhomp/browse?page=OMP.nn.82.1" title="" onmouseover="return overlib('OMP.nn.82.1 (Orientia)');" onmouseout="return nd();" />
<area shape="circle" coords="375,481,10" href="/hhomp/browse?page=OMP.nn.83.1" title="" onmouseover="return overlib('OMP.nn.83.1');" onmouseout="return nd();" />
<area shape="circle" coords="386,236,10" href="/hhomp/browse?page=OMP.nn.84.1" title="" onmouseover="return overlib('OMP.nn.84.1 (vibrio)');" onmouseout="return nd();" />
<area shape="circle" coords="452,69,10" href="/hhomp/browse?page=OMP.nn.85.1" title="" onmouseover="return overlib('OMP.nn.85.1 (Lawsonia)');" onmouseout="return nd();" />
<area shape="circle" coords="567,248,10" href="/hhomp/browse?page=OMP.nn.86.1" title="" onmouseover="return overlib('OMP.nn.86.1 (Campylobacter)');" onmouseout="return nd();" />
<area shape="circle" coords="424,483,10" href="/hhomp/browse?page=OMP.nn.87.1" title="" onmouseover="return overlib('OMP.nn.87.1');" onmouseout="return nd();" />
<area shape="circle" coords="705,342,10" href="/hhomp/browse?page=OMP.nn.88.1" title="" onmouseover="return overlib('OMP.nn.88.1');" onmouseout="return nd();" />
<area shape="circle" coords="632,163,10" href="/hhomp/browse?page=OMP.nn.89.1" title="" onmouseover="return overlib('OMP.nn.89.1');" onmouseout="return nd();" />
<area shape="circle" coords="245,411,10" href="/hhomp/browse?page=OMP.nn.9.1" title="" onmouseover="return overlib('OMP.nn.9.1 OprD');" onmouseout="return nd();" />
<area shape="circle" coords="590,302,10" href="/hhomp/browse?page=OMP.nn.90.1" title="" onmouseover="return overlib('OMP.nn.90.1');" onmouseout="return nd();" />
<area shape="circle" coords="560,505,10" href="/hhomp/browse?page=OMP.nn.91.1" title="" onmouseover="return overlib('OMP.nn.91.1');" onmouseout="return nd();" />
<area shape="circle" coords="273,258,10" href="/hhomp/browse?page=OMP.nn.92.1" title="" onmouseover="return overlib('OMP.nn.92.1');" onmouseout="return nd();" />
<area shape="circle" coords="313,270,10" href="/hhomp/browse?page=OMP.nn.93.1" title="" onmouseover="return overlib('OMP.nn.93.1');" onmouseout="return nd();" />
<area shape="circle" coords="308,274,10" href="/hhomp/browse?page=OMP.nn.94.1" title="" onmouseover="return overlib('OMP.nn.94.1');" onmouseout="return nd();" />
<area shape="circle" coords="309,278,10" href="/hhomp/browse?page=OMP.nn.95.1" title="" onmouseover="return overlib('OMP.nn.95.1');" onmouseout="return nd();" />
<area shape="circle" coords="310,273,10" href="/hhomp/browse?page=OMP.nn.96.1" title="" onmouseover="return overlib('OMP.nn.96.1');" onmouseout="return nd();" />
<area shape="circle" coords="582,157,10" href="/hhomp/browse?page=OMP.nn.97.1" title="" onmouseover="return overlib('OMP.nn.97.1');" onmouseout="return nd();" />
<area shape="circle" coords="331,233,10" href="/hhomp/browse?page=OMP.nn.98.1" title="" onmouseover="return overlib('OMP.nn.98.1');" onmouseout="return nd();" />
<area shape="circle" coords="141,93,10" href="/hhomp/browse?page=TolC.1" title="" onmouseover="return overlib('TolC.1');" onmouseout="return nd();" />
<area shape="circle" coords="109,119,10" href="/hhomp/browse?page=TolC.2" title="" onmouseover="return overlib('TolC.2');" onmouseout="return nd();" />
<area shape="circle" coords="111,128,10" href="/hhomp/browse?page=TolC.3" title="" onmouseover="return overlib('TolC.3');" onmouseout="return nd();" />
<area shape="circle" coords="114,80,10" href="/hhomp/browse?page=TolC.4" title="" onmouseover="return overlib('TolC.4');" onmouseout="return nd();" />
<area shape="circle" coords="139,72,10" href="/hhomp/browse?page=TolC.5" title="" onmouseover="return overlib('TolC.5');" onmouseout="return nd();" />
<area shape="circle" coords="117,72,10" href="/hhomp/browse?page=TolC.6" title="" onmouseover="return overlib('TolC.6');" onmouseout="return nd();" />
<area shape="circle" coords="113,91,10" href="/hhomp/browse?page=TolC.7" title="" onmouseover="return overlib('TolC.7');" onmouseout="return nd();" />
<area shape="circle" coords="116,61,10" href="/hhomp/browse?page=TolC.8" title="" onmouseover="return overlib('TolC.8');" onmouseout="return nd();" />
<area shape="circle" coords="751,569,10" href="/hhomp/browse?page=Wza.1" title="" onmouseover="return overlib('Wza.1');" onmouseout="return nd();" />
<area shape="circle" coords="736,564,10" href="/hhomp/browse?page=Wza.2" title="" onmouseover="return overlib('Wza.2');" onmouseout="return nd();" />
<area shape="circle" coords="758,582,10" href="/hhomp/browse?page=Wza.3" title="" onmouseover="return overlib('Wza.3');" onmouseout="return nd();" />
