<area shape="circle" coords="148,251,10" href="/hhomp/browse?page=OMP.10.1.1" title="" onmouseover="return overlib('OMP.10.1.1 OmpT');" onmouseout="return nd();" />
<area shape="circle" coords="498,91,10" href="/hhomp/browse?page=OMP.10.2.1" title="" onmouseover="return overlib('OMP.10.2.1 OpcA (Neisseria)');" onmouseout="return nd();" />
<area shape="circle" coords="396,108,10" href="/hhomp/browse?page=OMP.12.1.1" title="" onmouseover="return overlib('OMP.12.1.1 Autotransporter');" onmouseout="return nd();" />
<area shape="circle" coords="398,110,10" href="/hhomp/browse?page=OMP.12.1.2" title="" onmouseover="return overlib('OMP.12.1.2 Autotransporter');" onmouseout="return nd();" />
<area shape="circle" coords="378,109,10" href="/hhomp/browse?page=OMP.12.1.3" title="" onmouseover="return overlib('OMP.12.1.3 Autotransporter (Pseudomonas)');" onmouseout="return nd();" />
<area shape="circle" coords="382,101,10" href="/hhomp/browse?page=OMP.12.1.4" title="" onmouseover="return overlib('OMP.12.1.4 Autotransporter');" onmouseout="return nd();" />
<area shape="circle" coords="378,106,10" href="/hhomp/browse?page=OMP.12.1.5" title="" onmouseover="return overlib('OMP.12.1.5 Autotransporter');" onmouseout="return nd();" />
<area shape="circle" coords="389,104,10" href="/hhomp/browse?page=OMP.12.1.6" title="" onmouseover="return overlib('OMP.12.1.6 Autotransporter');" onmouseout="return nd();" />
<area shape="circle" coords="382,99,10" href="/hhomp/browse?page=OMP.12.1.7" title="" onmouseover="return overlib('OMP.12.1.7 Autotransporter');" onmouseout="return nd();" />
<area shape="circle" coords="371,93,10" href="/hhomp/browse?page=OMP.12.2.1" title="" onmouseover="return overlib('OMP.12.2.1 Autotransporter');" onmouseout="return nd();" />
<area shape="circle" coords="390,107,10" href="/hhomp/browse?page=OMP.12.2.2" title="" onmouseover="return overlib('OMP.12.2.2 Autotransporter');" onmouseout="return nd();" />
<area shape="circle" coords="382,91,10" href="/hhomp/browse?page=OMP.12.2.3" title="" onmouseover="return overlib('OMP.12.2.3 Autotransporter (Bartonella)');" onmouseout="return nd();" />
<area shape="circle" coords="372,90,10" href="/hhomp/browse?page=OMP.12.2.4" title="" onmouseover="return overlib('OMP.12.2.4 Autotransporter (Fusobacterium)');" onmouseout="return nd();" />
<area shape="circle" coords="356,58,10" href="/hhomp/browse?page=OMP.12.2.5" title="" onmouseover="return overlib('OMP.12.2.5 Autotransporter (Chlamydophila)');" onmouseout="return nd();" />
<area shape="circle" coords="365,100,10" href="/hhomp/browse?page=OMP.12.2.6" title="" onmouseover="return overlib('OMP.12.2.6 Autotransporter (Rickettsia)');" onmouseout="return nd();" />
<area shape="circle" coords="364,99,10" href="/hhomp/browse?page=OMP.12.2.7" title="" onmouseover="return overlib('OMP.12.2.7 Autotransporter (Rickettsia)');" onmouseout="return nd();" />
<area shape="circle" coords="357,84,10" href="/hhomp/browse?page=OMP.12.2.8" title="" onmouseover="return overlib('OMP.12.2.8 Autotransporter (Helicobacter)');" onmouseout="return nd();" />
<area shape="circle" coords="358,98,10" href="/hhomp/browse?page=OMP.12.3.1" title="" onmouseover="return overlib('OMP.12.3.1 Autotransporter (Rickettsia)');" onmouseout="return nd();" />
<area shape="circle" coords="360,100,10" href="/hhomp/browse?page=OMP.12.3.2" title="" onmouseover="return overlib('OMP.12.3.2 Autotransporter (Rickettsia) ');" onmouseout="return nd();" />
<area shape="circle" coords="420,89,10" href="/hhomp/browse?page=OMP.12.4.1" title="" onmouseover="return overlib('OMP.12.4.1 Autotransporter');" onmouseout="return nd();" />
<area shape="circle" coords="702,116,10" href="/hhomp/browse?page=OMP.12.5.1" title="" onmouseover="return overlib('OMP.12.5.1 Tsx-like');" onmouseout="return nd();" />
<area shape="circle" coords="706,118,10" href="/hhomp/browse?page=OMP.12.5.2" title="" onmouseover="return overlib('OMP.12.5.2 Tsx-like');" onmouseout="return nd();" />
<area shape="circle" coords="714,121,10" href="/hhomp/browse?page=OMP.12.5.3" title="" onmouseover="return overlib('OMP.12.5.3 Tsx-like');" onmouseout="return nd();" />
<area shape="circle" coords="701,141,10" href="/hhomp/browse?page=OMP.12.5.4" title="" onmouseover="return overlib('OMP.12.5.4 Tsx-like');" onmouseout="return nd();" />
<area shape="circle" coords="111,409,10" href="/hhomp/browse?page=OMP.12.6.1" title="" onmouseover="return overlib('OMP.12.6.1 OmpLA-like');" onmouseout="return nd();" />
<area shape="circle" coords="605,274,10" href="/hhomp/browse?page=OMP.14.1.1" title="" onmouseover="return overlib('OMP.14.1.1 FadL-like');" onmouseout="return nd();" />
<area shape="circle" coords="649,248,10" href="/hhomp/browse?page=OMP.14.1.10" title="" onmouseover="return overlib('OMP.14.1.10 FadL-like ');" onmouseout="return nd();" />
<area shape="circle" coords="611,284,10" href="/hhomp/browse?page=OMP.14.1.2" title="" onmouseover="return overlib('OMP.14.1.2 FadL-like ');" onmouseout="return nd();" />
<area shape="circle" coords="610,268,10" href="/hhomp/browse?page=OMP.14.1.3" title="" onmouseover="return overlib('OMP.14.1.3 FadL-like ');" onmouseout="return nd();" />
<area shape="circle" coords="608,285,10" href="/hhomp/browse?page=OMP.14.1.4" title="" onmouseover="return overlib('OMP.14.1.4 FadL-like ');" onmouseout="return nd();" />
<area shape="circle" coords="612,276,10" href="/hhomp/browse?page=OMP.14.1.5" title="" onmouseover="return overlib('OMP.14.1.5 FadL-like ');" onmouseout="return nd();" />
<area shape="circle" coords="665,271,10" href="/hhomp/browse?page=OMP.14.1.6" title="" onmouseover="return overlib('OMP.14.1.6 FadL-like ');" onmouseout="return nd();" />
<area shape="circle" coords="612,275,10" href="/hhomp/browse?page=OMP.14.1.7" title="" onmouseover="return overlib('OMP.14.1.7 FadL-like ');" onmouseout="return nd();" />
<area shape="circle" coords="638,242,10" href="/hhomp/browse?page=OMP.14.1.8" title="" onmouseover="return overlib('OMP.14.1.8 FadL-like ');" onmouseout="return nd();" />
<area shape="circle" coords="697,279,10" href="/hhomp/browse?page=OMP.14.1.9" title="" onmouseover="return overlib('OMP.14.1.9 FadL-like ');" onmouseout="return nd();" />
<area shape="circle" coords="259,331,10" href="/hhomp/browse?page=OMP.14.2.1" title="" onmouseover="return overlib('OMP.14.2.1 OmpG-like');" onmouseout="return nd();" />
<area shape="circle" coords="533,175,10" href="/hhomp/browse?page=OMP.16.1.1" title="" onmouseover="return overlib('OMP.16.1.1 PhoE-like');" onmouseout="return nd();" />
<area shape="circle" coords="536,174,10" href="/hhomp/browse?page=OMP.16.1.2" title="" onmouseover="return overlib('OMP.16.1.2 PhoE-like');" onmouseout="return nd();" />
<area shape="circle" coords="534,170,10" href="/hhomp/browse?page=OMP.16.1.3" title="" onmouseover="return overlib('OMP.16.1.3 PhoE-like (Shewanella)');" onmouseout="return nd();" />
<area shape="circle" coords="552,149,10" href="/hhomp/browse?page=OMP.16.2.1" title="" onmouseover="return overlib('OMP.16.2.1 Porin (b-Proteobacteria)');" onmouseout="return nd();" />
<area shape="circle" coords="562,150,10" href="/hhomp/browse?page=OMP.16.2.2" title="" onmouseover="return overlib('OMP.16.2.2 Porin (b-Proteobacteria)');" onmouseout="return nd();" />
<area shape="circle" coords="553,152,10" href="/hhomp/browse?page=OMP.16.2.3" title="" onmouseover="return overlib('OMP.16.2.3 Porin (b-Proteobacteria)');" onmouseout="return nd();" />
<area shape="circle" coords="559,150,10" href="/hhomp/browse?page=OMP.16.2.4" title="" onmouseover="return overlib('OMP.16.2.4 Porin');" onmouseout="return nd();" />
<area shape="circle" coords="563,156,10" href="/hhomp/browse?page=OMP.16.2.5" title="" onmouseover="return overlib('OMP.16.2.5 Porin (b-Proteobacteria)');" onmouseout="return nd();" />
<area shape="circle" coords="562,162,10" href="/hhomp/browse?page=OMP.16.2.6" title="" onmouseover="return overlib('OMP.16.2.6 Porin');" onmouseout="return nd();" />
<area shape="circle" coords="542,170,10" href="/hhomp/browse?page=OMP.16.2.7" title="" onmouseover="return overlib('OMP.16.2.7 Porin (Shewanella)');" onmouseout="return nd();" />
<area shape="circle" coords="557,165,10" href="/hhomp/browse?page=OMP.16.2.8" title="" onmouseover="return overlib('OMP.16.2.8 Porin (Shewanella)');" onmouseout="return nd();" />
<area shape="circle" coords="569,160,10" href="/hhomp/browse?page=OMP.16.2.9" title="" onmouseover="return overlib('OMP.16.2.9 Porin (Neisseria)');" onmouseout="return nd();" />
<area shape="circle" coords="524,168,10" href="/hhomp/browse?page=OMP.16.3.1" title="" onmouseover="return overlib('OMP.16.3.1 (Haemophilus)');" onmouseout="return nd();" />
<area shape="circle" coords="534,165,10" href="/hhomp/browse?page=OMP.16.3.2" title="" onmouseover="return overlib('OMP.16.3.2');" onmouseout="return nd();" />
<area shape="circle" coords="535,236,10" href="/hhomp/browse?page=OMP.16.4.1" title="" onmouseover="return overlib('OMP.16.4.1 Phosphate-selective porin O & P');" onmouseout="return nd();" />
<area shape="circle" coords="690,218,10" href="/hhomp/browse?page=OMP.16.4.2" title="" onmouseover="return overlib('OMP.16.4.2 Phosphate-selective porin O & P');" onmouseout="return nd();" />
<area shape="circle" coords="184,346,10" href="/hhomp/browse?page=OMP.16.5.1" title="" onmouseover="return overlib('OMP.16.5.1 SomB-like (Cyanobacteria)');" onmouseout="return nd();" />
<area shape="circle" coords="406,158,10" href="/hhomp/browse?page=OMP.16.6.1" title="" onmouseover="return overlib('OMP.16.6.1 1H6S-like (Rhodobacteraceae) ');" onmouseout="return nd();" />
<area shape="circle" coords="745,200,10" href="/hhomp/browse?page=OMP.18.1.1" title="" onmouseover="return overlib('OMP.18.1.1 LamB-like');" onmouseout="return nd();" />
<area shape="circle" coords="743,203,10" href="/hhomp/browse?page=OMP.18.1.2" title="" onmouseover="return overlib('OMP.18.1.2 LamB-like');" onmouseout="return nd();" />
<area shape="circle" coords="748,205,10" href="/hhomp/browse?page=OMP.18.1.3" title="" onmouseover="return overlib('OMP.18.1.3 LamB-like (Vibrio)');" onmouseout="return nd();" />
<area shape="circle" coords="742,202,10" href="/hhomp/browse?page=OMP.18.1.4" title="" onmouseover="return overlib('OMP.18.1.4 LamB-like');" onmouseout="return nd();" />
<area shape="circle" coords="482,451,10" href="/hhomp/browse?page=OMP.22.1.1" title="" onmouseover="return overlib('OMP.22.1.1 FhuA-like');" onmouseout="return nd();" />
<area shape="circle" coords="477,465,10" href="/hhomp/browse?page=OMP.22.1.2" title="" onmouseover="return overlib('OMP.22.1.2 FhuA-like');" onmouseout="return nd();" />
<area shape="circle" coords="470,455,10" href="/hhomp/browse?page=OMP.22.1.3" title="" onmouseover="return overlib('OMP.22.1.3 FhuA-like');" onmouseout="return nd();" />
<area shape="circle" coords="478,456,10" href="/hhomp/browse?page=OMP.22.1.4" title="" onmouseover="return overlib('OMP.22.1.4 FhuA-like');" onmouseout="return nd();" />
<area shape="circle" coords="476,455,10" href="/hhomp/browse?page=OMP.22.1.5" title="" onmouseover="return overlib('OMP.22.1.5 FhuA-like');" onmouseout="return nd();" />
<area shape="circle" coords="470,461,10" href="/hhomp/browse?page=OMP.22.1.6" title="" onmouseover="return overlib('OMP.22.1.6 FhuA-like');" onmouseout="return nd();" />
<area shape="circle" coords="475,459,10" href="/hhomp/browse?page=OMP.22.1.7" title="" onmouseover="return overlib('OMP.22.1.7 FhuA-like');" onmouseout="return nd();" />
<area shape="circle" coords="502,361,10" href="/hhomp/browse?page=OMP.22.10.1" title="" onmouseover="return overlib('OMP.22.10.1 ');" onmouseout="return nd();" />
<area shape="circle" coords="496,360,10" href="/hhomp/browse?page=OMP.22.10.2" title="" onmouseover="return overlib('OMP.22.10.2');" onmouseout="return nd();" />
<area shape="circle" coords="460,372,10" href="/hhomp/browse?page=OMP.22.10.3" title="" onmouseover="return overlib('OMP.22.10.3');" onmouseout="return nd();" />
<area shape="circle" coords="489,346,10" href="/hhomp/browse?page=OMP.22.10.4" title="" onmouseover="return overlib('OMP.22.10.4');" onmouseout="return nd();" />
<area shape="circle" coords="483,354,10" href="/hhomp/browse?page=OMP.22.10.5" title="" onmouseover="return overlib('OMP.22.10.5');" onmouseout="return nd();" />
<area shape="circle" coords="486,350,10" href="/hhomp/browse?page=OMP.22.10.6" title="" onmouseover="return overlib('OMP.22.10.6');" onmouseout="return nd();" />
<area shape="circle" coords="436,407,10" href="/hhomp/browse?page=OMP.22.11.1" title="" onmouseover="return overlib('OMP.22.11.1');" onmouseout="return nd();" />
<area shape="circle" coords="428,420,10" href="/hhomp/browse?page=OMP.22.11.2" title="" onmouseover="return overlib('OMP.22.11.2');" onmouseout="return nd();" />
<area shape="circle" coords="429,415,10" href="/hhomp/browse?page=OMP.22.11.3" title="" onmouseover="return overlib('OMP.22.11.3');" onmouseout="return nd();" />
<area shape="circle" coords="436,411,10" href="/hhomp/browse?page=OMP.22.11.4" title="" onmouseover="return overlib('OMP.22.11.4');" onmouseout="return nd();" />
<area shape="circle" coords="515,392,10" href="/hhomp/browse?page=OMP.22.12.1" title="" onmouseover="return overlib('OMP.22.12.1');" onmouseout="return nd();" />
<area shape="circle" coords="499,406,10" href="/hhomp/browse?page=OMP.22.12.2" title="" onmouseover="return overlib('OMP.22.12.2');" onmouseout="return nd();" />
<area shape="circle" coords="451,366,10" href="/hhomp/browse?page=OMP.22.12.3" title="" onmouseover="return overlib('OMP.22.12.3');" onmouseout="return nd();" />
<area shape="circle" coords="451,486,10" href="/hhomp/browse?page=OMP.22.12.4" title="" onmouseover="return overlib('OMP.22.12.4');" onmouseout="return nd();" />
<area shape="circle" coords="472,345,10" href="/hhomp/browse?page=OMP.22.12.5" title="" onmouseover="return overlib('OMP.22.12.5');" onmouseout="return nd();" />
<area shape="circle" coords="421,368,10" href="/hhomp/browse?page=OMP.22.12.6" title="" onmouseover="return overlib('OMP.22.12.6');" onmouseout="return nd();" />
<area shape="circle" coords="496,463,10" href="/hhomp/browse?page=OMP.22.12.7" title="" onmouseover="return overlib('OMP.22.12.7');" onmouseout="return nd();" />
<area shape="circle" coords="495,441,10" href="/hhomp/browse?page=OMP.22.2.1" title="" onmouseover="return overlib('OMP.22.2.1 FhuA/FecA-like');" onmouseout="return nd();" />
<area shape="circle" coords="484,431,10" href="/hhomp/browse?page=OMP.22.2.2" title="" onmouseover="return overlib('OMP.22.2.2 FhuA/FecA-like');" onmouseout="return nd();" />
<area shape="circle" coords="475,434,10" href="/hhomp/browse?page=OMP.22.2.3" title="" onmouseover="return overlib('OMP.22.2.3 FhuA/FecA-like');" onmouseout="return nd();" />
<area shape="circle" coords="476,427,10" href="/hhomp/browse?page=OMP.22.2.4" title="" onmouseover="return overlib('OMP.22.2.4 FhuA/FecA-like');" onmouseout="return nd();" />
<area shape="circle" coords="464,423,10" href="/hhomp/browse?page=OMP.22.2.5" title="" onmouseover="return overlib('OMP.22.2.5 FhuA/FecA-like');" onmouseout="return nd();" />
<area shape="circle" coords="486,424,10" href="/hhomp/browse?page=OMP.22.2.6" title="" onmouseover="return overlib('OMP.22.2.6 FhuA/FecA-like ');" onmouseout="return nd();" />
<area shape="circle" coords="561,448,10" href="/hhomp/browse?page=OMP.22.3.1" title="" onmouseover="return overlib('OMP.22.3.1 FhuA/FecA-like');" onmouseout="return nd();" />
<area shape="circle" coords="570,444,10" href="/hhomp/browse?page=OMP.22.3.2" title="" onmouseover="return overlib('OMP.22.3.2 FhuA/FecA-like');" onmouseout="return nd();" />
<area shape="circle" coords="577,452,10" href="/hhomp/browse?page=OMP.22.3.3" title="" onmouseover="return overlib('OMP.22.3.3 FhuA/FecA-like');" onmouseout="return nd();" />
<area shape="circle" coords="571,448,10" href="/hhomp/browse?page=OMP.22.3.4" title="" onmouseover="return overlib('OMP.22.3.4 FhuA/FecA-like');" onmouseout="return nd();" />
<area shape="circle" coords="571,441,10" href="/hhomp/browse?page=OMP.22.3.5" title="" onmouseover="return overlib('OMP.22.3.5 FhuA/FecA-like');" onmouseout="return nd();" />
<area shape="circle" coords="557,443,10" href="/hhomp/browse?page=OMP.22.3.6" title="" onmouseover="return overlib('OMP.22.3.6 FhuA/FecA-like');" onmouseout="return nd();" />
<area shape="circle" coords="503,429,10" href="/hhomp/browse?page=OMP.22.3.7" title="" onmouseover="return overlib('OMP.22.3.7 FhuA/FecA-like');" onmouseout="return nd();" />
<area shape="circle" coords="466,415,10" href="/hhomp/browse?page=OMP.22.4.1" title="" onmouseover="return overlib('OMP.22.4.1 BtuB-like');" onmouseout="return nd();" />
<area shape="circle" coords="372,443,10" href="/hhomp/browse?page=OMP.22.4.10" title="" onmouseover="return overlib('OMP.22.4.10 BtuB-like');" onmouseout="return nd();" />
<area shape="circle" coords="451,413,10" href="/hhomp/browse?page=OMP.22.4.2" title="" onmouseover="return overlib('OMP.22.4.2 BtuB-like');" onmouseout="return nd();" />
<area shape="circle" coords="458,425,10" href="/hhomp/browse?page=OMP.22.4.3" title="" onmouseover="return overlib('OMP.22.4.3 BtuB-like');" onmouseout="return nd();" />
<area shape="circle" coords="454,412,10" href="/hhomp/browse?page=OMP.22.4.4" title="" onmouseover="return overlib('OMP.22.4.4 BtuB-like');" onmouseout="return nd();" />
<area shape="circle" coords="458,412,10" href="/hhomp/browse?page=OMP.22.4.5" title="" onmouseover="return overlib('OMP.22.4.5 BtuB-like');" onmouseout="return nd();" />
<area shape="circle" coords="436,414,10" href="/hhomp/browse?page=OMP.22.4.6" title="" onmouseover="return overlib('OMP.22.4.6 BtuB-like');" onmouseout="return nd();" />
<area shape="circle" coords="442,412,10" href="/hhomp/browse?page=OMP.22.4.7" title="" onmouseover="return overlib('OMP.22.4.7 BtuB-like');" onmouseout="return nd();" />
<area shape="circle" coords="441,409,10" href="/hhomp/browse?page=OMP.22.4.8" title="" onmouseover="return overlib('OMP.22.4.8 BtuB-like');" onmouseout="return nd();" />
<area shape="circle" coords="384,437,10" href="/hhomp/browse?page=OMP.22.4.9" title="" onmouseover="return overlib('OMP.22.4.9 BtuB-like');" onmouseout="return nd();" />
<area shape="circle" coords="470,411,10" href="/hhomp/browse?page=OMP.22.5.1" title="" onmouseover="return overlib('OMP.22.5.1');" onmouseout="return nd();" />
<area shape="circle" coords="476,413,10" href="/hhomp/browse?page=OMP.22.5.2" title="" onmouseover="return overlib('OMP.22.5.2');" onmouseout="return nd();" />
<area shape="circle" coords="449,330,10" href="/hhomp/browse?page=OMP.22.6.1" title="" onmouseover="return overlib('OMP.22.6.1');" onmouseout="return nd();" />
<area shape="circle" coords="437,328,10" href="/hhomp/browse?page=OMP.22.6.2" title="" onmouseover="return overlib('OMP.22.6.2');" onmouseout="return nd();" />
<area shape="circle" coords="431,323,10" href="/hhomp/browse?page=OMP.22.6.3" title="" onmouseover="return overlib('OMP.22.6.3');" onmouseout="return nd();" />
<area shape="circle" coords="542,347,10" href="/hhomp/browse?page=OMP.22.7.1" title="" onmouseover="return overlib('OMP.22.7.1 ');" onmouseout="return nd();" />
<area shape="circle" coords="544,350,10" href="/hhomp/browse?page=OMP.22.7.2" title="" onmouseover="return overlib('OMP.22.7.2');" onmouseout="return nd();" />
<area shape="circle" coords="470,400,10" href="/hhomp/browse?page=OMP.22.7.3" title="" onmouseover="return overlib('OMP.22.7.3');" onmouseout="return nd();" />
<area shape="circle" coords="468,392,10" href="/hhomp/browse?page=OMP.22.7.4" title="" onmouseover="return overlib('OMP.22.7.4');" onmouseout="return nd();" />
<area shape="circle" coords="466,397,10" href="/hhomp/browse?page=OMP.22.7.5" title="" onmouseover="return overlib('OMP.22.7.5');" onmouseout="return nd();" />
<area shape="circle" coords="410,398,10" href="/hhomp/browse?page=OMP.22.8.1" title="" onmouseover="return overlib('OMP.22.8.1');" onmouseout="return nd();" />
<area shape="circle" coords="423,405,10" href="/hhomp/browse?page=OMP.22.8.2" title="" onmouseover="return overlib('OMP.22.8.2');" onmouseout="return nd();" />
<area shape="circle" coords="422,402,10" href="/hhomp/browse?page=OMP.22.8.3" title="" onmouseover="return overlib('OMP.22.8.3');" onmouseout="return nd();" />
<area shape="circle" coords="416,395,10" href="/hhomp/browse?page=OMP.22.8.4" title="" onmouseover="return overlib('OMP.22.8.4');" onmouseout="return nd();" />
<area shape="circle" coords="439,403,10" href="/hhomp/browse?page=OMP.22.8.5" title="" onmouseover="return overlib('OMP.22.8.5');" onmouseout="return nd();" />
<area shape="circle" coords="503,416,10" href="/hhomp/browse?page=OMP.22.9.1" title="" onmouseover="return overlib('OMP.22.9.1');" onmouseout="return nd();" />
<area shape="circle" coords="485,457,10" href="/hhomp/browse?page=OMP.22.9.2" title="" onmouseover="return overlib('OMP.22.9.2');" onmouseout="return nd();" />
<area shape="circle" coords="478,431,10" href="/hhomp/browse?page=OMP.22.9.3" title="" onmouseover="return overlib('OMP.22.9.3');" onmouseout="return nd();" />
<area shape="circle" coords="478,388,10" href="/hhomp/browse?page=OMP.22.9.4" title="" onmouseover="return overlib('OMP.22.9.4');" onmouseout="return nd();" />
<area shape="circle" coords="458,418,10" href="/hhomp/browse?page=OMP.22.9.5" title="" onmouseover="return overlib('OMP.22.9.5');" onmouseout="return nd();" />
<area shape="circle" coords="337,224,10" href="/hhomp/browse?page=OMP.8.1.1" title="" onmouseover="return overlib('OMP.8.1.1 OmpA-like');" onmouseout="return nd();" />
<area shape="circle" coords="335,219,10" href="/hhomp/browse?page=OMP.8.1.2" title="" onmouseover="return overlib('OMP.8.1.2 OmpA-like');" onmouseout="return nd();" />
<area shape="circle" coords="337,221,10" href="/hhomp/browse?page=OMP.8.1.3" title="" onmouseover="return overlib('OMP.8.1.3 OmpA-like (OprF)');" onmouseout="return nd();" />
<area shape="circle" coords="337,217,10" href="/hhomp/browse?page=OMP.8.1.4" title="" onmouseover="return overlib('OMP.8.1.4 OmpA-like');" onmouseout="return nd();" />
<area shape="circle" coords="322,229,10" href="/hhomp/browse?page=OMP.8.1.5" title="" onmouseover="return overlib('OMP.8.1.5 OmpA-like');" onmouseout="return nd();" />
<area shape="circle" coords="339,220,10" href="/hhomp/browse?page=OMP.8.1.6" title="" onmouseover="return overlib('OMP.8.1.6 OmpA-like (only d-Proteobacteria)');" onmouseout="return nd();" />
<area shape="circle" coords="331,217,10" href="/hhomp/browse?page=OMP.8.1.7" title="" onmouseover="return overlib('OMP.8.1.7 OmpA-like (only Bacteroidetes)');" onmouseout="return nd();" />
<area shape="circle" coords="340,221,10" href="/hhomp/browse?page=OMP.8.1.9" title="" onmouseover="return overlib('OMP.8.1.9 OmpA-like (only Shewanella)');" onmouseout="return nd();" />
<area shape="circle" coords="374,252,10" href="/hhomp/browse?page=OMP.8.2.1" title="" onmouseover="return overlib('OMP.8.2.1 OmpW');" onmouseout="return nd();" />
<area shape="circle" coords="379,256,10" href="/hhomp/browse?page=OMP.8.2.2" title="" onmouseover="return overlib('OMP.8.2.2 OmpW (b-Proteobacteria)');" onmouseout="return nd();" />
<area shape="circle" coords="403,235,10" href="/hhomp/browse?page=OMP.8.3.1" title="" onmouseover="return overlib('OMP.8.3.1 OmpX');" onmouseout="return nd();" />
<area shape="circle" coords="136,167,10" href="/hhomp/browse?page=OMP.8.4.1" title="" onmouseover="return overlib('OMP.8.4.1 PagL');" onmouseout="return nd();" />
<area shape="circle" coords="609,536,10" href="/hhomp/browse?page=OMP.8.5.1" title="" onmouseover="return overlib('OMP.8.5.1 PagP');" onmouseout="return nd();" />
<area shape="circle" coords="306,243,10" href="/hhomp/browse?page=OMP.8.6.1" title="" onmouseover="return overlib('OMP.8.6.1 NspA-like (only Neisseria)');" onmouseout="return nd();" />
<area shape="circle" coords="293,251,10" href="/hhomp/browse?page=OMP.8.6.2" title="" onmouseover="return overlib('OMP.8.6.2 NspA-like');" onmouseout="return nd();" />
<area shape="circle" coords="288,248,10" href="/hhomp/browse?page=OMP.8.6.3" title="" onmouseover="return overlib('OMP.8.6.3 NspA-like');" onmouseout="return nd();" />
<area shape="circle" coords="299,251,10" href="/hhomp/browse?page=OMP.8.6.4" title="" onmouseover="return overlib('OMP.8.6.4 NspA-like');" onmouseout="return nd();" />
<area shape="circle" coords="299,253,10" href="/hhomp/browse?page=OMP.8.6.5" title="" onmouseover="return overlib('OMP.8.6.5 NspA-like (only Rickettsia)');" onmouseout="return nd();" />
<area shape="circle" coords="269,256,10" href="/hhomp/browse?page=OMP.8.6.6" title="" onmouseover="return overlib('OMP.8.6.6 NspA-like (only Wolbachia)');" onmouseout="return nd();" />
<area shape="circle" coords="332,260,10" href="/hhomp/browse?page=OMP.8.7.1" title="" onmouseover="return overlib('OMP.8.7.1 (hemin binding)');" onmouseout="return nd();" />
<area shape="circle" coords="325,258,10" href="/hhomp/browse?page=OMP.8.7.2" title="" onmouseover="return overlib('OMP.8.7.2');" onmouseout="return nd();" />
<area shape="circle" coords="332,245,10" href="/hhomp/browse?page=OMP.8.7.3" title="" onmouseover="return overlib('OMP.8.7.3');" onmouseout="return nd();" />
<area shape="circle" coords="321,266,10" href="/hhomp/browse?page=OMP.8.7.4" title="" onmouseover="return overlib('OMP.8.7.4');" onmouseout="return nd();" />
<area shape="circle" coords="357,228,10" href="/hhomp/browse?page=OMP.8.8.1" title="" onmouseover="return overlib('OMP.8.8.1');" onmouseout="return nd();" />
<area shape="circle" coords="442,203,10" href="/hhomp/browse?page=OMP.8.9.1" title="" onmouseover="return overlib('OMP.8.9.1');" onmouseout="return nd();" />
<area shape="circle" coords="129,449,10" href="/hhomp/browse?page=OMP.hypo.1.1" title="" onmouseover="return overlib('OMP.hypo.1.1 (Chlorobium)');" onmouseout="return nd();" />
<area shape="circle" coords="146,453,10" href="/hhomp/browse?page=OMP.hypo.1.2" title="" onmouseover="return overlib('OMP.hypo.1.2');" onmouseout="return nd();" />
<area shape="circle" coords="411,204,10" href="/hhomp/browse?page=OMP.hypo.2.1" title="" onmouseover="return overlib('OMP.hypo.2.1');" onmouseout="return nd();" />
<area shape="circle" coords="205,426,10" href="/hhomp/browse?page=OMP.hypo.3.1" title="" onmouseover="return overlib('OMP.hypo.3.1');" onmouseout="return nd();" />
<area shape="circle" coords="239,411,10" href="/hhomp/browse?page=OMP.hypo.3.2" title="" onmouseover="return overlib('OMP.hypo.3.2');" onmouseout="return nd();" />
<area shape="circle" coords="553,228,10" href="/hhomp/browse?page=OMP.hypo.4.1" title="" onmouseover="return overlib('OMP.hypo.4.1');" onmouseout="return nd();" />
<area shape="circle" coords="469,170,10" href="/hhomp/browse?page=OMP.nn.1.1" title="" onmouseover="return overlib('OMP.nn.1.1 MspA-like');" onmouseout="return nd();" />
<area shape="circle" coords="474,152,10" href="/hhomp/browse?page=OMP.nn.1.2" title="" onmouseover="return overlib('OMP.nn.1.2 MspA-like');" onmouseout="return nd();" />
<area shape="circle" coords="302,194,10" href="/hhomp/browse?page=OMP.nn.10.1" title="" onmouseover="return overlib('OMP.nn.10.1 cellulose synthase operon');" onmouseout="return nd();" />
<area shape="circle" coords="396,204,10" href="/hhomp/browse?page=OMP.nn.10.2" title="" onmouseover="return overlib('OMP.nn.10.2 cellulose synthase operon');" onmouseout="return nd();" />
<area shape="circle" coords="418,181,10" href="/hhomp/browse?page=OMP.nn.10.3" title="" onmouseover="return overlib('OMP.nn.10.3 cellulose synthase operon');" onmouseout="return nd();" />
<area shape="circle" coords="95,354,10" href="/hhomp/browse?page=OMP.nn.11.1" title="" onmouseover="return overlib('OMP.nn.11.1 MltA-interacting MipA');" onmouseout="return nd();" />
<area shape="circle" coords="88,363,10" href="/hhomp/browse?page=OMP.nn.11.2" title="" onmouseover="return overlib('OMP.nn.11.2 MltA-interacting MipA');" onmouseout="return nd();" />
<area shape="circle" coords="74,358,10" href="/hhomp/browse?page=OMP.nn.11.3" title="" onmouseover="return overlib('OMP.nn.11.3 MltA-interacting MipA');" onmouseout="return nd();" />
<area shape="circle" coords="49,271,10" href="/hhomp/browse?page=OMP.nn.12.1" title="" onmouseover="return overlib('OMP.nn.12.1 AlgE');" onmouseout="return nd();" />
<area shape="circle" coords="260,259,10" href="/hhomp/browse?page=OMP.nn.13.1" title="" onmouseover="return overlib('OMP.nn.13.1 surface protein');" onmouseout="return nd();" />
<area shape="circle" coords="257,258,10" href="/hhomp/browse?page=OMP.nn.13.2" title="" onmouseover="return overlib('OMP.nn.13.2 surface protein');" onmouseout="return nd();" />
<area shape="circle" coords="614,81,10" href="/hhomp/browse?page=OMP.nn.14.1" title="" onmouseover="return overlib('OMP.nn.14.1 organic solvent tolerance');" onmouseout="return nd();" />
<area shape="circle" coords="631,81,10" href="/hhomp/browse?page=OMP.nn.14.2" title="" onmouseover="return overlib('OMP.nn.14.2 organic solvent tolerance');" onmouseout="return nd();" />
<area shape="circle" coords="634,84,10" href="/hhomp/browse?page=OMP.nn.14.3" title="" onmouseover="return overlib('OMP.nn.14.3 organic solvent tolerance');" onmouseout="return nd();" />
<area shape="circle" coords="635,98,10" href="/hhomp/browse?page=OMP.nn.14.4" title="" onmouseover="return overlib('OMP.nn.14.4 organic solvent tolerance');" onmouseout="return nd();" />
<area shape="circle" coords="467,194,10" href="/hhomp/browse?page=OMP.nn.15.1" title="" onmouseover="return overlib('OMP.nn.15.1 TraF');" onmouseout="return nd();" />
<area shape="circle" coords="81,284,10" href="/hhomp/browse?page=OMP.nn.16.1" title="" onmouseover="return overlib('OMP.nn.16.1');" onmouseout="return nd();" />
<area shape="circle" coords="60,294,10" href="/hhomp/browse?page=OMP.nn.16.2" title="" onmouseover="return overlib('OMP.nn.16.2');" onmouseout="return nd();" />
<area shape="circle" coords="84,303,10" href="/hhomp/browse?page=OMP.nn.16.3" title="" onmouseover="return overlib('OMP.nn.16.3');" onmouseout="return nd();" />
<area shape="circle" coords="116,340,10" href="/hhomp/browse?page=OMP.nn.17.1" title="" onmouseover="return overlib('OMP.nn.17.1');" onmouseout="return nd();" />
<area shape="circle" coords="102,330,10" href="/hhomp/browse?page=OMP.nn.17.2" title="" onmouseover="return overlib('OMP.nn.17.2');" onmouseout="return nd();" />
<area shape="circle" coords="136,334,10" href="/hhomp/browse?page=OMP.nn.17.3" title="" onmouseover="return overlib('OMP.nn.17.3 (Cyanobacterium)');" onmouseout="return nd();" />
<area shape="circle" coords="650,332,10" href="/hhomp/browse?page=OMP.nn.18.1" title="" onmouseover="return overlib('OMP.nn.18.1');" onmouseout="return nd();" />
<area shape="circle" coords="641,332,10" href="/hhomp/browse?page=OMP.nn.18.2" title="" onmouseover="return overlib('OMP.nn.18.2');" onmouseout="return nd();" />
<area shape="circle" coords="667,322,10" href="/hhomp/browse?page=OMP.nn.18.3" title="" onmouseover="return overlib('OMP.nn.18.3');" onmouseout="return nd();" />
<area shape="circle" coords="749,255,10" href="/hhomp/browse?page=OMP.nn.19.1" title="" onmouseover="return overlib('OMP.nn.19.1 (Helicobacter)');" onmouseout="return nd();" />
<area shape="circle" coords="733,256,10" href="/hhomp/browse?page=OMP.nn.19.2" title="" onmouseover="return overlib('OMP.nn.19.2 (Helicobacter)');" onmouseout="return nd();" />
<area shape="circle" coords="301,35,10" href="/hhomp/browse?page=OMP.nn.2.1" title="" onmouseover="return overlib('OMP.nn.2.1 usher protein');" onmouseout="return nd();" />
<area shape="circle" coords="304,31,10" href="/hhomp/browse?page=OMP.nn.2.2" title="" onmouseover="return overlib('OMP.nn.2.2 usher protein');" onmouseout="return nd();" />
<area shape="circle" coords="400,33,10" href="/hhomp/browse?page=OMP.nn.2.3" title="" onmouseover="return overlib('OMP.nn.2.3 usher protein');" onmouseout="return nd();" />
<area shape="circle" coords="299,329,10" href="/hhomp/browse?page=OMP.nn.20.1" title="" onmouseover="return overlib('OMP.nn.20.1');" onmouseout="return nd();" />
<area shape="circle" coords="274,353,10" href="/hhomp/browse?page=OMP.nn.20.2" title="" onmouseover="return overlib('OMP.nn.20.2');" onmouseout="return nd();" />
<area shape="circle" coords="72,250,10" href="/hhomp/browse?page=OMP.nn.21.1" title="" onmouseover="return overlib('OMP.nn.21.1');" onmouseout="return nd();" />
<area shape="circle" coords="468,135,10" href="/hhomp/browse?page=OMP.nn.22.1" title="" onmouseover="return overlib('OMP.nn.22.1');" onmouseout="return nd();" />
<area shape="circle" coords="281,320,10" href="/hhomp/browse?page=OMP.nn.23.1" title="" onmouseover="return overlib('OMP.nn.23.1');" onmouseout="return nd();" />
<area shape="circle" coords="196,262,10" href="/hhomp/browse?page=OMP.nn.24.1" title="" onmouseover="return overlib('OMP.nn.24.1');" onmouseout="return nd();" />
<area shape="circle" coords="138,121,10" href="/hhomp/browse?page=OMP.nn.25.1" title="" onmouseover="return overlib('OMP.nn.25.1 porT');" onmouseout="return nd();" />
<area shape="circle" coords="126,158,10" href="/hhomp/browse?page=OMP.nn.26.1" title="" onmouseover="return overlib('OMP.nn.26.1 PagL-like');" onmouseout="return nd();" />
<area shape="circle" coords="127,155,10" href="/hhomp/browse?page=OMP.nn.26.2" title="" onmouseover="return overlib('OMP.nn.26.2 PagL-like');" onmouseout="return nd();" />
<area shape="circle" coords="479,222,10" href="/hhomp/browse?page=OMP.nn.27.1" title="" onmouseover="return overlib('OMP.nn.27.1');" onmouseout="return nd();" />
<area shape="circle" coords="488,231,10" href="/hhomp/browse?page=OMP.nn.27.2" title="" onmouseover="return overlib('OMP.nn.27.2');" onmouseout="return nd();" />
<area shape="circle" coords="492,111,10" href="/hhomp/browse?page=OMP.nn.28.1" title="" onmouseover="return overlib('OMP.nn.28.1');" onmouseout="return nd();" />
<area shape="circle" coords="499,109,10" href="/hhomp/browse?page=OMP.nn.28.2" title="" onmouseover="return overlib('OMP.nn.28.2');" onmouseout="return nd();" />
<area shape="circle" coords="107,207,10" href="/hhomp/browse?page=OMP.nn.29.1" title="" onmouseover="return overlib('OMP.nn.29.1');" onmouseout="return nd();" />
<area shape="circle" coords="124,211,10" href="/hhomp/browse?page=OMP.nn.29.2" title="" onmouseover="return overlib('OMP.nn.29.2');" onmouseout="return nd();" />
<area shape="circle" coords="104,187,10" href="/hhomp/browse?page=OMP.nn.29.3" title="" onmouseover="return overlib('OMP.nn.29.3 (Chlorobium)');" onmouseout="return nd();" />
<area shape="circle" coords="218,135,10" href="/hhomp/browse?page=OMP.nn.3.1" title="" onmouseover="return overlib('OMP.nn.3.1 Omp85-like ');" onmouseout="return nd();" />
<area shape="circle" coords="227,127,10" href="/hhomp/browse?page=OMP.nn.3.2" title="" onmouseover="return overlib('OMP.nn.3.2 Omp85-like');" onmouseout="return nd();" />
<area shape="circle" coords="238,133,10" href="/hhomp/browse?page=OMP.nn.3.3" title="" onmouseover="return overlib('OMP.nn.3.3 Omp85-like ');" onmouseout="return nd();" />
<area shape="circle" coords="235,131,10" href="/hhomp/browse?page=OMP.nn.3.4" title="" onmouseover="return overlib('OMP.nn.3.4 Omp85-like ');" onmouseout="return nd();" />
<area shape="circle" coords="235,127,10" href="/hhomp/browse?page=OMP.nn.3.5" title="" onmouseover="return overlib('OMP.nn.3.5 Omp85-like ');" onmouseout="return nd();" />
<area shape="circle" coords="235,124,10" href="/hhomp/browse?page=OMP.nn.3.6" title="" onmouseover="return overlib('OMP.nn.3.6 Omp85-like ');" onmouseout="return nd();" />
<area shape="circle" coords="248,149,10" href="/hhomp/browse?page=OMP.nn.3.7" title="" onmouseover="return overlib('OMP.nn.3.7 Omp85-like patatin');" onmouseout="return nd();" />
<area shape="circle" coords="255,153,10" href="/hhomp/browse?page=OMP.nn.3.8" title="" onmouseover="return overlib('OMP.nn.3.8 Omp85-like patatin');" onmouseout="return nd();" />
<area shape="circle" coords="103,260,10" href="/hhomp/browse?page=OMP.nn.30.1" title="" onmouseover="return overlib('OMP.nn.30.1');" onmouseout="return nd();" />
<area shape="circle" coords="85,255,10" href="/hhomp/browse?page=OMP.nn.30.2" title="" onmouseover="return overlib('OMP.nn.30.2');" onmouseout="return nd();" />
<area shape="circle" coords="338,230,10" href="/hhomp/browse?page=OMP.nn.31.1" title="" onmouseover="return overlib('OMP.nn.31.1 (Erwinia - Brenneria)');" onmouseout="return nd();" />
<area shape="circle" coords="57,253,10" href="/hhomp/browse?page=OMP.nn.32.1" title="" onmouseover="return overlib('OMP.nn.32.1');" onmouseout="return nd();" />
<area shape="circle" coords="373,217,10" href="/hhomp/browse?page=OMP.nn.33.1" title="" onmouseover="return overlib('OMP.nn.33.1');" onmouseout="return nd();" />
<area shape="circle" coords="453,232,10" href="/hhomp/browse?page=OMP.nn.34.1" title="" onmouseover="return overlib('OMP.nn.34.1 (Vibrio)');" onmouseout="return nd();" />
<area shape="circle" coords="396,267,10" href="/hhomp/browse?page=OMP.nn.35.1" title="" onmouseover="return overlib('OMP.nn.35.1 (Camphylobacter)');" onmouseout="return nd();" />
<area shape="circle" coords="261,391,10" href="/hhomp/browse?page=OMP.nn.36.1" title="" onmouseover="return overlib('OMP.nn.36.1');" onmouseout="return nd();" />
<area shape="circle" coords="211,371,10" href="/hhomp/browse?page=OMP.nn.37.1" title="" onmouseover="return overlib('OMP.nn.37.1');" onmouseout="return nd();" />
<area shape="circle" coords="721,334,10" href="/hhomp/browse?page=OMP.nn.38.1" title="" onmouseover="return overlib('OMP.nn.38.1');" onmouseout="return nd();" />
<area shape="circle" coords="757,296,10" href="/hhomp/browse?page=OMP.nn.39.1" title="" onmouseover="return overlib('OMP.nn.39.1');" onmouseout="return nd();" />
<area shape="circle" coords="271,134,10" href="/hhomp/browse?page=OMP.nn.4.1" title="" onmouseover="return overlib('OMP.nn.4.1 Omp85-like');" onmouseout="return nd();" />
<area shape="circle" coords="274,126,10" href="/hhomp/browse?page=OMP.nn.4.2" title="" onmouseover="return overlib('OMP.nn.4.2 Omp85-like');" onmouseout="return nd();" />
<area shape="circle" coords="283,128,10" href="/hhomp/browse?page=OMP.nn.4.3" title="" onmouseover="return overlib('OMP.nn.4.3 Omp85-like');" onmouseout="return nd();" />
<area shape="circle" coords="654,162,10" href="/hhomp/browse?page=OMP.nn.40.1" title="" onmouseover="return overlib('OMP.nn.40.1');" onmouseout="return nd();" />
<area shape="circle" coords="718,193,10" href="/hhomp/browse?page=OMP.nn.41.1" title="" onmouseover="return overlib('OMP.nn.41.1');" onmouseout="return nd();" />
<area shape="circle" coords="162,324,10" href="/hhomp/browse?page=OMP.nn.42.1" title="" onmouseover="return overlib('OMP.nn.42.1');" onmouseout="return nd();" />
<area shape="circle" coords="145,427,10" href="/hhomp/browse?page=OMP.nn.43.1" title="" onmouseover="return overlib('OMP.nn.43.1');" onmouseout="return nd();" />
<area shape="circle" coords="354,204,10" href="/hhomp/browse?page=OMP.nn.44.1" title="" onmouseover="return overlib('OMP.nn.44.1');" onmouseout="return nd();" />
<area shape="circle" coords="501,137,10" href="/hhomp/browse?page=OMP.nn.45.1" title="" onmouseover="return overlib('OMP.nn.45.1');" onmouseout="return nd();" />
<area shape="circle" coords="531,258,10" href="/hhomp/browse?page=OMP.nn.46.1" title="" onmouseover="return overlib('OMP.nn.46.1 (Shewanella)');" onmouseout="return nd();" />
<area shape="circle" coords="705,268,10" href="/hhomp/browse?page=OMP.nn.47.1" title="" onmouseover="return overlib('OMP.nn.47.1');" onmouseout="return nd();" />
<area shape="circle" coords="664,187,10" href="/hhomp/browse?page=OMP.nn.48.1" title="" onmouseover="return overlib('OMP.nn.48.1');" onmouseout="return nd();" />
<area shape="circle" coords="518,61,10" href="/hhomp/browse?page=OMP.nn.49.1" title="" onmouseover="return overlib('OMP.nn.49.1');" onmouseout="return nd();" />
<area shape="circle" coords="226,86,10" href="/hhomp/browse?page=OMP.nn.5.1" title="" onmouseover="return overlib('OMP.nn.5.1 two partner secretion');" onmouseout="return nd();" />
<area shape="circle" coords="225,91,10" href="/hhomp/browse?page=OMP.nn.5.2" title="" onmouseover="return overlib('OMP.nn.5.2 two partner secretion');" onmouseout="return nd();" />
<area shape="circle" coords="230,92,10" href="/hhomp/browse?page=OMP.nn.5.3" title="" onmouseover="return overlib('OMP.nn.5.3 two partner secretion');" onmouseout="return nd();" />
<area shape="circle" coords="230,94,10" href="/hhomp/browse?page=OMP.nn.5.4" title="" onmouseover="return overlib('OMP.nn.5.4 two partner secretion');" onmouseout="return nd();" />
<area shape="circle" coords="221,93,10" href="/hhomp/browse?page=OMP.nn.5.5" title="" onmouseover="return overlib('OMP.nn.5.5 two partner secretion');" onmouseout="return nd();" />
<area shape="circle" coords="193,279,10" href="/hhomp/browse?page=OMP.nn.50.1" title="" onmouseover="return overlib('OMP.nn.50.1');" onmouseout="return nd();" />
<area shape="circle" coords="679,198,10" href="/hhomp/browse?page=OMP.nn.51.1" title="" onmouseover="return overlib('OMP.nn.51.1');" onmouseout="return nd();" />
<area shape="circle" coords="214,111,10" href="/hhomp/browse?page=OMP.nn.52.1" title="" onmouseover="return overlib('OMP.nn.52.1 ');" onmouseout="return nd();" />
<area shape="circle" coords="470,160,10" href="/hhomp/browse?page=OMP.nn.53.1" title="" onmouseover="return overlib('OMP.nn.53.1 ');" onmouseout="return nd();" />
<area shape="circle" coords="393,116,10" href="/hhomp/browse?page=OMP.nn.54.1" title="" onmouseover="return overlib('OMP.nn.54.1 ');" onmouseout="return nd();" />
<area shape="circle" coords="391,111,10" href="/hhomp/browse?page=OMP.nn.55.1" title="" onmouseover="return overlib('OMP.nn.55.1 ');" onmouseout="return nd();" />
<area shape="circle" coords="175,218,10" href="/hhomp/browse?page=OMP.nn.56.1" title="" onmouseover="return overlib('OMP.nn.56.1 (Bacteroides)');" onmouseout="return nd();" />
<area shape="circle" coords="147,434,10" href="/hhomp/browse?page=OMP.nn.57.1" title="" onmouseover="return overlib('OMP.nn.57.1');" onmouseout="return nd();" />
<area shape="circle" coords="228,318,10" href="/hhomp/browse?page=OMP.nn.58.1" title="" onmouseover="return overlib('OMP.nn.58.1');" onmouseout="return nd();" />
<area shape="circle" coords="224,287,10" href="/hhomp/browse?page=OMP.nn.59.1" title="" onmouseover="return overlib('OMP.nn.59.1');" onmouseout="return nd();" />
<area shape="circle" coords="80,167,10" href="/hhomp/browse?page=OMP.nn.6.1" title="" onmouseover="return overlib('OMP.nn.6.1 copper resistant');" onmouseout="return nd();" />
<area shape="circle" coords="313,338,10" href="/hhomp/browse?page=OMP.nn.60.1" title="" onmouseover="return overlib('OMP.nn.60.1');" onmouseout="return nd();" />
<area shape="circle" coords="450,154,10" href="/hhomp/browse?page=OMP.nn.61.1" title="" onmouseover="return overlib('OMP.nn.61.1');" onmouseout="return nd();" />
<area shape="circle" coords="288,326,10" href="/hhomp/browse?page=OMP.nn.63.1" title="" onmouseover="return overlib('OMP.nn.63.1 (Shewanella)');" onmouseout="return nd();" />
<area shape="circle" coords="456,103,10" href="/hhomp/browse?page=OMP.nn.64.1" title="" onmouseover="return overlib('OMP.nn.64.1');" onmouseout="return nd();" />
<area shape="circle" coords="326,119,10" href="/hhomp/browse?page=OMP.nn.65.1" title="" onmouseover="return overlib('OMP.nn.65.1');" onmouseout="return nd();" />
<area shape="circle" coords="358,76,10" href="/hhomp/browse?page=OMP.nn.66.1" title="" onmouseover="return overlib('OMP.nn.66.1 (Rickettsiella)');" onmouseout="return nd();" />
<area shape="circle" coords="161,289,10" href="/hhomp/browse?page=OMP.nn.67.1" title="" onmouseover="return overlib('OMP.nn.67.1');" onmouseout="return nd();" />
<area shape="circle" coords="182,289,10" href="/hhomp/browse?page=OMP.nn.68.1" title="" onmouseover="return overlib('OMP.nn.68.1');" onmouseout="return nd();" />
<area shape="circle" coords="142,287,10" href="/hhomp/browse?page=OMP.nn.69.1" title="" onmouseover="return overlib('OMP.nn.69.1');" onmouseout="return nd();" />
<area shape="circle" coords="314,264,10" href="/hhomp/browse?page=OMP.nn.7.1" title="" onmouseover="return overlib('OMP.nn.7.1 OprB');" onmouseout="return nd();" />
<area shape="circle" coords="298,271,10" href="/hhomp/browse?page=OMP.nn.7.2" title="" onmouseover="return overlib('OMP.nn.7.2 OprB');" onmouseout="return nd();" />
<area shape="circle" coords="186,308,10" href="/hhomp/browse?page=OMP.nn.7.3" title="" onmouseover="return overlib('OMP.nn.7.3 OprB');" onmouseout="return nd();" />
<area shape="circle" coords="118,294,10" href="/hhomp/browse?page=OMP.nn.70.1" title="" onmouseover="return overlib('OMP.nn.70.1 (Burkholderia)');" onmouseout="return nd();" />
<area shape="circle" coords="72,184,10" href="/hhomp/browse?page=OMP.nn.71.1" title="" onmouseover="return overlib('OMP.nn.71.1');" onmouseout="return nd();" />
<area shape="circle" coords="232,199,10" href="/hhomp/browse?page=OMP.nn.72.1" title="" onmouseover="return overlib('OMP.nn.72.1 (Cyanobacterium)');" onmouseout="return nd();" />
<area shape="circle" coords="157,259,10" href="/hhomp/browse?page=OMP.nn.73.1" title="" onmouseover="return overlib('OMP.nn.73.1');" onmouseout="return nd();" />
<area shape="circle" coords="183,242,10" href="/hhomp/browse?page=OMP.nn.74.1" title="" onmouseover="return overlib('OMP.nn.74.1');" onmouseout="return nd();" />
<area shape="circle" coords="139,238,10" href="/hhomp/browse?page=OMP.nn.75.1" title="" onmouseover="return overlib('OMP.nn.75.1');" onmouseout="return nd();" />
<area shape="circle" coords="122,369,10" href="/hhomp/browse?page=OMP.nn.76.1" title="" onmouseover="return overlib('OMP.nn.76.1');" onmouseout="return nd();" />
<area shape="circle" coords="116,282,10" href="/hhomp/browse?page=OMP.nn.77.1" title="" onmouseover="return overlib('OMP.nn.77.1 (Francisella)');" onmouseout="return nd();" />
<area shape="circle" coords="159,121,10" href="/hhomp/browse?page=OMP.nn.78.1" title="" onmouseover="return overlib('OMP.nn.78.1');" onmouseout="return nd();" />
<area shape="circle" coords="292,106,10" href="/hhomp/browse?page=OMP.nn.79.1" title="" onmouseover="return overlib('OMP.nn.79.1');" onmouseout="return nd();" />
<area shape="circle" coords="427,64,10" href="/hhomp/browse?page=OMP.nn.8.1" title="" onmouseover="return overlib('OMP.nn.8.1 trimeric autotransporter (YadA-like) ');" onmouseout="return nd();" />
<area shape="circle" coords="381,183,10" href="/hhomp/browse?page=OMP.nn.80.1" title="" onmouseover="return overlib('OMP.nn.80.1');" onmouseout="return nd();" />
<area shape="circle" coords="647,129,10" href="/hhomp/browse?page=OMP.nn.81.1" title="" onmouseover="return overlib('OMP.nn.81.1');" onmouseout="return nd();" />
<area shape="circle" coords="319,288,10" href="/hhomp/browse?page=OMP.nn.82.1" title="" onmouseover="return overlib('OMP.nn.82.1 (Orientia)');" onmouseout="return nd();" />
<area shape="circle" coords="221,442,10" href="/hhomp/browse?page=OMP.nn.83.1" title="" onmouseover="return overlib('OMP.nn.83.1');" onmouseout="return nd();" />
<area shape="circle" coords="380,209,10" href="/hhomp/browse?page=OMP.nn.84.1" title="" onmouseover="return overlib('OMP.nn.84.1 (vibrio)');" onmouseout="return nd();" />
<area shape="circle" coords="456,58,10" href="/hhomp/browse?page=OMP.nn.85.1" title="" onmouseover="return overlib('OMP.nn.85.1 (Lawsonia)');" onmouseout="return nd();" />
<area shape="circle" coords="522,248,10" href="/hhomp/browse?page=OMP.nn.86.1" title="" onmouseover="return overlib('OMP.nn.86.1 (Campylobacter)');" onmouseout="return nd();" />
<area shape="circle" coords="241,439,10" href="/hhomp/browse?page=OMP.nn.87.1" title="" onmouseover="return overlib('OMP.nn.87.1');" onmouseout="return nd();" />
<area shape="circle" coords="696,315,10" href="/hhomp/browse?page=OMP.nn.88.1" title="" onmouseover="return overlib('OMP.nn.88.1');" onmouseout="return nd();" />
<area shape="circle" coords="674,157,10" href="/hhomp/browse?page=OMP.nn.89.1" title="" onmouseover="return overlib('OMP.nn.89.1');" onmouseout="return nd();" />
<area shape="circle" coords="201,384,10" href="/hhomp/browse?page=OMP.nn.9.1" title="" onmouseover="return overlib('OMP.nn.9.1 OprD');" onmouseout="return nd();" />
<area shape="circle" coords="643,245,10" href="/hhomp/browse?page=OMP.nn.90.1" title="" onmouseover="return overlib('OMP.nn.90.1');" onmouseout="return nd();" />
<area shape="circle" coords="586,445,10" href="/hhomp/browse?page=OMP.nn.91.1" title="" onmouseover="return overlib('OMP.nn.91.1');" onmouseout="return nd();" />
<area shape="circle" coords="212,233,10" href="/hhomp/browse?page=OMP.nn.92.1" title="" onmouseover="return overlib('OMP.nn.92.1');" onmouseout="return nd();" />
<area shape="circle" coords="243,211,10" href="/hhomp/browse?page=OMP.nn.93.1" title="" onmouseover="return overlib('OMP.nn.93.1');" onmouseout="return nd();" />
<area shape="circle" coords="238,214,10" href="/hhomp/browse?page=OMP.nn.94.1" title="" onmouseover="return overlib('OMP.nn.94.1');" onmouseout="return nd();" />
<area shape="circle" coords="236,216,10" href="/hhomp/browse?page=OMP.nn.95.1" title="" onmouseover="return overlib('OMP.nn.95.1');" onmouseout="return nd();" />
<area shape="circle" coords="232,216,10" href="/hhomp/browse?page=OMP.nn.96.1" title="" onmouseover="return overlib('OMP.nn.96.1');" onmouseout="return nd();" />
<area shape="circle" coords="650,156,10" href="/hhomp/browse?page=OMP.nn.97.1" title="" onmouseover="return overlib('OMP.nn.97.1');" onmouseout="return nd();" />
<area shape="circle" coords="320,169,10" href="/hhomp/browse?page=OMP.nn.98.1" title="" onmouseover="return overlib('OMP.nn.98.1');" onmouseout="return nd();" />
