<area shape="circle" coords="184,283,10" href="/hhomp/browse?page=OMP.10.1.1" title="" onmouseover="return overlib('OMP.10.1.1 OmpT');" onmouseout="return nd();" />
<area shape="circle" coords="521,143,10" href="/hhomp/browse?page=OMP.10.2.1" title="" onmouseover="return overlib('OMP.10.2.1 OpcA (Neisseria)');" onmouseout="return nd();" />
<area shape="circle" coords="383,121,10" href="/hhomp/browse?page=OMP.12.1.1" title="" onmouseover="return overlib('OMP.12.1.1 NalP & Haemoglobin protease');" onmouseout="return nd();" />
<area shape="circle" coords="383,124,10" href="/hhomp/browse?page=OMP.12.1.2" title="" onmouseover="return overlib('OMP.12.1.2 NalP & Haemoglobin protease');" onmouseout="return nd();" />
<area shape="circle" coords="366,125,10" href="/hhomp/browse?page=OMP.12.1.3" title="" onmouseover="return overlib('OMP.12.1.3 NalP & Haemoglobin protease (Pseudomonas)');" onmouseout="return nd();" />
<area shape="circle" coords="370,115,10" href="/hhomp/browse?page=OMP.12.1.4" title="" onmouseover="return overlib('OMP.12.1.4 NalP & Haemoglobin protease');" onmouseout="return nd();" />
<area shape="circle" coords="366,122,10" href="/hhomp/browse?page=OMP.12.1.5" title="" onmouseover="return overlib('OMP.12.1.5 NalP & Haemoglobin protease');" onmouseout="return nd();" />
<area shape="circle" coords="375,120,10" href="/hhomp/browse?page=OMP.12.1.6" title="" onmouseover="return overlib('OMP.12.1.6 NalP & Haemoglobin protease');" onmouseout="return nd();" />
<area shape="circle" coords="367,114,10" href="/hhomp/browse?page=OMP.12.1.7" title="" onmouseover="return overlib('OMP.12.1.7 NalP & Haemoglobin protease (Burkholderia)');" onmouseout="return nd();" />
<area shape="circle" coords="357,110,10" href="/hhomp/browse?page=OMP.12.2.1" title="" onmouseover="return overlib('OMP.12.2.1 NalP & Haemoglobin protease');" onmouseout="return nd();" />
<area shape="circle" coords="379,125,10" href="/hhomp/browse?page=OMP.12.2.2" title="" onmouseover="return overlib('OMP.12.2.2 NalP & Haemoglobin protease');" onmouseout="return nd();" />
<area shape="circle" coords="374,102,10" href="/hhomp/browse?page=OMP.12.2.3" title="" onmouseover="return overlib('OMP.12.2.3 NalP & Haemoglobin protease (Bartonella)');" onmouseout="return nd();" />
<area shape="circle" coords="358,105,10" href="/hhomp/browse?page=OMP.12.2.4" title="" onmouseover="return overlib('OMP.12.2.4 NalP & Haemoglobin protease (Fusobacterium)');" onmouseout="return nd();" />
<area shape="circle" coords="327,65,10" href="/hhomp/browse?page=OMP.12.2.5" title="" onmouseover="return overlib('OMP.12.2.5 NalP & Haemoglobin protease (Chlamydophila)');" onmouseout="return nd();" />
<area shape="circle" coords="347,111,10" href="/hhomp/browse?page=OMP.12.2.6" title="" onmouseover="return overlib('OMP.12.2.6 NalP & Haemoglobin protease (Rickettsia)');" onmouseout="return nd();" />
<area shape="circle" coords="349,113,10" href="/hhomp/browse?page=OMP.12.2.7" title="" onmouseover="return overlib('OMP.12.2.7 NalP & Haemoglobin protease (Rickettsia)');" onmouseout="return nd();" />
<area shape="circle" coords="350,108,10" href="/hhomp/browse?page=OMP.12.2.8" title="" onmouseover="return overlib('OMP.12.2.8 NalP & Haemoglobin protease (Helicobacter)');" onmouseout="return nd();" />
<area shape="circle" coords="341,110,10" href="/hhomp/browse?page=OMP.12.3.1" title="" onmouseover="return overlib('OMP.12.3.1 NalP & ? (Rickettsia)');" onmouseout="return nd();" />
<area shape="circle" coords="344,113,10" href="/hhomp/browse?page=OMP.12.3.2" title="" onmouseover="return overlib('OMP.12.3.2 NalP & ? (Rickettsia) ');" onmouseout="return nd();" />
<area shape="circle" coords="377,121,10" href="/hhomp/browse?page=OMP.12.4.1" title="" onmouseover="return overlib('OMP.12.4.1 NalP & ?');" onmouseout="return nd();" />
<area shape="circle" coords="678,108,10" href="/hhomp/browse?page=OMP.12.5.1" title="" onmouseover="return overlib('OMP.12.5.1 Tsx-like');" onmouseout="return nd();" />
<area shape="circle" coords="685,109,10" href="/hhomp/browse?page=OMP.12.5.2" title="" onmouseover="return overlib('OMP.12.5.2 Tsx-like');" onmouseout="return nd();" />
<area shape="circle" coords="694,113,10" href="/hhomp/browse?page=OMP.12.5.3" title="" onmouseover="return overlib('OMP.12.5.3 Tsx-like');" onmouseout="return nd();" />
<area shape="circle" coords="685,138,10" href="/hhomp/browse?page=OMP.12.5.4" title="" onmouseover="return overlib('OMP.12.5.4 Tsx-like');" onmouseout="return nd();" />
<area shape="circle" coords="133,459,10" href="/hhomp/browse?page=OMP.12.6.1" title="" onmouseover="return overlib('OMP.12.6.1 OmpLA-like');" onmouseout="return nd();" />
<area shape="circle" coords="592,350,10" href="/hhomp/browse?page=OMP.14.1.1" title="" onmouseover="return overlib('OMP.14.1.1 FadL-like');" onmouseout="return nd();" />
<area shape="circle" coords="594,309,10" href="/hhomp/browse?page=OMP.14.1.10" title="" onmouseover="return overlib('OMP.14.1.10 FadL-like ');" onmouseout="return nd();" />
<area shape="circle" coords="592,364,10" href="/hhomp/browse?page=OMP.14.1.2" title="" onmouseover="return overlib('OMP.14.1.2 FadL-like ');" onmouseout="return nd();" />
<area shape="circle" coords="592,341,10" href="/hhomp/browse?page=OMP.14.1.3" title="" onmouseover="return overlib('OMP.14.1.3 FadL-like ');" onmouseout="return nd();" />
<area shape="circle" coords="588,365,10" href="/hhomp/browse?page=OMP.14.1.4" title="" onmouseover="return overlib('OMP.14.1.4 FadL-like ');" onmouseout="return nd();" />
<area shape="circle" coords="598,349,10" href="/hhomp/browse?page=OMP.14.1.5" title="" onmouseover="return overlib('OMP.14.1.5 FadL-like ');" onmouseout="return nd();" />
<area shape="circle" coords="650,329,10" href="/hhomp/browse?page=OMP.14.1.6" title="" onmouseover="return overlib('OMP.14.1.6 FadL-like ');" onmouseout="return nd();" />
<area shape="circle" coords="600,349,10" href="/hhomp/browse?page=OMP.14.1.7" title="" onmouseover="return overlib('OMP.14.1.7 FadL-like ');" onmouseout="return nd();" />
<area shape="circle" coords="588,301,10" href="/hhomp/browse?page=OMP.14.1.8" title="" onmouseover="return overlib('OMP.14.1.8 FadL-like ');" onmouseout="return nd();" />
<area shape="circle" coords="678,330,10" href="/hhomp/browse?page=OMP.14.1.9" title="" onmouseover="return overlib('OMP.14.1.9 FadL-like ');" onmouseout="return nd();" />
<area shape="circle" coords="247,342,10" href="/hhomp/browse?page=OMP.14.2.1" title="" onmouseover="return overlib('OMP.14.2.1 OmpG-like');" onmouseout="return nd();" />
<area shape="circle" coords="502,214,10" href="/hhomp/browse?page=OMP.16.1.1" title="" onmouseover="return overlib('OMP.16.1.1 PhoE-like');" onmouseout="return nd();" />
<area shape="circle" coords="506,212,10" href="/hhomp/browse?page=OMP.16.1.2" title="" onmouseover="return overlib('OMP.16.1.2 PhoE-like');" onmouseout="return nd();" />
<area shape="circle" coords="503,206,10" href="/hhomp/browse?page=OMP.16.1.3" title="" onmouseover="return overlib('OMP.16.1.3 PhoE-like (Shewanella)');" onmouseout="return nd();" />
<area shape="circle" coords="521,180,10" href="/hhomp/browse?page=OMP.16.2.1" title="" onmouseover="return overlib('OMP.16.2.1 OmpC-like (b-Proteobacteria)');" onmouseout="return nd();" />
<area shape="circle" coords="531,179,10" href="/hhomp/browse?page=OMP.16.2.2" title="" onmouseover="return overlib('OMP.16.2.2 OmpC-like (b-Proteobacteria)');" onmouseout="return nd();" />
<area shape="circle" coords="519,181,10" href="/hhomp/browse?page=OMP.16.2.3" title="" onmouseover="return overlib('OMP.16.2.3 OmpC-like (b-Proteobacteria)');" onmouseout="return nd();" />
<area shape="circle" coords="525,178,10" href="/hhomp/browse?page=OMP.16.2.4" title="" onmouseover="return overlib('OMP.16.2.4 OmpC-like');" onmouseout="return nd();" />
<area shape="circle" coords="531,189,10" href="/hhomp/browse?page=OMP.16.2.5" title="" onmouseover="return overlib('OMP.16.2.5 OmpC-like (b-Proteobacteria)');" onmouseout="return nd();" />
<area shape="circle" coords="527,195,10" href="/hhomp/browse?page=OMP.16.2.6" title="" onmouseover="return overlib('OMP.16.2.6 OmpC-like');" onmouseout="return nd();" />
<area shape="circle" coords="512,205,10" href="/hhomp/browse?page=OMP.16.2.7" title="" onmouseover="return overlib('OMP.16.2.7 OmpC-like (Shewanella)');" onmouseout="return nd();" />
<area shape="circle" coords="527,200,10" href="/hhomp/browse?page=OMP.16.2.8" title="" onmouseover="return overlib('OMP.16.2.8 OmpC-like (Shewanella)');" onmouseout="return nd();" />
<area shape="circle" coords="538,193,10" href="/hhomp/browse?page=OMP.16.2.9" title="" onmouseover="return overlib('OMP.16.2.9 OmpC-like (Neisseria)');" onmouseout="return nd();" />
<area shape="circle" coords="495,210,10" href="/hhomp/browse?page=OMP.16.3.1" title="" onmouseover="return overlib('OMP.16.3.1 (Haemophilus)');" onmouseout="return nd();" />
<area shape="circle" coords="503,203,10" href="/hhomp/browse?page=OMP.16.3.2" title="" onmouseover="return overlib('OMP.16.3.2');" onmouseout="return nd();" />
<area shape="circle" coords="525,307,10" href="/hhomp/browse?page=OMP.16.4.1" title="" onmouseover="return overlib('OMP.16.4.1 Phosphate-selective porin O & P');" onmouseout="return nd();" />
<area shape="circle" coords="673,229,10" href="/hhomp/browse?page=OMP.16.4.2" title="" onmouseover="return overlib('OMP.16.4.2 Phosphate-selective porin O & P');" onmouseout="return nd();" />
<area shape="circle" coords="223,408,10" href="/hhomp/browse?page=OMP.16.5.1" title="" onmouseover="return overlib('OMP.16.5.1 SomB-like (Cyanobacteria)');" onmouseout="return nd();" />
<area shape="circle" coords="357,146,10" href="/hhomp/browse?page=OMP.16.6.1" title="" onmouseover="return overlib('OMP.16.6.1 1H6S-like (Rhodobacteraceae) ');" onmouseout="return nd();" />
<area shape="circle" coords="729,221,10" href="/hhomp/browse?page=OMP.18.1.1" title="" onmouseover="return overlib('OMP.18.1.1 LamB-like');" onmouseout="return nd();" />
<area shape="circle" coords="725,225,10" href="/hhomp/browse?page=OMP.18.1.2" title="" onmouseover="return overlib('OMP.18.1.2 LamB-like');" onmouseout="return nd();" />
<area shape="circle" coords="732,226,10" href="/hhomp/browse?page=OMP.18.1.3" title="" onmouseover="return overlib('OMP.18.1.3 LamB-like (Vibrio)');" onmouseout="return nd();" />
<area shape="circle" coords="728,224,10" href="/hhomp/browse?page=OMP.18.1.4" title="" onmouseover="return overlib('OMP.18.1.4 LamB-like');" onmouseout="return nd();" />
<area shape="circle" coords="450,510,10" href="/hhomp/browse?page=OMP.22.1.1" title="" onmouseover="return overlib('OMP.22.1.1 FhuA-like');" onmouseout="return nd();" />
<area shape="circle" coords="435,518,10" href="/hhomp/browse?page=OMP.22.1.2" title="" onmouseover="return overlib('OMP.22.1.2 FhuA-like');" onmouseout="return nd();" />
<area shape="circle" coords="442,507,10" href="/hhomp/browse?page=OMP.22.1.3" title="" onmouseover="return overlib('OMP.22.1.3 FhuA-like');" onmouseout="return nd();" />
<area shape="circle" coords="441,512,10" href="/hhomp/browse?page=OMP.22.1.4" title="" onmouseover="return overlib('OMP.22.1.4 FhuA-like');" onmouseout="return nd();" />
<area shape="circle" coords="441,511,10" href="/hhomp/browse?page=OMP.22.1.5" title="" onmouseover="return overlib('OMP.22.1.5 FhuA-like');" onmouseout="return nd();" />
<area shape="circle" coords="430,514,10" href="/hhomp/browse?page=OMP.22.1.6" title="" onmouseover="return overlib('OMP.22.1.6 FhuA-like');" onmouseout="return nd();" />
<area shape="circle" coords="437,511,10" href="/hhomp/browse?page=OMP.22.1.7" title="" onmouseover="return overlib('OMP.22.1.7 FhuA-like');" onmouseout="return nd();" />
<area shape="circle" coords="495,404,10" href="/hhomp/browse?page=OMP.22.10.1" title="" onmouseover="return overlib('OMP.22.10.1 ');" onmouseout="return nd();" />
<area shape="circle" coords="489,403,10" href="/hhomp/browse?page=OMP.22.10.2" title="" onmouseover="return overlib('OMP.22.10.2');" onmouseout="return nd();" />
<area shape="circle" coords="451,410,10" href="/hhomp/browse?page=OMP.22.10.3" title="" onmouseover="return overlib('OMP.22.10.3');" onmouseout="return nd();" />
<area shape="circle" coords="480,386,10" href="/hhomp/browse?page=OMP.22.10.4" title="" onmouseover="return overlib('OMP.22.10.4');" onmouseout="return nd();" />
<area shape="circle" coords="475,396,10" href="/hhomp/browse?page=OMP.22.10.5" title="" onmouseover="return overlib('OMP.22.10.5');" onmouseout="return nd();" />
<area shape="circle" coords="476,392,10" href="/hhomp/browse?page=OMP.22.10.6" title="" onmouseover="return overlib('OMP.22.10.6');" onmouseout="return nd();" />
<area shape="circle" coords="424,471,10" href="/hhomp/browse?page=OMP.22.11.1" title="" onmouseover="return overlib('OMP.22.11.1');" onmouseout="return nd();" />
<area shape="circle" coords="412,479,10" href="/hhomp/browse?page=OMP.22.11.2" title="" onmouseover="return overlib('OMP.22.11.2');" onmouseout="return nd();" />
<area shape="circle" coords="417,481,10" href="/hhomp/browse?page=OMP.22.11.3" title="" onmouseover="return overlib('OMP.22.11.3');" onmouseout="return nd();" />
<area shape="circle" coords="428,475,10" href="/hhomp/browse?page=OMP.22.11.4" title="" onmouseover="return overlib('OMP.22.11.4');" onmouseout="return nd();" />
<area shape="circle" coords="508,435,10" href="/hhomp/browse?page=OMP.22.12.1" title="" onmouseover="return overlib('OMP.22.12.1');" onmouseout="return nd();" />
<area shape="circle" coords="486,462,10" href="/hhomp/browse?page=OMP.22.12.2" title="" onmouseover="return overlib('OMP.22.12.2');" onmouseout="return nd();" />
<area shape="circle" coords="458,420,10" href="/hhomp/browse?page=OMP.22.12.3" title="" onmouseover="return overlib('OMP.22.12.3');" onmouseout="return nd();" />
<area shape="circle" coords="471,552,10" href="/hhomp/browse?page=OMP.22.12.4" title="" onmouseover="return overlib('OMP.22.12.4');" onmouseout="return nd();" />
<area shape="circle" coords="479,403,10" href="/hhomp/browse?page=OMP.22.12.5" title="" onmouseover="return overlib('OMP.22.12.5');" onmouseout="return nd();" />
<area shape="circle" coords="428,426,10" href="/hhomp/browse?page=OMP.22.12.6" title="" onmouseover="return overlib('OMP.22.12.6');" onmouseout="return nd();" />
<area shape="circle" coords="466,494,10" href="/hhomp/browse?page=OMP.22.2.1" title="" onmouseover="return overlib('OMP.22.2.1 FhuA/FecA-like');" onmouseout="return nd();" />
<area shape="circle" coords="466,496,10" href="/hhomp/browse?page=OMP.22.2.2" title="" onmouseover="return overlib('OMP.22.2.2 FhuA/FecA-like');" onmouseout="return nd();" />
<area shape="circle" coords="458,501,10" href="/hhomp/browse?page=OMP.22.2.3" title="" onmouseover="return overlib('OMP.22.2.3 FhuA/FecA-like');" onmouseout="return nd();" />
<area shape="circle" coords="455,487,10" href="/hhomp/browse?page=OMP.22.2.4" title="" onmouseover="return overlib('OMP.22.2.4 FhuA/FecA-like');" onmouseout="return nd();" />
<area shape="circle" coords="459,488,10" href="/hhomp/browse?page=OMP.22.2.5" title="" onmouseover="return overlib('OMP.22.2.5 FhuA/FecA-like');" onmouseout="return nd();" />
<area shape="circle" coords="458,481,10" href="/hhomp/browse?page=OMP.22.2.6" title="" onmouseover="return overlib('OMP.22.2.6 FhuA/FecA-like ');" onmouseout="return nd();" />
<area shape="circle" coords="536,506,10" href="/hhomp/browse?page=OMP.22.3.1" title="" onmouseover="return overlib('OMP.22.3.1 FhuA/FecA-like');" onmouseout="return nd();" />
<area shape="circle" coords="546,503,10" href="/hhomp/browse?page=OMP.22.3.2" title="" onmouseover="return overlib('OMP.22.3.2 FhuA/FecA-like');" onmouseout="return nd();" />
<area shape="circle" coords="555,514,10" href="/hhomp/browse?page=OMP.22.3.3" title="" onmouseover="return overlib('OMP.22.3.3 FhuA/FecA-like');" onmouseout="return nd();" />
<area shape="circle" coords="548,510,10" href="/hhomp/browse?page=OMP.22.3.4" title="" onmouseover="return overlib('OMP.22.3.4 FhuA/FecA-like');" onmouseout="return nd();" />
<area shape="circle" coords="548,501,10" href="/hhomp/browse?page=OMP.22.3.5" title="" onmouseover="return overlib('OMP.22.3.5 FhuA/FecA-like');" onmouseout="return nd();" />
<area shape="circle" coords="534,500,10" href="/hhomp/browse?page=OMP.22.3.6" title="" onmouseover="return overlib('OMP.22.3.6 FhuA/FecA-like');" onmouseout="return nd();" />
<area shape="circle" coords="485,488,10" href="/hhomp/browse?page=OMP.22.3.7" title="" onmouseover="return overlib('OMP.22.3.7 FhuA/FecA-like');" onmouseout="return nd();" />
<area shape="circle" coords="453,478,10" href="/hhomp/browse?page=OMP.22.4.1" title="" onmouseover="return overlib('OMP.22.4.1 FecA-like');" onmouseout="return nd();" />
<area shape="circle" coords="454,486,10" href="/hhomp/browse?page=OMP.22.4.10" title="" onmouseover="return overlib('OMP.22.4.10 FecA-like');" onmouseout="return nd();" />
<area shape="circle" coords="447,474,10" href="/hhomp/browse?page=OMP.22.4.2" title="" onmouseover="return overlib('OMP.22.4.2 FecA-like');" onmouseout="return nd();" />
<area shape="circle" coords="449,492,10" href="/hhomp/browse?page=OMP.22.4.3" title="" onmouseover="return overlib('OMP.22.4.3 FecA-like');" onmouseout="return nd();" />
<area shape="circle" coords="451,476,10" href="/hhomp/browse?page=OMP.22.4.4" title="" onmouseover="return overlib('OMP.22.4.4 FecA-like');" onmouseout="return nd();" />
<area shape="circle" coords="453,479,10" href="/hhomp/browse?page=OMP.22.4.5" title="" onmouseover="return overlib('OMP.22.4.5 FecA-like');" onmouseout="return nd();" />
<area shape="circle" coords="425,479,10" href="/hhomp/browse?page=OMP.22.4.6" title="" onmouseover="return overlib('OMP.22.4.6 FecA-like');" onmouseout="return nd();" />
<area shape="circle" coords="432,476,10" href="/hhomp/browse?page=OMP.22.4.7" title="" onmouseover="return overlib('OMP.22.4.7 FecA-like');" onmouseout="return nd();" />
<area shape="circle" coords="431,479,10" href="/hhomp/browse?page=OMP.22.4.8" title="" onmouseover="return overlib('OMP.22.4.8 FecA-like');" onmouseout="return nd();" />
<area shape="circle" coords="461,478,10" href="/hhomp/browse?page=OMP.22.4.9" title="" onmouseover="return overlib('OMP.22.4.9 FecA-like');" onmouseout="return nd();" />
<area shape="circle" coords="467,474,10" href="/hhomp/browse?page=OMP.22.5.1" title="" onmouseover="return overlib('OMP.22.5.1 FecA-like');" onmouseout="return nd();" />
<area shape="circle" coords="474,478,10" href="/hhomp/browse?page=OMP.22.5.2" title="" onmouseover="return overlib('OMP.22.5.2 FecA-like');" onmouseout="return nd();" />
<area shape="circle" coords="441,371,10" href="/hhomp/browse?page=OMP.22.6.1" title="" onmouseover="return overlib('OMP.22.6.1 FepA-like');" onmouseout="return nd();" />
<area shape="circle" coords="430,370,10" href="/hhomp/browse?page=OMP.22.6.2" title="" onmouseover="return overlib('OMP.22.6.2 FepA-like');" onmouseout="return nd();" />
<area shape="circle" coords="423,363,10" href="/hhomp/browse?page=OMP.22.6.3" title="" onmouseover="return overlib('OMP.22.6.3 FepA-like');" onmouseout="return nd();" />
<area shape="circle" coords="542,392,10" href="/hhomp/browse?page=OMP.22.7.1" title="" onmouseover="return overlib('OMP.22.7.1 ');" onmouseout="return nd();" />
<area shape="circle" coords="546,394,10" href="/hhomp/browse?page=OMP.22.7.2" title="" onmouseover="return overlib('OMP.22.7.2');" onmouseout="return nd();" />
<area shape="circle" coords="462,460,10" href="/hhomp/browse?page=OMP.22.7.3" title="" onmouseover="return overlib('OMP.22.7.3');" onmouseout="return nd();" />
<area shape="circle" coords="463,454,10" href="/hhomp/browse?page=OMP.22.7.4" title="" onmouseover="return overlib('OMP.22.7.4');" onmouseout="return nd();" />
<area shape="circle" coords="464,459,10" href="/hhomp/browse?page=OMP.22.7.5" title="" onmouseover="return overlib('OMP.22.7.5');" onmouseout="return nd();" />
<area shape="circle" coords="398,486,10" href="/hhomp/browse?page=OMP.22.8.1" title="" onmouseover="return overlib('OMP.22.8.1 BtuB-like');" onmouseout="return nd();" />
<area shape="circle" coords="409,488,10" href="/hhomp/browse?page=OMP.22.8.2" title="" onmouseover="return overlib('OMP.22.8.2 BtuB-like');" onmouseout="return nd();" />
<area shape="circle" coords="403,485,10" href="/hhomp/browse?page=OMP.22.8.3" title="" onmouseover="return overlib('OMP.22.8.3 BtuB-like');" onmouseout="return nd();" />
<area shape="circle" coords="401,479,10" href="/hhomp/browse?page=OMP.22.8.4" title="" onmouseover="return overlib('OMP.22.8.4 BtuB-like');" onmouseout="return nd();" />
<area shape="circle" coords="432,473,10" href="/hhomp/browse?page=OMP.22.8.5" title="" onmouseover="return overlib('OMP.22.8.5 BtuB-like');" onmouseout="return nd();" />
<area shape="circle" coords="490,482,10" href="/hhomp/browse?page=OMP.22.9.1" title="" onmouseover="return overlib('OMP.22.9.1');" onmouseout="return nd();" />
<area shape="circle" coords="449,516,10" href="/hhomp/browse?page=OMP.22.9.2" title="" onmouseover="return overlib('OMP.22.9.2');" onmouseout="return nd();" />
<area shape="circle" coords="462,493,10" href="/hhomp/browse?page=OMP.22.9.3" title="" onmouseover="return overlib('OMP.22.9.3');" onmouseout="return nd();" />
<area shape="circle" coords="464,437,10" href="/hhomp/browse?page=OMP.22.9.4" title="" onmouseover="return overlib('OMP.22.9.4');" onmouseout="return nd();" />
<area shape="circle" coords="458,486,10" href="/hhomp/browse?page=OMP.22.9.5" title="" onmouseover="return overlib('OMP.22.9.5');" onmouseout="return nd();" />
<area shape="circle" coords="345,252,10" href="/hhomp/browse?page=OMP.8.1.1" title="" onmouseover="return overlib('OMP.8.1.1 OmpA-like');" onmouseout="return nd();" />
<area shape="circle" coords="347,243,10" href="/hhomp/browse?page=OMP.8.1.2" title="" onmouseover="return overlib('OMP.8.1.2 OmpA-like');" onmouseout="return nd();" />
<area shape="circle" coords="350,248,10" href="/hhomp/browse?page=OMP.8.1.3" title="" onmouseover="return overlib('OMP.8.1.3 OmpA-like (OprF)');" onmouseout="return nd();" />
<area shape="circle" coords="348,241,10" href="/hhomp/browse?page=OMP.8.1.4" title="" onmouseover="return overlib('OMP.8.1.4 OmpA-like & Thrombospondin');" onmouseout="return nd();" />
<area shape="circle" coords="338,259,10" href="/hhomp/browse?page=OMP.8.1.5" title="" onmouseover="return overlib('OMP.8.1.5 OmpA-like');" onmouseout="return nd();" />
<area shape="circle" coords="348,246,10" href="/hhomp/browse?page=OMP.8.1.6" title="" onmouseover="return overlib('OMP.8.1.6 OmpA-like & Thrombospondin (only d-Proteobacteria)');" onmouseout="return nd();" />
<area shape="circle" coords="341,242,10" href="/hhomp/browse?page=OMP.8.1.7" title="" onmouseover="return overlib('OMP.8.1.7 OmpA-like (only Bacteroidetes)');" onmouseout="return nd();" />
<area shape="circle" coords="344,260,10" href="/hhomp/browse?page=OMP.8.1.8" title="" onmouseover="return overlib('OMP.8.1.8 OmpA-like (Erwinia - Brenneria)');" onmouseout="return nd();" />
<area shape="circle" coords="349,249,10" href="/hhomp/browse?page=OMP.8.1.9" title="" onmouseover="return overlib('OMP.8.1.9 OmpA-like (only Shewanella)');" onmouseout="return nd();" />
<area shape="circle" coords="405,313,10" href="/hhomp/browse?page=OMP.8.2.1" title="" onmouseover="return overlib('OMP.8.2.1 OmpW');" onmouseout="return nd();" />
<area shape="circle" coords="410,318,10" href="/hhomp/browse?page=OMP.8.2.2" title="" onmouseover="return overlib('OMP.8.2.2 OmpW (b-Proteobacteria)');" onmouseout="return nd();" />
<area shape="circle" coords="383,291,10" href="/hhomp/browse?page=OMP.8.3.1" title="" onmouseover="return overlib('OMP.8.3.1 OmpX');" onmouseout="return nd();" />
<area shape="circle" coords="188,183,10" href="/hhomp/browse?page=OMP.8.4.1" title="" onmouseover="return overlib('OMP.8.4.1 PagL');" onmouseout="return nd();" />
<area shape="circle" coords="581,620,10" href="/hhomp/browse?page=OMP.8.5.1" title="" onmouseover="return overlib('OMP.8.5.1 PagP');" onmouseout="return nd();" />
<area shape="circle" coords="333,288,10" href="/hhomp/browse?page=OMP.8.6.1" title="" onmouseover="return overlib('OMP.8.6.1 NspA-like (only Neisseria)');" onmouseout="return nd();" />
<area shape="circle" coords="327,292,10" href="/hhomp/browse?page=OMP.8.6.2" title="" onmouseover="return overlib('OMP.8.6.2 NspA-like');" onmouseout="return nd();" />
<area shape="circle" coords="320,287,10" href="/hhomp/browse?page=OMP.8.6.3" title="" onmouseover="return overlib('OMP.8.6.3 NspA-like');" onmouseout="return nd();" />
<area shape="circle" coords="328,295,10" href="/hhomp/browse?page=OMP.8.6.4" title="" onmouseover="return overlib('OMP.8.6.4 NspA-like');" onmouseout="return nd();" />
<area shape="circle" coords="340,298,10" href="/hhomp/browse?page=OMP.8.6.5" title="" onmouseover="return overlib('OMP.8.6.5 NspA-like (only Rickettsia)');" onmouseout="return nd();" />
<area shape="circle" coords="312,295,10" href="/hhomp/browse?page=OMP.8.6.6" title="" onmouseover="return overlib('OMP.8.6.6 NspA-like (only Wolbachia)');" onmouseout="return nd();" />
<area shape="circle" coords="325,302,10" href="/hhomp/browse?page=OMP.8.7.1" title="" onmouseover="return overlib('OMP.8.7.1 (hemin binding)');" onmouseout="return nd();" />
<area shape="circle" coords="320,299,10" href="/hhomp/browse?page=OMP.8.7.2" title="" onmouseover="return overlib('OMP.8.7.2');" onmouseout="return nd();" />
<area shape="circle" coords="325,284,10" href="/hhomp/browse?page=OMP.8.7.3" title="" onmouseover="return overlib('OMP.8.7.3');" onmouseout="return nd();" />
<area shape="circle" coords="313,306,10" href="/hhomp/browse?page=OMP.8.7.4" title="" onmouseover="return overlib('OMP.8.7.4');" onmouseout="return nd();" />
<area shape="circle" coords="359,264,10" href="/hhomp/browse?page=OMP.8.8.1" title="" onmouseover="return overlib('OMP.8.8.1');" onmouseout="return nd();" />
<area shape="circle" coords="414,253,10" href="/hhomp/browse?page=OMP.8.9.1" title="" onmouseover="return overlib('OMP.8.9.1');" onmouseout="return nd();" />
<area shape="circle" coords="120,534,10" href="/hhomp/browse?page=OMP.hypo.1.1" title="" onmouseover="return overlib('OMP.hypo.1.1 (Chlorobium)');" onmouseout="return nd();" />
<area shape="circle" coords="136,538,10" href="/hhomp/browse?page=OMP.hypo.1.2" title="" onmouseover="return overlib('OMP.hypo.1.2');" onmouseout="return nd();" />
<area shape="circle" coords="460,231,10" href="/hhomp/browse?page=OMP.hypo.2.1" title="" onmouseover="return overlib('OMP.hypo.2.1');" onmouseout="return nd();" />
<area shape="circle" coords="206,482,10" href="/hhomp/browse?page=OMP.hypo.3.1" title="" onmouseover="return overlib('OMP.hypo.3.1');" onmouseout="return nd();" />
<area shape="circle" coords="241,467,10" href="/hhomp/browse?page=OMP.hypo.3.2" title="" onmouseover="return overlib('OMP.hypo.3.2');" onmouseout="return nd();" />
<area shape="circle" coords="481,277,10" href="/hhomp/browse?page=OMP.hypo.4.1" title="" onmouseover="return overlib('OMP.hypo.4.1');" onmouseout="return nd();" />
<area shape="circle" coords="459,219,10" href="/hhomp/browse?page=OMP.nn.1.1" title="" onmouseover="return overlib('OMP.nn.1.1 MspA-like');" onmouseout="return nd();" />
<area shape="circle" coords="466,199,10" href="/hhomp/browse?page=OMP.nn.1.2" title="" onmouseover="return overlib('OMP.nn.1.2 MspA-like');" onmouseout="return nd();" />
<area shape="circle" coords="282,241,10" href="/hhomp/browse?page=OMP.nn.10.1" title="" onmouseover="return overlib('OMP.nn.10.1 cellulose synthase operon');" onmouseout="return nd();" />
<area shape="circle" coords="435,235,10" href="/hhomp/browse?page=OMP.nn.10.2" title="" onmouseover="return overlib('OMP.nn.10.2 cellulose synthase operon');" onmouseout="return nd();" />
<area shape="circle" coords="458,204,10" href="/hhomp/browse?page=OMP.nn.10.3" title="" onmouseover="return overlib('OMP.nn.10.3 cellulose synthase operon');" onmouseout="return nd();" />
<area shape="circle" coords="106,400,10" href="/hhomp/browse?page=OMP.nn.11.1" title="" onmouseover="return overlib('OMP.nn.11.1 MltA-interacting MipA');" onmouseout="return nd();" />
<area shape="circle" coords="96,413,10" href="/hhomp/browse?page=OMP.nn.11.2" title="" onmouseover="return overlib('OMP.nn.11.2 MltA-interacting MipA');" onmouseout="return nd();" />
<area shape="circle" coords="83,407,10" href="/hhomp/browse?page=OMP.nn.11.3" title="" onmouseover="return overlib('OMP.nn.11.3 MltA-interacting MipA');" onmouseout="return nd();" />
<area shape="circle" coords="66,320,10" href="/hhomp/browse?page=OMP.nn.12.1" title="" onmouseover="return overlib('OMP.nn.12.1 AlgE');" onmouseout="return nd();" />
<area shape="circle" coords="309,298,10" href="/hhomp/browse?page=OMP.nn.13.1" title="" onmouseover="return overlib('OMP.nn.13.1 surface protein');" onmouseout="return nd();" />
<area shape="circle" coords="303,300,10" href="/hhomp/browse?page=OMP.nn.13.2" title="" onmouseover="return overlib('OMP.nn.13.2 surface protein');" onmouseout="return nd();" />
<area shape="circle" coords="586,123,10" href="/hhomp/browse?page=OMP.nn.14.1" title="" onmouseover="return overlib('OMP.nn.14.1 organic solvent tolerance');" onmouseout="return nd();" />
<area shape="circle" coords="595,114,10" href="/hhomp/browse?page=OMP.nn.14.2" title="" onmouseover="return overlib('OMP.nn.14.2 organic solvent tolerance');" onmouseout="return nd();" />
<area shape="circle" coords="602,113,10" href="/hhomp/browse?page=OMP.nn.14.3" title="" onmouseover="return overlib('OMP.nn.14.3 organic solvent tolerance');" onmouseout="return nd();" />
<area shape="circle" coords="601,134,10" href="/hhomp/browse?page=OMP.nn.14.4" title="" onmouseover="return overlib('OMP.nn.14.4 organic solvent tolerance');" onmouseout="return nd();" />
<area shape="circle" coords="369,226,10" href="/hhomp/browse?page=OMP.nn.15.1" title="" onmouseover="return overlib('OMP.nn.15.1 TraF');" onmouseout="return nd();" />
<area shape="circle" coords="98,325,10" href="/hhomp/browse?page=OMP.nn.16.1" title="" onmouseover="return overlib('OMP.nn.16.1');" onmouseout="return nd();" />
<area shape="circle" coords="78,334,10" href="/hhomp/browse?page=OMP.nn.16.2" title="" onmouseover="return overlib('OMP.nn.16.2');" onmouseout="return nd();" />
<area shape="circle" coords="101,339,10" href="/hhomp/browse?page=OMP.nn.16.3" title="" onmouseover="return overlib('OMP.nn.16.3');" onmouseout="return nd();" />
<area shape="circle" coords="128,393,10" href="/hhomp/browse?page=OMP.nn.17.1" title="" onmouseover="return overlib('OMP.nn.17.1');" onmouseout="return nd();" />
<area shape="circle" coords="120,379,10" href="/hhomp/browse?page=OMP.nn.17.2" title="" onmouseover="return overlib('OMP.nn.17.2');" onmouseout="return nd();" />
<area shape="circle" coords="146,381,10" href="/hhomp/browse?page=OMP.nn.17.3" title="" onmouseover="return overlib('OMP.nn.17.3 (Cyanobacterium)');" onmouseout="return nd();" />
<area shape="circle" coords="531,421,10" href="/hhomp/browse?page=OMP.nn.18.1" title="" onmouseover="return overlib('OMP.nn.18.1');" onmouseout="return nd();" />
<area shape="circle" coords="521,421,10" href="/hhomp/browse?page=OMP.nn.18.2" title="" onmouseover="return overlib('OMP.nn.18.2');" onmouseout="return nd();" />
<area shape="circle" coords="566,401,10" href="/hhomp/browse?page=OMP.nn.18.3" title="" onmouseover="return overlib('OMP.nn.18.3');" onmouseout="return nd();" />
<area shape="circle" coords="747,293,10" href="/hhomp/browse?page=OMP.nn.19.1" title="" onmouseover="return overlib('OMP.nn.19.1 (Helicobacter)');" onmouseout="return nd();" />
<area shape="circle" coords="733,294,10" href="/hhomp/browse?page=OMP.nn.19.2" title="" onmouseover="return overlib('OMP.nn.19.2 (Helicobacter)');" onmouseout="return nd();" />
<area shape="circle" coords="311,55,10" href="/hhomp/browse?page=OMP.nn.2.1" title="" onmouseover="return overlib('OMP.nn.2.1 usher protein');" onmouseout="return nd();" />
<area shape="circle" coords="314,50,10" href="/hhomp/browse?page=OMP.nn.2.2" title="" onmouseover="return overlib('OMP.nn.2.2 usher protein');" onmouseout="return nd();" />
<area shape="circle" coords="407,39,10" href="/hhomp/browse?page=OMP.nn.2.3" title="" onmouseover="return overlib('OMP.nn.2.3 usher protein');" onmouseout="return nd();" />
<area shape="circle" coords="373,415,10" href="/hhomp/browse?page=OMP.nn.20.1" title="" onmouseover="return overlib('OMP.nn.20.1');" onmouseout="return nd();" />
<area shape="circle" coords="364,437,10" href="/hhomp/browse?page=OMP.nn.20.2" title="" onmouseover="return overlib('OMP.nn.20.2');" onmouseout="return nd();" />
<area shape="circle" coords="100,278,10" href="/hhomp/browse?page=OMP.nn.21.1" title="" onmouseover="return overlib('OMP.nn.21.1');" onmouseout="return nd();" />
<area shape="circle" coords="427,158,10" href="/hhomp/browse?page=OMP.nn.22.1" title="" onmouseover="return overlib('OMP.nn.22.1');" onmouseout="return nd();" />
<area shape="circle" coords="247,392,10" href="/hhomp/browse?page=OMP.nn.23.1" title="" onmouseover="return overlib('OMP.nn.23.1');" onmouseout="return nd();" />
<area shape="circle" coords="205,290,10" href="/hhomp/browse?page=OMP.nn.24.1" title="" onmouseover="return overlib('OMP.nn.24.1');" onmouseout="return nd();" />
<area shape="circle" coords="189,117,10" href="/hhomp/browse?page=OMP.nn.25.1" title="" onmouseover="return overlib('OMP.nn.25.1 porT');" onmouseout="return nd();" />
<area shape="circle" coords="440,286,10" href="/hhomp/browse?page=OMP.nn.27.1" title="" onmouseover="return overlib('OMP.nn.27.1');" onmouseout="return nd();" />
<area shape="circle" coords="442,296,10" href="/hhomp/browse?page=OMP.nn.27.2" title="" onmouseover="return overlib('OMP.nn.27.2');" onmouseout="return nd();" />
<area shape="circle" coords="504,168,10" href="/hhomp/browse?page=OMP.nn.28.1" title="" onmouseover="return overlib('OMP.nn.28.1');" onmouseout="return nd();" />
<area shape="circle" coords="512,169,10" href="/hhomp/browse?page=OMP.nn.28.2" title="" onmouseover="return overlib('OMP.nn.28.2');" onmouseout="return nd();" />
<area shape="circle" coords="133,205,10" href="/hhomp/browse?page=OMP.nn.29.1" title="" onmouseover="return overlib('OMP.nn.29.1');" onmouseout="return nd();" />
<area shape="circle" coords="148,213,10" href="/hhomp/browse?page=OMP.nn.29.2" title="" onmouseover="return overlib('OMP.nn.29.2');" onmouseout="return nd();" />
<area shape="circle" coords="134,171,10" href="/hhomp/browse?page=OMP.nn.29.3" title="" onmouseover="return overlib('OMP.nn.29.3 (Chlorobium)');" onmouseout="return nd();" />
<area shape="circle" coords="283,180,10" href="/hhomp/browse?page=OMP.nn.3.1" title="" onmouseover="return overlib('OMP.nn.3.1 Omp85-like ');" onmouseout="return nd();" />
<area shape="circle" coords="291,168,10" href="/hhomp/browse?page=OMP.nn.3.2" title="" onmouseover="return overlib('OMP.nn.3.2 Omp85-like');" onmouseout="return nd();" />
<area shape="circle" coords="298,171,10" href="/hhomp/browse?page=OMP.nn.3.3" title="" onmouseover="return overlib('OMP.nn.3.3 Omp85-like ');" onmouseout="return nd();" />
<area shape="circle" coords="295,170,10" href="/hhomp/browse?page=OMP.nn.3.4" title="" onmouseover="return overlib('OMP.nn.3.4 Omp85-like ');" onmouseout="return nd();" />
<area shape="circle" coords="288,168,10" href="/hhomp/browse?page=OMP.nn.3.5" title="" onmouseover="return overlib('OMP.nn.3.5 Omp85-like ');" onmouseout="return nd();" />
<area shape="circle" coords="283,167,10" href="/hhomp/browse?page=OMP.nn.3.6" title="" onmouseover="return overlib('OMP.nn.3.6 Omp85-like ');" onmouseout="return nd();" />
<area shape="circle" coords="310,199,10" href="/hhomp/browse?page=OMP.nn.3.7" title="" onmouseover="return overlib('OMP.nn.3.7 Omp85-like patatin');" onmouseout="return nd();" />
<area shape="circle" coords="315,205,10" href="/hhomp/browse?page=OMP.nn.3.8" title="" onmouseover="return overlib('OMP.nn.3.8 Omp85-like patatin');" onmouseout="return nd();" />
<area shape="circle" coords="151,299,10" href="/hhomp/browse?page=OMP.nn.30.1" title="" onmouseover="return overlib('OMP.nn.30.1');" onmouseout="return nd();" />
<area shape="circle" coords="133,293,10" href="/hhomp/browse?page=OMP.nn.30.2" title="" onmouseover="return overlib('OMP.nn.30.2');" onmouseout="return nd();" />
<area shape="circle" coords="62,278,10" href="/hhomp/browse?page=OMP.nn.32.1" title="" onmouseover="return overlib('OMP.nn.32.1');" onmouseout="return nd();" />
<area shape="circle" coords="378,246,10" href="/hhomp/browse?page=OMP.nn.33.1" title="" onmouseover="return overlib('OMP.nn.33.1');" onmouseout="return nd();" />
<area shape="circle" coords="466,270,10" href="/hhomp/browse?page=OMP.nn.34.1" title="" onmouseover="return overlib('OMP.nn.34.1 (Vibrio)');" onmouseout="return nd();" />
<area shape="circle" coords="427,340,10" href="/hhomp/browse?page=OMP.nn.35.1" title="" onmouseover="return overlib('OMP.nn.35.1 (Camphylobacter)');" onmouseout="return nd();" />
<area shape="circle" coords="335,471,10" href="/hhomp/browse?page=OMP.nn.36.1" title="" onmouseover="return overlib('OMP.nn.36.1');" onmouseout="return nd();" />
<area shape="circle" coords="258,403,10" href="/hhomp/browse?page=OMP.nn.37.1" title="" onmouseover="return overlib('OMP.nn.37.1');" onmouseout="return nd();" />
<area shape="circle" coords="621,400,10" href="/hhomp/browse?page=OMP.nn.38.1" title="" onmouseover="return overlib('OMP.nn.38.1');" onmouseout="return nd();" />
<area shape="circle" coords="754,346,10" href="/hhomp/browse?page=OMP.nn.39.1" title="" onmouseover="return overlib('OMP.nn.39.1');" onmouseout="return nd();" />
<area shape="circle" coords="332,154,10" href="/hhomp/browse?page=OMP.nn.4.1" title="" onmouseover="return overlib('OMP.nn.4.1 Omp85-like');" onmouseout="return nd();" />
<area shape="circle" coords="330,149,10" href="/hhomp/browse?page=OMP.nn.4.2" title="" onmouseover="return overlib('OMP.nn.4.2 Omp85-like');" onmouseout="return nd();" />
<area shape="circle" coords="341,141,10" href="/hhomp/browse?page=OMP.nn.4.3" title="" onmouseover="return overlib('OMP.nn.4.3 Omp85-like');" onmouseout="return nd();" />
<area shape="circle" coords="588,164,10" href="/hhomp/browse?page=OMP.nn.40.1" title="" onmouseover="return overlib('OMP.nn.40.1');" onmouseout="return nd();" />
<area shape="circle" coords="706,214,10" href="/hhomp/browse?page=OMP.nn.41.1" title="" onmouseover="return overlib('OMP.nn.41.1');" onmouseout="return nd();" />
<area shape="circle" coords="172,372,10" href="/hhomp/browse?page=OMP.nn.42.1" title="" onmouseover="return overlib('OMP.nn.42.1');" onmouseout="return nd();" />
<area shape="circle" coords="142,470,10" href="/hhomp/browse?page=OMP.nn.43.1" title="" onmouseover="return overlib('OMP.nn.43.1');" onmouseout="return nd();" />
<area shape="circle" coords="348,223,10" href="/hhomp/browse?page=OMP.nn.44.1" title="" onmouseover="return overlib('OMP.nn.44.1');" onmouseout="return nd();" />
<area shape="circle" coords="445,159,10" href="/hhomp/browse?page=OMP.nn.45.1" title="" onmouseover="return overlib('OMP.nn.45.1');" onmouseout="return nd();" />
<area shape="circle" coords="553,297,10" href="/hhomp/browse?page=OMP.nn.46.1" title="" onmouseover="return overlib('OMP.nn.46.1 (Shewanella)');" onmouseout="return nd();" />
<area shape="circle" coords="715,298,10" href="/hhomp/browse?page=OMP.nn.47.1" title="" onmouseover="return overlib('OMP.nn.47.1');" onmouseout="return nd();" />
<area shape="circle" coords="632,210,10" href="/hhomp/browse?page=OMP.nn.48.1" title="" onmouseover="return overlib('OMP.nn.48.1');" onmouseout="return nd();" />
<area shape="circle" coords="530,61,10" href="/hhomp/browse?page=OMP.nn.49.1" title="" onmouseover="return overlib('OMP.nn.49.1');" onmouseout="return nd();" />
<area shape="circle" coords="271,120,10" href="/hhomp/browse?page=OMP.nn.5.1" title="" onmouseover="return overlib('OMP.nn.5.1 hemolysin activator');" onmouseout="return nd();" />
<area shape="circle" coords="271,127,10" href="/hhomp/browse?page=OMP.nn.5.2" title="" onmouseover="return overlib('OMP.nn.5.2 hemolysin activator');" onmouseout="return nd();" />
<area shape="circle" coords="276,127,10" href="/hhomp/browse?page=OMP.nn.5.3" title="" onmouseover="return overlib('OMP.nn.5.3 hemolysin activator');" onmouseout="return nd();" />
<area shape="circle" coords="277,131,10" href="/hhomp/browse?page=OMP.nn.5.4" title="" onmouseover="return overlib('OMP.nn.5.4 hemolysin activator');" onmouseout="return nd();" />
<area shape="circle" coords="266,131,10" href="/hhomp/browse?page=OMP.nn.5.5" title="" onmouseover="return overlib('OMP.nn.5.5 hemolysin activator');" onmouseout="return nd();" />
<area shape="circle" coords="230,347,10" href="/hhomp/browse?page=OMP.nn.50.1" title="" onmouseover="return overlib('OMP.nn.50.1');" onmouseout="return nd();" />
<area shape="circle" coords="674,223,10" href="/hhomp/browse?page=OMP.nn.51.1" title="" onmouseover="return overlib('OMP.nn.51.1');" onmouseout="return nd();" />
<area shape="circle" coords="275,158,10" href="/hhomp/browse?page=OMP.nn.52.1" title="" onmouseover="return overlib('OMP.nn.52.1 ');" onmouseout="return nd();" />
<area shape="circle" coords="453,185,10" href="/hhomp/browse?page=OMP.nn.53.1" title="" onmouseover="return overlib('OMP.nn.53.1 ');" onmouseout="return nd();" />
<area shape="circle" coords="370,124,10" href="/hhomp/browse?page=OMP.nn.54.1" title="" onmouseover="return overlib('OMP.nn.54.1 ');" onmouseout="return nd();" />
<area shape="circle" coords="365,123,10" href="/hhomp/browse?page=OMP.nn.55.1" title="" onmouseover="return overlib('OMP.nn.55.1 ');" onmouseout="return nd();" />
<area shape="circle" coords="206,270,10" href="/hhomp/browse?page=OMP.nn.56.1" title="" onmouseover="return overlib('OMP.nn.56.1 (Bacteroides)');" onmouseout="return nd();" />
<area shape="circle" coords="136,482,10" href="/hhomp/browse?page=OMP.nn.57.1" title="" onmouseover="return overlib('OMP.nn.57.1');" onmouseout="return nd();" />
<area shape="circle" coords="212,396,10" href="/hhomp/browse?page=OMP.nn.58.1" title="" onmouseover="return overlib('OMP.nn.58.1');" onmouseout="return nd();" />
<area shape="circle" coords="238,320,10" href="/hhomp/browse?page=OMP.nn.59.1" title="" onmouseover="return overlib('OMP.nn.59.1');" onmouseout="return nd();" />
<area shape="circle" coords="118,188,10" href="/hhomp/browse?page=OMP.nn.6.1" title="" onmouseover="return overlib('OMP.nn.6.1 copper resistant');" onmouseout="return nd();" />
<area shape="circle" coords="324,413,10" href="/hhomp/browse?page=OMP.nn.60.1" title="" onmouseover="return overlib('OMP.nn.60.1');" onmouseout="return nd();" />
<area shape="circle" coords="455,166,10" href="/hhomp/browse?page=OMP.nn.61.1" title="" onmouseover="return overlib('OMP.nn.61.1');" onmouseout="return nd();" />
<area shape="circle" coords="331,395,10" href="/hhomp/browse?page=OMP.nn.63.1" title="" onmouseover="return overlib('OMP.nn.63.1 (Shewanella)');" onmouseout="return nd();" />
<area shape="circle" coords="436,111,10" href="/hhomp/browse?page=OMP.nn.64.1" title="" onmouseover="return overlib('OMP.nn.64.1');" onmouseout="return nd();" />
<area shape="circle" coords="306,162,10" href="/hhomp/browse?page=OMP.nn.65.1" title="" onmouseover="return overlib('OMP.nn.65.1');" onmouseout="return nd();" />
<area shape="circle" coords="353,76,10" href="/hhomp/browse?page=OMP.nn.66.1" title="" onmouseover="return overlib('OMP.nn.66.1 (Rickettsiella)');" onmouseout="return nd();" />
<area shape="circle" coords="161,321,10" href="/hhomp/browse?page=OMP.nn.67.1" title="" onmouseover="return overlib('OMP.nn.67.1');" onmouseout="return nd();" />
<area shape="circle" coords="185,332,10" href="/hhomp/browse?page=OMP.nn.68.1" title="" onmouseover="return overlib('OMP.nn.68.1');" onmouseout="return nd();" />
<area shape="circle" coords="145,303,10" href="/hhomp/browse?page=OMP.nn.69.1" title="" onmouseover="return overlib('OMP.nn.69.1');" onmouseout="return nd();" />
<area shape="circle" coords="308,305,10" href="/hhomp/browse?page=OMP.nn.7.1" title="" onmouseover="return overlib('OMP.nn.7.1 OprB');" onmouseout="return nd();" />
<area shape="circle" coords="291,313,10" href="/hhomp/browse?page=OMP.nn.7.2" title="" onmouseover="return overlib('OMP.nn.7.2 OprB');" onmouseout="return nd();" />
<area shape="circle" coords="187,356,10" href="/hhomp/browse?page=OMP.nn.7.3" title="" onmouseover="return overlib('OMP.nn.7.3 OprB');" onmouseout="return nd();" />
<area shape="circle" coords="132,318,10" href="/hhomp/browse?page=OMP.nn.70.1" title="" onmouseover="return overlib('OMP.nn.70.1 (Burkholderia)');" onmouseout="return nd();" />
<area shape="circle" coords="101,185,10" href="/hhomp/browse?page=OMP.nn.71.1" title="" onmouseover="return overlib('OMP.nn.71.1');" onmouseout="return nd();" />
<area shape="circle" coords="225,236,10" href="/hhomp/browse?page=OMP.nn.72.1" title="" onmouseover="return overlib('OMP.nn.72.1 (Cyanobacterium)');" onmouseout="return nd();" />
<area shape="circle" coords="164,298,10" href="/hhomp/browse?page=OMP.nn.73.1" title="" onmouseover="return overlib('OMP.nn.73.1');" onmouseout="return nd();" />
<area shape="circle" coords="184,277,10" href="/hhomp/browse?page=OMP.nn.74.1" title="" onmouseover="return overlib('OMP.nn.74.1');" onmouseout="return nd();" />
<area shape="circle" coords="137,262,10" href="/hhomp/browse?page=OMP.nn.75.1" title="" onmouseover="return overlib('OMP.nn.75.1');" onmouseout="return nd();" />
<area shape="circle" coords="112,411,10" href="/hhomp/browse?page=OMP.nn.76.1" title="" onmouseover="return overlib('OMP.nn.76.1');" onmouseout="return nd();" />
<area shape="circle" coords="147,333,10" href="/hhomp/browse?page=OMP.nn.77.1" title="" onmouseover="return overlib('OMP.nn.77.1 (Francisella)');" onmouseout="return nd();" />
<area shape="circle" coords="236,151,10" href="/hhomp/browse?page=OMP.nn.78.1" title="" onmouseover="return overlib('OMP.nn.78.1');" onmouseout="return nd();" />
<area shape="circle" coords="318,130,10" href="/hhomp/browse?page=OMP.nn.79.1" title="" onmouseover="return overlib('OMP.nn.79.1');" onmouseout="return nd();" />
<area shape="circle" coords="414,90,10" href="/hhomp/browse?page=OMP.nn.8.1" title="" onmouseover="return overlib('OMP.nn.8.1 trimeric autotransporter (YadA-like) ');" onmouseout="return nd();" />
<area shape="circle" coords="412,202,10" href="/hhomp/browse?page=OMP.nn.80.1" title="" onmouseover="return overlib('OMP.nn.80.1');" onmouseout="return nd();" />
<area shape="circle" coords="603,114,10" href="/hhomp/browse?page=OMP.nn.81.1" title="" onmouseover="return overlib('OMP.nn.81.1');" onmouseout="return nd();" />
<area shape="circle" coords="401,347,10" href="/hhomp/browse?page=OMP.nn.82.1" title="" onmouseover="return overlib('OMP.nn.82.1 (Orientia)');" onmouseout="return nd();" />
<area shape="circle" coords="377,482,10" href="/hhomp/browse?page=OMP.nn.83.1" title="" onmouseover="return overlib('OMP.nn.83.1');" onmouseout="return nd();" />
<area shape="circle" coords="388,237,10" href="/hhomp/browse?page=OMP.nn.84.1" title="" onmouseover="return overlib('OMP.nn.84.1 (vibrio)');" onmouseout="return nd();" />
<area shape="circle" coords="454,69,10" href="/hhomp/browse?page=OMP.nn.85.1" title="" onmouseover="return overlib('OMP.nn.85.1 (Lawsonia)');" onmouseout="return nd();" />
<area shape="circle" coords="569,248,10" href="/hhomp/browse?page=OMP.nn.86.1" title="" onmouseover="return overlib('OMP.nn.86.1 (Campylobacter)');" onmouseout="return nd();" />
<area shape="circle" coords="426,485,10" href="/hhomp/browse?page=OMP.nn.87.1" title="" onmouseover="return overlib('OMP.nn.87.1');" onmouseout="return nd();" />
<area shape="circle" coords="708,343,10" href="/hhomp/browse?page=OMP.nn.88.1" title="" onmouseover="return overlib('OMP.nn.88.1');" onmouseout="return nd();" />
<area shape="circle" coords="635,164,10" href="/hhomp/browse?page=OMP.nn.89.1" title="" onmouseover="return overlib('OMP.nn.89.1');" onmouseout="return nd();" />
<area shape="circle" coords="246,412,10" href="/hhomp/browse?page=OMP.nn.9.1" title="" onmouseover="return overlib('OMP.nn.9.1 OprD');" onmouseout="return nd();" />
<area shape="circle" coords="594,302,10" href="/hhomp/browse?page=OMP.nn.90.1" title="" onmouseover="return overlib('OMP.nn.90.1');" onmouseout="return nd();" />
<area shape="circle" coords="563,506,10" href="/hhomp/browse?page=OMP.nn.91.1" title="" onmouseover="return overlib('OMP.nn.91.1');" onmouseout="return nd();" />
<area shape="circle" coords="275,258,10" href="/hhomp/browse?page=OMP.nn.92.1" title="" onmouseover="return overlib('OMP.nn.92.1');" onmouseout="return nd();" />
<area shape="circle" coords="314,270,10" href="/hhomp/browse?page=OMP.nn.93.1" title="" onmouseover="return overlib('OMP.nn.93.1');" onmouseout="return nd();" />
<area shape="circle" coords="310,274,10" href="/hhomp/browse?page=OMP.nn.94.1" title="" onmouseover="return overlib('OMP.nn.94.1');" onmouseout="return nd();" />
<area shape="circle" coords="310,278,10" href="/hhomp/browse?page=OMP.nn.95.1" title="" onmouseover="return overlib('OMP.nn.95.1');" onmouseout="return nd();" />
<area shape="circle" coords="311,274,10" href="/hhomp/browse?page=OMP.nn.96.1" title="" onmouseover="return overlib('OMP.nn.96.1');" onmouseout="return nd();" />
<area shape="circle" coords="583,157,10" href="/hhomp/browse?page=OMP.nn.97.1" title="" onmouseover="return overlib('OMP.nn.97.1');" onmouseout="return nd();" />
<area shape="circle" coords="332,233,10" href="/hhomp/browse?page=OMP.nn.98.1" title="" onmouseover="return overlib('OMP.nn.98.1');" onmouseout="return nd();" />
