<area shape="circle" coords="184,304,10" href="/hhomp/browse?page=OMP.10.1.1" title="" onmouseover="return overlib('OMP.10.1.1 OmpT');" onmouseout="return nd();" />
<area shape="circle" coords="380,132,10" href="/hhomp/browse?page=OMP.12.1.1" title="" onmouseover="return overlib('OMP.12.1.1 NalP & Haemoglobin protease');" onmouseout="return nd();" />
<area shape="circle" coords="383,132,10" href="/hhomp/browse?page=OMP.12.1.2" title="" onmouseover="return overlib('OMP.12.1.2 NalP & Haemoglobin protease');" onmouseout="return nd();" />
<area shape="circle" coords="367,135,10" href="/hhomp/browse?page=OMP.12.1.3" title="" onmouseover="return overlib('OMP.12.1.3 NalP & Haemoglobin protease (Pseudomonas)');" onmouseout="return nd();" />
<area shape="circle" coords="371,124,10" href="/hhomp/browse?page=OMP.12.1.4" title="" onmouseover="return overlib('OMP.12.1.4 NalP & Haemoglobin protease');" onmouseout="return nd();" />
<area shape="circle" coords="367,131,10" href="/hhomp/browse?page=OMP.12.1.5" title="" onmouseover="return overlib('OMP.12.1.5 NalP & Haemoglobin protease');" onmouseout="return nd();" />
<area shape="circle" coords="377,129,10" href="/hhomp/browse?page=OMP.12.1.6" title="" onmouseover="return overlib('OMP.12.1.6 NalP & Haemoglobin protease');" onmouseout="return nd();" />
<area shape="circle" coords="369,124,10" href="/hhomp/browse?page=OMP.12.1.7" title="" onmouseover="return overlib('OMP.12.1.7 NalP & Haemoglobin protease (Burkholderia)');" onmouseout="return nd();" />
<area shape="circle" coords="358,118,10" href="/hhomp/browse?page=OMP.12.2.1" title="" onmouseover="return overlib('OMP.12.2.1 NalP & Haemoglobin protease');" onmouseout="return nd();" />
<area shape="circle" coords="379,134,10" href="/hhomp/browse?page=OMP.12.2.2" title="" onmouseover="return overlib('OMP.12.2.2 NalP & Haemoglobin protease');" onmouseout="return nd();" />
<area shape="circle" coords="374,110,10" href="/hhomp/browse?page=OMP.12.2.3" title="" onmouseover="return overlib('OMP.12.2.3 NalP & Haemoglobin protease (Bartonella)');" onmouseout="return nd();" />
<area shape="circle" coords="359,113,10" href="/hhomp/browse?page=OMP.12.2.4" title="" onmouseover="return overlib('OMP.12.2.4 NalP & Haemoglobin protease (Fusobacterium)');" onmouseout="return nd();" />
<area shape="circle" coords="327,70,10" href="/hhomp/browse?page=OMP.12.2.5" title="" onmouseover="return overlib('OMP.12.2.5 NalP & Haemoglobin protease (Chlamydophila)');" onmouseout="return nd();" />
<area shape="circle" coords="346,121,10" href="/hhomp/browse?page=OMP.12.2.6" title="" onmouseover="return overlib('OMP.12.2.6 NalP & Haemoglobin protease (Rickettsia)');" onmouseout="return nd();" />
<area shape="circle" coords="350,120,10" href="/hhomp/browse?page=OMP.12.2.7" title="" onmouseover="return overlib('OMP.12.2.7 NalP & Haemoglobin protease (Rickettsia)');" onmouseout="return nd();" />
<area shape="circle" coords="351,116,10" href="/hhomp/browse?page=OMP.12.2.8" title="" onmouseover="return overlib('OMP.12.2.8 NalP & Haemoglobin protease (Helicobacter)');" onmouseout="return nd();" />
<area shape="circle" coords="341,118,10" href="/hhomp/browse?page=OMP.12.3.1" title="" onmouseover="return overlib('OMP.12.3.1 NalP & ? (Rickettsia)');" onmouseout="return nd();" />
<area shape="circle" coords="344,120,10" href="/hhomp/browse?page=OMP.12.3.2" title="" onmouseover="return overlib('OMP.12.3.2 NalP & ? (Rickettsia) ');" onmouseout="return nd();" />
<area shape="circle" coords="377,130,10" href="/hhomp/browse?page=OMP.12.4.1" title="" onmouseover="return overlib('OMP.12.4.1 NalP & ?');" onmouseout="return nd();" />
<area shape="circle" coords="681,115,10" href="/hhomp/browse?page=OMP.12.5.1" title="" onmouseover="return overlib('OMP.12.5.1 Tsx-like');" onmouseout="return nd();" />
<area shape="circle" coords="685,117,10" href="/hhomp/browse?page=OMP.12.5.2" title="" onmouseover="return overlib('OMP.12.5.2 Tsx-like');" onmouseout="return nd();" />
<area shape="circle" coords="695,121,10" href="/hhomp/browse?page=OMP.12.5.3" title="" onmouseover="return overlib('OMP.12.5.3 Tsx-like');" onmouseout="return nd();" />
<area shape="circle" coords="686,148,10" href="/hhomp/browse?page=OMP.12.5.4" title="" onmouseover="return overlib('OMP.12.5.4 Tsx-like');" onmouseout="return nd();" />
<area shape="circle" coords="133,493,10" href="/hhomp/browse?page=OMP.12.6.1" title="" onmouseover="return overlib('OMP.12.6.1 OmpLA-like');" onmouseout="return nd();" />
<area shape="circle" coords="592,375,10" href="/hhomp/browse?page=OMP.14.1.1" title="" onmouseover="return overlib('OMP.14.1.1 FadL-like');" onmouseout="return nd();" />
<area shape="circle" coords="595,328,10" href="/hhomp/browse?page=OMP.14.1.10" title="" onmouseover="return overlib('OMP.14.1.10 FadL-like ');" onmouseout="return nd();" />
<area shape="circle" coords="593,390,10" href="/hhomp/browse?page=OMP.14.1.2" title="" onmouseover="return overlib('OMP.14.1.2 FadL-like ');" onmouseout="return nd();" />
<area shape="circle" coords="592,366,10" href="/hhomp/browse?page=OMP.14.1.3" title="" onmouseover="return overlib('OMP.14.1.3 FadL-like ');" onmouseout="return nd();" />
<area shape="circle" coords="589,391,10" href="/hhomp/browse?page=OMP.14.1.4" title="" onmouseover="return overlib('OMP.14.1.4 FadL-like ');" onmouseout="return nd();" />
<area shape="circle" coords="599,376,10" href="/hhomp/browse?page=OMP.14.1.5" title="" onmouseover="return overlib('OMP.14.1.5 FadL-like ');" onmouseout="return nd();" />
<area shape="circle" coords="650,353,10" href="/hhomp/browse?page=OMP.14.1.6" title="" onmouseover="return overlib('OMP.14.1.6 FadL-like ');" onmouseout="return nd();" />
<area shape="circle" coords="599,377,10" href="/hhomp/browse?page=OMP.14.1.7" title="" onmouseover="return overlib('OMP.14.1.7 FadL-like ');" onmouseout="return nd();" />
<area shape="circle" coords="590,323,10" href="/hhomp/browse?page=OMP.14.1.8" title="" onmouseover="return overlib('OMP.14.1.8 FadL-like ');" onmouseout="return nd();" />
<area shape="circle" coords="679,354,10" href="/hhomp/browse?page=OMP.14.1.9" title="" onmouseover="return overlib('OMP.14.1.9 FadL-like ');" onmouseout="return nd();" />
<area shape="circle" coords="247,366,10" href="/hhomp/browse?page=OMP.14.2.1" title="" onmouseover="return overlib('OMP.14.2.1 OmpG-like');" onmouseout="return nd();" />
<area shape="circle" coords="502,230,10" href="/hhomp/browse?page=OMP.16.1.1" title="" onmouseover="return overlib('OMP.16.1.1 PhoE-like');" onmouseout="return nd();" />
<area shape="circle" coords="506,227,10" href="/hhomp/browse?page=OMP.16.1.2" title="" onmouseover="return overlib('OMP.16.1.2 PhoE-like');" onmouseout="return nd();" />
<area shape="circle" coords="504,221,10" href="/hhomp/browse?page=OMP.16.1.3" title="" onmouseover="return overlib('OMP.16.1.3 PhoE-like (Shewanella)');" onmouseout="return nd();" />
<area shape="circle" coords="522,193,10" href="/hhomp/browse?page=OMP.16.2.1" title="" onmouseover="return overlib('OMP.16.2.1 OmpC-like (b-Proteobacteria)');" onmouseout="return nd();" />
<area shape="circle" coords="531,194,10" href="/hhomp/browse?page=OMP.16.2.2" title="" onmouseover="return overlib('OMP.16.2.2 OmpC-like (b-Proteobacteria)');" onmouseout="return nd();" />
<area shape="circle" coords="520,194,10" href="/hhomp/browse?page=OMP.16.2.3" title="" onmouseover="return overlib('OMP.16.2.3 OmpC-like (b-Proteobacteria)');" onmouseout="return nd();" />
<area shape="circle" coords="525,192,10" href="/hhomp/browse?page=OMP.16.2.4" title="" onmouseover="return overlib('OMP.16.2.4 OmpC-like');" onmouseout="return nd();" />
<area shape="circle" coords="532,200,10" href="/hhomp/browse?page=OMP.16.2.5" title="" onmouseover="return overlib('OMP.16.2.5 OmpC-like (b-Proteobacteria)');" onmouseout="return nd();" />
<area shape="circle" coords="526,209,10" href="/hhomp/browse?page=OMP.16.2.6" title="" onmouseover="return overlib('OMP.16.2.6 OmpC-like');" onmouseout="return nd();" />
<area shape="circle" coords="512,220,10" href="/hhomp/browse?page=OMP.16.2.7" title="" onmouseover="return overlib('OMP.16.2.7 OmpC-like (Shewanella)');" onmouseout="return nd();" />
<area shape="circle" coords="528,215,10" href="/hhomp/browse?page=OMP.16.2.8" title="" onmouseover="return overlib('OMP.16.2.8 OmpC-like (Shewanella)');" onmouseout="return nd();" />
<area shape="circle" coords="538,207,10" href="/hhomp/browse?page=OMP.16.2.9" title="" onmouseover="return overlib('OMP.16.2.9 OmpC-like (Neisseria)');" onmouseout="return nd();" />
<area shape="circle" coords="495,226,10" href="/hhomp/browse?page=OMP.16.3.1" title="" onmouseover="return overlib('OMP.16.3.1 (Haemophilus)');" onmouseout="return nd();" />
<area shape="circle" coords="503,219,10" href="/hhomp/browse?page=OMP.16.3.2" title="" onmouseover="return overlib('OMP.16.3.2');" onmouseout="return nd();" />
<area shape="circle" coords="525,329,10" href="/hhomp/browse?page=OMP.16.4.1" title="" onmouseover="return overlib('OMP.16.4.1 Phosphate-selective porin O & P');" onmouseout="return nd();" />
<area shape="circle" coords="674,246,10" href="/hhomp/browse?page=OMP.16.4.2" title="" onmouseover="return overlib('OMP.16.4.2 Phosphate-selective porin O & P');" onmouseout="return nd();" />
<area shape="circle" coords="224,438,10" href="/hhomp/browse?page=OMP.16.5.1" title="" onmouseover="return overlib('OMP.16.5.1 SomB-like (Cyanobacteria)');" onmouseout="return nd();" />
<area shape="circle" coords="357,156,10" href="/hhomp/browse?page=OMP.16.6.1" title="" onmouseover="return overlib('OMP.16.6.1 1H6S-like (Rhodobacteraceae) ');" onmouseout="return nd();" />
<area shape="circle" coords="730,238,10" href="/hhomp/browse?page=OMP.18.1.1" title="" onmouseover="return overlib('OMP.18.1.1 LamB-like');" onmouseout="return nd();" />
<area shape="circle" coords="727,242,10" href="/hhomp/browse?page=OMP.18.1.2" title="" onmouseover="return overlib('OMP.18.1.2 LamB-like');" onmouseout="return nd();" />
<area shape="circle" coords="732,243,10" href="/hhomp/browse?page=OMP.18.1.3" title="" onmouseover="return overlib('OMP.18.1.3 LamB-like (Vibrio)');" onmouseout="return nd();" />
<area shape="circle" coords="727,241,10" href="/hhomp/browse?page=OMP.18.1.4" title="" onmouseover="return overlib('OMP.18.1.4 LamB-like');" onmouseout="return nd();" />
<area shape="circle" coords="450,546,10" href="/hhomp/browse?page=OMP.22.1.1" title="" onmouseover="return overlib('OMP.22.1.1 FhuA-like');" onmouseout="return nd();" />
<area shape="circle" coords="436,555,10" href="/hhomp/browse?page=OMP.22.1.2" title="" onmouseover="return overlib('OMP.22.1.2 FhuA-like');" onmouseout="return nd();" />
<area shape="circle" coords="442,544,10" href="/hhomp/browse?page=OMP.22.1.3" title="" onmouseover="return overlib('OMP.22.1.3 FhuA-like');" onmouseout="return nd();" />
<area shape="circle" coords="441,548,10" href="/hhomp/browse?page=OMP.22.1.4" title="" onmouseover="return overlib('OMP.22.1.4 FhuA-like');" onmouseout="return nd();" />
<area shape="circle" coords="442,547,10" href="/hhomp/browse?page=OMP.22.1.5" title="" onmouseover="return overlib('OMP.22.1.5 FhuA-like');" onmouseout="return nd();" />
<area shape="circle" coords="431,551,10" href="/hhomp/browse?page=OMP.22.1.6" title="" onmouseover="return overlib('OMP.22.1.6 FhuA-like');" onmouseout="return nd();" />
<area shape="circle" coords="438,549,10" href="/hhomp/browse?page=OMP.22.1.7" title="" onmouseover="return overlib('OMP.22.1.7 FhuA-like');" onmouseout="return nd();" />
<area shape="circle" coords="494,435,10" href="/hhomp/browse?page=OMP.22.10.1" title="" onmouseover="return overlib('OMP.22.10.1 ');" onmouseout="return nd();" />
<area shape="circle" coords="488,432,10" href="/hhomp/browse?page=OMP.22.10.2" title="" onmouseover="return overlib('OMP.22.10.2');" onmouseout="return nd();" />
<area shape="circle" coords="451,440,10" href="/hhomp/browse?page=OMP.22.10.3" title="" onmouseover="return overlib('OMP.22.10.3');" onmouseout="return nd();" />
<area shape="circle" coords="480,414,10" href="/hhomp/browse?page=OMP.22.10.4" title="" onmouseover="return overlib('OMP.22.10.4');" onmouseout="return nd();" />
<area shape="circle" coords="476,424,10" href="/hhomp/browse?page=OMP.22.10.5" title="" onmouseover="return overlib('OMP.22.10.5');" onmouseout="return nd();" />
<area shape="circle" coords="478,420,10" href="/hhomp/browse?page=OMP.22.10.6" title="" onmouseover="return overlib('OMP.22.10.6');" onmouseout="return nd();" />
<area shape="circle" coords="424,505,10" href="/hhomp/browse?page=OMP.22.11.1" title="" onmouseover="return overlib('OMP.22.11.1');" onmouseout="return nd();" />
<area shape="circle" coords="414,513,10" href="/hhomp/browse?page=OMP.22.11.2" title="" onmouseover="return overlib('OMP.22.11.2');" onmouseout="return nd();" />
<area shape="circle" coords="415,516,10" href="/hhomp/browse?page=OMP.22.11.3" title="" onmouseover="return overlib('OMP.22.11.3');" onmouseout="return nd();" />
<area shape="circle" coords="427,508,10" href="/hhomp/browse?page=OMP.22.11.4" title="" onmouseover="return overlib('OMP.22.11.4');" onmouseout="return nd();" />
<area shape="circle" coords="508,466,10" href="/hhomp/browse?page=OMP.22.12.1" title="" onmouseover="return overlib('OMP.22.12.1');" onmouseout="return nd();" />
<area shape="circle" coords="487,495,10" href="/hhomp/browse?page=OMP.22.12.2" title="" onmouseover="return overlib('OMP.22.12.2');" onmouseout="return nd();" />
<area shape="circle" coords="459,450,10" href="/hhomp/browse?page=OMP.22.12.3" title="" onmouseover="return overlib('OMP.22.12.3');" onmouseout="return nd();" />
<area shape="circle" coords="472,592,10" href="/hhomp/browse?page=OMP.22.12.4" title="" onmouseover="return overlib('OMP.22.12.4');" onmouseout="return nd();" />
<area shape="circle" coords="479,432,10" href="/hhomp/browse?page=OMP.22.12.5" title="" onmouseover="return overlib('OMP.22.12.5');" onmouseout="return nd();" />
<area shape="circle" coords="429,456,10" href="/hhomp/browse?page=OMP.22.12.6" title="" onmouseover="return overlib('OMP.22.12.6');" onmouseout="return nd();" />
<area shape="circle" coords="465,529,10" href="/hhomp/browse?page=OMP.22.2.1" title="" onmouseover="return overlib('OMP.22.2.1 FhuA/FecA-like');" onmouseout="return nd();" />
<area shape="circle" coords="466,530,10" href="/hhomp/browse?page=OMP.22.2.2" title="" onmouseover="return overlib('OMP.22.2.2 FhuA/FecA-like');" onmouseout="return nd();" />
<area shape="circle" coords="458,538,10" href="/hhomp/browse?page=OMP.22.2.3" title="" onmouseover="return overlib('OMP.22.2.3 FhuA/FecA-like');" onmouseout="return nd();" />
<area shape="circle" coords="456,522,10" href="/hhomp/browse?page=OMP.22.2.4" title="" onmouseover="return overlib('OMP.22.2.4 FhuA/FecA-like');" onmouseout="return nd();" />
<area shape="circle" coords="458,521,10" href="/hhomp/browse?page=OMP.22.2.5" title="" onmouseover="return overlib('OMP.22.2.5 FhuA/FecA-like');" onmouseout="return nd();" />
<area shape="circle" coords="459,516,10" href="/hhomp/browse?page=OMP.22.2.6" title="" onmouseover="return overlib('OMP.22.2.6 FhuA/FecA-like ');" onmouseout="return nd();" />
<area shape="circle" coords="536,543,10" href="/hhomp/browse?page=OMP.22.3.1" title="" onmouseover="return overlib('OMP.22.3.1 FhuA/FecA-like');" onmouseout="return nd();" />
<area shape="circle" coords="546,539,10" href="/hhomp/browse?page=OMP.22.3.2" title="" onmouseover="return overlib('OMP.22.3.2 FhuA/FecA-like');" onmouseout="return nd();" />
<area shape="circle" coords="554,551,10" href="/hhomp/browse?page=OMP.22.3.3" title="" onmouseover="return overlib('OMP.22.3.3 FhuA/FecA-like');" onmouseout="return nd();" />
<area shape="circle" coords="547,547,10" href="/hhomp/browse?page=OMP.22.3.4" title="" onmouseover="return overlib('OMP.22.3.4 FhuA/FecA-like');" onmouseout="return nd();" />
<area shape="circle" coords="549,536,10" href="/hhomp/browse?page=OMP.22.3.5" title="" onmouseover="return overlib('OMP.22.3.5 FhuA/FecA-like');" onmouseout="return nd();" />
<area shape="circle" coords="534,537,10" href="/hhomp/browse?page=OMP.22.3.6" title="" onmouseover="return overlib('OMP.22.3.6 FhuA/FecA-like');" onmouseout="return nd();" />
<area shape="circle" coords="486,523,10" href="/hhomp/browse?page=OMP.22.3.7" title="" onmouseover="return overlib('OMP.22.3.7 FhuA/FecA-like');" onmouseout="return nd();" />
<area shape="circle" coords="451,512,10" href="/hhomp/browse?page=OMP.22.4.1" title="" onmouseover="return overlib('OMP.22.4.1 FecA-like');" onmouseout="return nd();" />
<area shape="circle" coords="455,521,10" href="/hhomp/browse?page=OMP.22.4.10" title="" onmouseover="return overlib('OMP.22.4.10 FecA-like');" onmouseout="return nd();" />
<area shape="circle" coords="450,509,10" href="/hhomp/browse?page=OMP.22.4.2" title="" onmouseover="return overlib('OMP.22.4.2 FecA-like');" onmouseout="return nd();" />
<area shape="circle" coords="451,527,10" href="/hhomp/browse?page=OMP.22.4.3" title="" onmouseover="return overlib('OMP.22.4.3 FecA-like');" onmouseout="return nd();" />
<area shape="circle" coords="451,510,10" href="/hhomp/browse?page=OMP.22.4.4" title="" onmouseover="return overlib('OMP.22.4.4 FecA-like');" onmouseout="return nd();" />
<area shape="circle" coords="454,515,10" href="/hhomp/browse?page=OMP.22.4.5" title="" onmouseover="return overlib('OMP.22.4.5 FecA-like');" onmouseout="return nd();" />
<area shape="circle" coords="425,513,10" href="/hhomp/browse?page=OMP.22.4.6" title="" onmouseover="return overlib('OMP.22.4.6 FecA-like');" onmouseout="return nd();" />
<area shape="circle" coords="433,512,10" href="/hhomp/browse?page=OMP.22.4.7" title="" onmouseover="return overlib('OMP.22.4.7 FecA-like');" onmouseout="return nd();" />
<area shape="circle" coords="431,513,10" href="/hhomp/browse?page=OMP.22.4.8" title="" onmouseover="return overlib('OMP.22.4.8 FecA-like');" onmouseout="return nd();" />
<area shape="circle" coords="462,513,10" href="/hhomp/browse?page=OMP.22.4.9" title="" onmouseover="return overlib('OMP.22.4.9 FecA-like');" onmouseout="return nd();" />
<area shape="circle" coords="469,510,10" href="/hhomp/browse?page=OMP.22.5.1" title="" onmouseover="return overlib('OMP.22.5.1 FecA-like');" onmouseout="return nd();" />
<area shape="circle" coords="472,513,10" href="/hhomp/browse?page=OMP.22.5.2" title="" onmouseover="return overlib('OMP.22.5.2 FecA-like');" onmouseout="return nd();" />
<area shape="circle" coords="442,398,10" href="/hhomp/browse?page=OMP.22.6.1" title="" onmouseover="return overlib('OMP.22.6.1 FepA-like');" onmouseout="return nd();" />
<area shape="circle" coords="430,396,10" href="/hhomp/browse?page=OMP.22.6.2" title="" onmouseover="return overlib('OMP.22.6.2 FepA-like');" onmouseout="return nd();" />
<area shape="circle" coords="424,389,10" href="/hhomp/browse?page=OMP.22.6.3" title="" onmouseover="return overlib('OMP.22.6.3 FepA-like');" onmouseout="return nd();" />
<area shape="circle" coords="542,421,10" href="/hhomp/browse?page=OMP.22.7.1" title="" onmouseover="return overlib('OMP.22.7.1 ');" onmouseout="return nd();" />
<area shape="circle" coords="546,422,10" href="/hhomp/browse?page=OMP.22.7.2" title="" onmouseover="return overlib('OMP.22.7.2');" onmouseout="return nd();" />
<area shape="circle" coords="463,495,10" href="/hhomp/browse?page=OMP.22.7.3" title="" onmouseover="return overlib('OMP.22.7.3');" onmouseout="return nd();" />
<area shape="circle" coords="463,486,10" href="/hhomp/browse?page=OMP.22.7.4" title="" onmouseover="return overlib('OMP.22.7.4');" onmouseout="return nd();" />
<area shape="circle" coords="464,492,10" href="/hhomp/browse?page=OMP.22.7.5" title="" onmouseover="return overlib('OMP.22.7.5');" onmouseout="return nd();" />
<area shape="circle" coords="398,522,10" href="/hhomp/browse?page=OMP.22.8.1" title="" onmouseover="return overlib('OMP.22.8.1 BtuB-like');" onmouseout="return nd();" />
<area shape="circle" coords="409,523,10" href="/hhomp/browse?page=OMP.22.8.2" title="" onmouseover="return overlib('OMP.22.8.2 BtuB-like');" onmouseout="return nd();" />
<area shape="circle" coords="407,518,10" href="/hhomp/browse?page=OMP.22.8.3" title="" onmouseover="return overlib('OMP.22.8.3 BtuB-like');" onmouseout="return nd();" />
<area shape="circle" coords="402,515,10" href="/hhomp/browse?page=OMP.22.8.4" title="" onmouseover="return overlib('OMP.22.8.4 BtuB-like');" onmouseout="return nd();" />
<area shape="circle" coords="433,509,10" href="/hhomp/browse?page=OMP.22.8.5" title="" onmouseover="return overlib('OMP.22.8.5 BtuB-like');" onmouseout="return nd();" />
<area shape="circle" coords="491,517,10" href="/hhomp/browse?page=OMP.22.9.1" title="" onmouseover="return overlib('OMP.22.9.1');" onmouseout="return nd();" />
<area shape="circle" coords="448,552,10" href="/hhomp/browse?page=OMP.22.9.2" title="" onmouseover="return overlib('OMP.22.9.2');" onmouseout="return nd();" />
<area shape="circle" coords="466,530,10" href="/hhomp/browse?page=OMP.22.9.3" title="" onmouseover="return overlib('OMP.22.9.3');" onmouseout="return nd();" />
<area shape="circle" coords="465,468,10" href="/hhomp/browse?page=OMP.22.9.4" title="" onmouseover="return overlib('OMP.22.9.4');" onmouseout="return nd();" />
<area shape="circle" coords="455,519,10" href="/hhomp/browse?page=OMP.22.9.5" title="" onmouseover="return overlib('OMP.22.9.5');" onmouseout="return nd();" />
<area shape="circle" coords="346,271,10" href="/hhomp/browse?page=OMP.8.1.1" title="" onmouseover="return overlib('OMP.8.1.1 OmpA-like');" onmouseout="return nd();" />
<area shape="circle" coords="350,262,10" href="/hhomp/browse?page=OMP.8.1.2" title="" onmouseover="return overlib('OMP.8.1.2 OmpA-like');" onmouseout="return nd();" />
<area shape="circle" coords="348,265,10" href="/hhomp/browse?page=OMP.8.1.3" title="" onmouseover="return overlib('OMP.8.1.3 OmpA-like (OprF)');" onmouseout="return nd();" />
<area shape="circle" coords="348,259,10" href="/hhomp/browse?page=OMP.8.1.4" title="" onmouseover="return overlib('OMP.8.1.4 OmpA-like & Thrombospondin');" onmouseout="return nd();" />
<area shape="circle" coords="339,278,10" href="/hhomp/browse?page=OMP.8.1.5" title="" onmouseover="return overlib('OMP.8.1.5 OmpA-like');" onmouseout="return nd();" />
<area shape="circle" coords="346,264,10" href="/hhomp/browse?page=OMP.8.1.6" title="" onmouseover="return overlib('OMP.8.1.6 OmpA-like & Thrombospondin (only d-Proteobacteria)');" onmouseout="return nd();" />
<area shape="circle" coords="342,260,10" href="/hhomp/browse?page=OMP.8.1.7" title="" onmouseover="return overlib('OMP.8.1.7 OmpA-like (only Bacteroidetes)');" onmouseout="return nd();" />
<area shape="circle" coords="344,279,10" href="/hhomp/browse?page=OMP.8.1.8" title="" onmouseover="return overlib('OMP.8.1.8 OmpA-like (Erwinia - Brenneria)');" onmouseout="return nd();" />
<area shape="circle" coords="351,266,10" href="/hhomp/browse?page=OMP.8.1.9" title="" onmouseover="return overlib('OMP.8.1.9 OmpA-like (only Shewanella)');" onmouseout="return nd();" />
<area shape="circle" coords="405,335,10" href="/hhomp/browse?page=OMP.8.2.1" title="" onmouseover="return overlib('OMP.8.2.1 OmpW');" onmouseout="return nd();" />
<area shape="circle" coords="411,340,10" href="/hhomp/browse?page=OMP.8.2.2" title="" onmouseover="return overlib('OMP.8.2.2 OmpW (b-Proteobacteria)');" onmouseout="return nd();" />
<area shape="circle" coords="384,313,10" href="/hhomp/browse?page=OMP.8.3.1" title="" onmouseover="return overlib('OMP.8.3.1 OmpX');" onmouseout="return nd();" />
<area shape="circle" coords="189,196,10" href="/hhomp/browse?page=OMP.8.4.1" title="" onmouseover="return overlib('OMP.8.4.1 PagL');" onmouseout="return nd();" />
<area shape="circle" coords="582,665,10" href="/hhomp/browse?page=OMP.8.5.1" title="" onmouseover="return overlib('OMP.8.5.1 PagP');" onmouseout="return nd();" />
<area shape="circle" coords="333,309,10" href="/hhomp/browse?page=OMP.8.6.1" title="" onmouseover="return overlib('OMP.8.6.1 NspA-like (only Neisseria)');" onmouseout="return nd();" />
<area shape="circle" coords="327,314,10" href="/hhomp/browse?page=OMP.8.6.2" title="" onmouseover="return overlib('OMP.8.6.2 NspA-like');" onmouseout="return nd();" />
<area shape="circle" coords="321,309,10" href="/hhomp/browse?page=OMP.8.6.3" title="" onmouseover="return overlib('OMP.8.6.3 NspA-like');" onmouseout="return nd();" />
<area shape="circle" coords="329,315,10" href="/hhomp/browse?page=OMP.8.6.4" title="" onmouseover="return overlib('OMP.8.6.4 NspA-like');" onmouseout="return nd();" />
<area shape="circle" coords="340,320,10" href="/hhomp/browse?page=OMP.8.6.5" title="" onmouseover="return overlib('OMP.8.6.5 NspA-like (only Rickettsia)');" onmouseout="return nd();" />
<area shape="circle" coords="313,318,10" href="/hhomp/browse?page=OMP.8.6.6" title="" onmouseover="return overlib('OMP.8.6.6 NspA-like (only Wolbachia)');" onmouseout="return nd();" />
<area shape="circle" coords="326,324,10" href="/hhomp/browse?page=OMP.8.7.1" title="" onmouseover="return overlib('OMP.8.7.1 (hemin binding)');" onmouseout="return nd();" />
<area shape="circle" coords="320,320,10" href="/hhomp/browse?page=OMP.8.7.2" title="" onmouseover="return overlib('OMP.8.7.2');" onmouseout="return nd();" />
<area shape="circle" coords="325,305,10" href="/hhomp/browse?page=OMP.8.7.3" title="" onmouseover="return overlib('OMP.8.7.3');" onmouseout="return nd();" />
<area shape="circle" coords="311,328,10" href="/hhomp/browse?page=OMP.8.7.4" title="" onmouseover="return overlib('OMP.8.7.4');" onmouseout="return nd();" />
<area shape="circle" coords="359,283,10" href="/hhomp/browse?page=OMP.8.8.1" title="" onmouseover="return overlib('OMP.8.8.1');" onmouseout="return nd();" />
<area shape="circle" coords="415,272,10" href="/hhomp/browse?page=OMP.8.9.1" title="" onmouseover="return overlib('OMP.8.9.1');" onmouseout="return nd();" />
<area shape="circle" coords="120,573,10" href="/hhomp/browse?page=OMP.hypo.1.1" title="" onmouseover="return overlib('OMP.hypo.1.1 (Chlorobium)');" onmouseout="return nd();" />
<area shape="circle" coords="136,576,10" href="/hhomp/browse?page=OMP.hypo.1.2" title="" onmouseover="return overlib('OMP.hypo.1.2');" onmouseout="return nd();" />
<area shape="circle" coords="461,248,10" href="/hhomp/browse?page=OMP.hypo.2.1" title="" onmouseover="return overlib('OMP.hypo.2.1');" onmouseout="return nd();" />
<area shape="circle" coords="207,517,10" href="/hhomp/browse?page=OMP.hypo.3.1" title="" onmouseover="return overlib('OMP.hypo.3.1');" onmouseout="return nd();" />
<area shape="circle" coords="241,501,10" href="/hhomp/browse?page=OMP.hypo.3.2" title="" onmouseover="return overlib('OMP.hypo.3.2');" onmouseout="return nd();" />
<area shape="circle" coords="481,297,10" href="/hhomp/browse?page=OMP.hypo.4.1" title="" onmouseover="return overlib('OMP.hypo.4.1');" onmouseout="return nd();" />
<area shape="circle" coords="460,235,10" href="/hhomp/browse?page=OMP.nn.1.1" title="" onmouseover="return overlib('OMP.nn.1.1 MspA-like');" onmouseout="return nd();" />
<area shape="circle" coords="466,214,10" href="/hhomp/browse?page=OMP.nn.1.2" title="" onmouseover="return overlib('OMP.nn.1.2 MspA-like');" onmouseout="return nd();" />
<area shape="circle" coords="283,259,10" href="/hhomp/browse?page=OMP.nn.10.1" title="" onmouseover="return overlib('OMP.nn.10.1 cellulose synthase operon');" onmouseout="return nd();" />
<area shape="circle" coords="436,251,10" href="/hhomp/browse?page=OMP.nn.10.2" title="" onmouseover="return overlib('OMP.nn.10.2 cellulose synthase operon');" onmouseout="return nd();" />
<area shape="circle" coords="458,219,10" href="/hhomp/browse?page=OMP.nn.10.3" title="" onmouseover="return overlib('OMP.nn.10.3 cellulose synthase operon');" onmouseout="return nd();" />
<area shape="circle" coords="106,429,10" href="/hhomp/browse?page=OMP.nn.11.1" title="" onmouseover="return overlib('OMP.nn.11.1 MltA-interacting MipA');" onmouseout="return nd();" />
<area shape="circle" coords="97,443,10" href="/hhomp/browse?page=OMP.nn.11.2" title="" onmouseover="return overlib('OMP.nn.11.2 MltA-interacting MipA');" onmouseout="return nd();" />
<area shape="circle" coords="83,437,10" href="/hhomp/browse?page=OMP.nn.11.3" title="" onmouseover="return overlib('OMP.nn.11.3 MltA-interacting MipA');" onmouseout="return nd();" />
<area shape="circle" coords="66,344,10" href="/hhomp/browse?page=OMP.nn.12.1" title="" onmouseover="return overlib('OMP.nn.12.1 AlgE');" onmouseout="return nd();" />
<area shape="circle" coords="309,320,10" href="/hhomp/browse?page=OMP.nn.13.1" title="" onmouseover="return overlib('OMP.nn.13.1 surface protein');" onmouseout="return nd();" />
<area shape="circle" coords="304,321,10" href="/hhomp/browse?page=OMP.nn.13.2" title="" onmouseover="return overlib('OMP.nn.13.2 surface protein');" onmouseout="return nd();" />
<area shape="circle" coords="587,133,10" href="/hhomp/browse?page=OMP.nn.14.1" title="" onmouseover="return overlib('OMP.nn.14.1 organic solvent tolerance');" onmouseout="return nd();" />
<area shape="circle" coords="596,122,10" href="/hhomp/browse?page=OMP.nn.14.2" title="" onmouseover="return overlib('OMP.nn.14.2 organic solvent tolerance');" onmouseout="return nd();" />
<area shape="circle" coords="602,125,10" href="/hhomp/browse?page=OMP.nn.14.3" title="" onmouseover="return overlib('OMP.nn.14.3 organic solvent tolerance');" onmouseout="return nd();" />
<area shape="circle" coords="602,144,10" href="/hhomp/browse?page=OMP.nn.14.4" title="" onmouseover="return overlib('OMP.nn.14.4 organic solvent tolerance');" onmouseout="return nd();" />
<area shape="circle" coords="369,242,10" href="/hhomp/browse?page=OMP.nn.15.1" title="" onmouseover="return overlib('OMP.nn.15.1 TraF');" onmouseout="return nd();" />
<area shape="circle" coords="98,348,10" href="/hhomp/browse?page=OMP.nn.16.1" title="" onmouseover="return overlib('OMP.nn.16.1');" onmouseout="return nd();" />
<area shape="circle" coords="78,358,10" href="/hhomp/browse?page=OMP.nn.16.2" title="" onmouseover="return overlib('OMP.nn.16.2');" onmouseout="return nd();" />
<area shape="circle" coords="101,364,10" href="/hhomp/browse?page=OMP.nn.16.3" title="" onmouseover="return overlib('OMP.nn.16.3');" onmouseout="return nd();" />
<area shape="circle" coords="129,421,10" href="/hhomp/browse?page=OMP.nn.17.1" title="" onmouseover="return overlib('OMP.nn.17.1');" onmouseout="return nd();" />
<area shape="circle" coords="121,406,10" href="/hhomp/browse?page=OMP.nn.17.2" title="" onmouseover="return overlib('OMP.nn.17.2');" onmouseout="return nd();" />
<area shape="circle" coords="146,408,10" href="/hhomp/browse?page=OMP.nn.17.3" title="" onmouseover="return overlib('OMP.nn.17.3 (Cyanobacterium)');" onmouseout="return nd();" />
<area shape="circle" coords="531,452,10" href="/hhomp/browse?page=OMP.nn.18.1" title="" onmouseover="return overlib('OMP.nn.18.1');" onmouseout="return nd();" />
<area shape="circle" coords="522,452,10" href="/hhomp/browse?page=OMP.nn.18.2" title="" onmouseover="return overlib('OMP.nn.18.2');" onmouseout="return nd();" />
<area shape="circle" coords="567,430,10" href="/hhomp/browse?page=OMP.nn.18.3" title="" onmouseover="return overlib('OMP.nn.18.3');" onmouseout="return nd();" />
<area shape="circle" coords="748,314,10" href="/hhomp/browse?page=OMP.nn.19.1" title="" onmouseover="return overlib('OMP.nn.19.1 (Helicobacter)');" onmouseout="return nd();" />
<area shape="circle" coords="734,315,10" href="/hhomp/browse?page=OMP.nn.19.2" title="" onmouseover="return overlib('OMP.nn.19.2 (Helicobacter)');" onmouseout="return nd();" />
<area shape="circle" coords="310,58,10" href="/hhomp/browse?page=OMP.nn.2.1" title="" onmouseover="return overlib('OMP.nn.2.1 usher protein');" onmouseout="return nd();" />
<area shape="circle" coords="314,54,10" href="/hhomp/browse?page=OMP.nn.2.2" title="" onmouseover="return overlib('OMP.nn.2.2 usher protein');" onmouseout="return nd();" />
<area shape="circle" coords="407,42,10" href="/hhomp/browse?page=OMP.nn.2.3" title="" onmouseover="return overlib('OMP.nn.2.3 usher protein');" onmouseout="return nd();" />
<area shape="circle" coords="373,446,10" href="/hhomp/browse?page=OMP.nn.20.1" title="" onmouseover="return overlib('OMP.nn.20.1');" onmouseout="return nd();" />
<area shape="circle" coords="364,469,10" href="/hhomp/browse?page=OMP.nn.20.2" title="" onmouseover="return overlib('OMP.nn.20.2');" onmouseout="return nd();" />
<area shape="circle" coords="100,298,10" href="/hhomp/browse?page=OMP.nn.21.1" title="" onmouseover="return overlib('OMP.nn.21.1');" onmouseout="return nd();" />
<area shape="circle" coords="428,169,10" href="/hhomp/browse?page=OMP.nn.22.1" title="" onmouseover="return overlib('OMP.nn.22.1');" onmouseout="return nd();" />
<area shape="circle" coords="247,420,10" href="/hhomp/browse?page=OMP.nn.23.1" title="" onmouseover="return overlib('OMP.nn.23.1');" onmouseout="return nd();" />
<area shape="circle" coords="206,311,10" href="/hhomp/browse?page=OMP.nn.24.1" title="" onmouseover="return overlib('OMP.nn.24.1');" onmouseout="return nd();" />
<area shape="circle" coords="189,126,10" href="/hhomp/browse?page=OMP.nn.25.1" title="" onmouseover="return overlib('OMP.nn.25.1 porT');" onmouseout="return nd();" />
<area shape="circle" coords="440,307,10" href="/hhomp/browse?page=OMP.nn.27.1" title="" onmouseover="return overlib('OMP.nn.27.1');" onmouseout="return nd();" />
<area shape="circle" coords="442,318,10" href="/hhomp/browse?page=OMP.nn.27.2" title="" onmouseover="return overlib('OMP.nn.27.2');" onmouseout="return nd();" />
<area shape="circle" coords="504,180,10" href="/hhomp/browse?page=OMP.nn.28.1" title="" onmouseover="return overlib('OMP.nn.28.1');" onmouseout="return nd();" />
<area shape="circle" coords="511,183,10" href="/hhomp/browse?page=OMP.nn.28.2" title="" onmouseover="return overlib('OMP.nn.28.2');" onmouseout="return nd();" />
<area shape="circle" coords="133,220,10" href="/hhomp/browse?page=OMP.nn.29.1" title="" onmouseover="return overlib('OMP.nn.29.1');" onmouseout="return nd();" />
<area shape="circle" coords="148,228,10" href="/hhomp/browse?page=OMP.nn.29.2" title="" onmouseover="return overlib('OMP.nn.29.2');" onmouseout="return nd();" />
<area shape="circle" coords="135,184,10" href="/hhomp/browse?page=OMP.nn.29.3" title="" onmouseover="return overlib('OMP.nn.29.3 (Chlorobium)');" onmouseout="return nd();" />
<area shape="circle" coords="284,194,10" href="/hhomp/browse?page=OMP.nn.3.1" title="" onmouseover="return overlib('OMP.nn.3.1 Omp85-like ');" onmouseout="return nd();" />
<area shape="circle" coords="292,179,10" href="/hhomp/browse?page=OMP.nn.3.2" title="" onmouseover="return overlib('OMP.nn.3.2 Omp85-like');" onmouseout="return nd();" />
<area shape="circle" coords="297,184,10" href="/hhomp/browse?page=OMP.nn.3.3" title="" onmouseover="return overlib('OMP.nn.3.3 Omp85-like ');" onmouseout="return nd();" />
<area shape="circle" coords="296,182,10" href="/hhomp/browse?page=OMP.nn.3.4" title="" onmouseover="return overlib('OMP.nn.3.4 Omp85-like ');" onmouseout="return nd();" />
<area shape="circle" coords="289,181,10" href="/hhomp/browse?page=OMP.nn.3.5" title="" onmouseover="return overlib('OMP.nn.3.5 Omp85-like ');" onmouseout="return nd();" />
<area shape="circle" coords="285,180,10" href="/hhomp/browse?page=OMP.nn.3.6" title="" onmouseover="return overlib('OMP.nn.3.6 Omp85-like ');" onmouseout="return nd();" />
<area shape="circle" coords="310,213,10" href="/hhomp/browse?page=OMP.nn.3.7" title="" onmouseover="return overlib('OMP.nn.3.7 Omp85-like patatin');" onmouseout="return nd();" />
<area shape="circle" coords="316,220,10" href="/hhomp/browse?page=OMP.nn.3.8" title="" onmouseover="return overlib('OMP.nn.3.8 Omp85-like patatin');" onmouseout="return nd();" />
<area shape="circle" coords="151,321,10" href="/hhomp/browse?page=OMP.nn.30.1" title="" onmouseover="return overlib('OMP.nn.30.1');" onmouseout="return nd();" />
<area shape="circle" coords="133,314,10" href="/hhomp/browse?page=OMP.nn.30.2" title="" onmouseover="return overlib('OMP.nn.30.2');" onmouseout="return nd();" />
<area shape="circle" coords="63,299,10" href="/hhomp/browse?page=OMP.nn.32.1" title="" onmouseover="return overlib('OMP.nn.32.1');" onmouseout="return nd();" />
<area shape="circle" coords="379,264,10" href="/hhomp/browse?page=OMP.nn.33.1" title="" onmouseover="return overlib('OMP.nn.33.1');" onmouseout="return nd();" />
<area shape="circle" coords="467,290,10" href="/hhomp/browse?page=OMP.nn.34.1" title="" onmouseover="return overlib('OMP.nn.34.1 (Vibrio)');" onmouseout="return nd();" />
<area shape="circle" coords="428,365,10" href="/hhomp/browse?page=OMP.nn.35.1" title="" onmouseover="return overlib('OMP.nn.35.1 (Camphylobacter)');" onmouseout="return nd();" />
<area shape="circle" coords="336,505,10" href="/hhomp/browse?page=OMP.nn.36.1" title="" onmouseover="return overlib('OMP.nn.36.1');" onmouseout="return nd();" />
<area shape="circle" coords="258,432,10" href="/hhomp/browse?page=OMP.nn.37.1" title="" onmouseover="return overlib('OMP.nn.37.1');" onmouseout="return nd();" />
<area shape="circle" coords="621,428,10" href="/hhomp/browse?page=OMP.nn.38.1" title="" onmouseover="return overlib('OMP.nn.38.1');" onmouseout="return nd();" />
<area shape="circle" coords="755,371,10" href="/hhomp/browse?page=OMP.nn.39.1" title="" onmouseover="return overlib('OMP.nn.39.1');" onmouseout="return nd();" />
<area shape="circle" coords="333,165,10" href="/hhomp/browse?page=OMP.nn.4.1" title="" onmouseover="return overlib('OMP.nn.4.1 Omp85-like');" onmouseout="return nd();" />
<area shape="circle" coords="331,160,10" href="/hhomp/browse?page=OMP.nn.4.2" title="" onmouseover="return overlib('OMP.nn.4.2 Omp85-like');" onmouseout="return nd();" />
<area shape="circle" coords="341,151,10" href="/hhomp/browse?page=OMP.nn.4.3" title="" onmouseover="return overlib('OMP.nn.4.3 Omp85-like');" onmouseout="return nd();" />
<area shape="circle" coords="589,177,10" href="/hhomp/browse?page=OMP.nn.40.1" title="" onmouseover="return overlib('OMP.nn.40.1');" onmouseout="return nd();" />
<area shape="circle" coords="707,230,10" href="/hhomp/browse?page=OMP.nn.41.1" title="" onmouseover="return overlib('OMP.nn.41.1');" onmouseout="return nd();" />
<area shape="circle" coords="173,398,10" href="/hhomp/browse?page=OMP.nn.42.1" title="" onmouseover="return overlib('OMP.nn.42.1');" onmouseout="return nd();" />
<area shape="circle" coords="142,505,10" href="/hhomp/browse?page=OMP.nn.43.1" title="" onmouseover="return overlib('OMP.nn.43.1');" onmouseout="return nd();" />
<area shape="circle" coords="349,239,10" href="/hhomp/browse?page=OMP.nn.44.1" title="" onmouseover="return overlib('OMP.nn.44.1');" onmouseout="return nd();" />
<area shape="circle" coords="445,171,10" href="/hhomp/browse?page=OMP.nn.45.1" title="" onmouseover="return overlib('OMP.nn.45.1');" onmouseout="return nd();" />
<area shape="circle" coords="553,319,10" href="/hhomp/browse?page=OMP.nn.46.1" title="" onmouseover="return overlib('OMP.nn.46.1 (Shewanella)');" onmouseout="return nd();" />
<area shape="circle" coords="716,319,10" href="/hhomp/browse?page=OMP.nn.47.1" title="" onmouseover="return overlib('OMP.nn.47.1');" onmouseout="return nd();" />
<area shape="circle" coords="633,225,10" href="/hhomp/browse?page=OMP.nn.48.1" title="" onmouseover="return overlib('OMP.nn.48.1');" onmouseout="return nd();" />
<area shape="circle" coords="530,66,10" href="/hhomp/browse?page=OMP.nn.49.1" title="" onmouseover="return overlib('OMP.nn.49.1');" onmouseout="return nd();" />
<area shape="circle" coords="271,130,10" href="/hhomp/browse?page=OMP.nn.5.1" title="" onmouseover="return overlib('OMP.nn.5.1 hemolysin activator');" onmouseout="return nd();" />
<area shape="circle" coords="271,137,10" href="/hhomp/browse?page=OMP.nn.5.2" title="" onmouseover="return overlib('OMP.nn.5.2 hemolysin activator');" onmouseout="return nd();" />
<area shape="circle" coords="275,137,10" href="/hhomp/browse?page=OMP.nn.5.3" title="" onmouseover="return overlib('OMP.nn.5.3 hemolysin activator');" onmouseout="return nd();" />
<area shape="circle" coords="276,140,10" href="/hhomp/browse?page=OMP.nn.5.4" title="" onmouseover="return overlib('OMP.nn.5.4 hemolysin activator');" onmouseout="return nd();" />
<area shape="circle" coords="268,139,10" href="/hhomp/browse?page=OMP.nn.5.5" title="" onmouseover="return overlib('OMP.nn.5.5 hemolysin activator');" onmouseout="return nd();" />
<area shape="circle" coords="230,372,10" href="/hhomp/browse?page=OMP.nn.50.1" title="" onmouseover="return overlib('OMP.nn.50.1');" onmouseout="return nd();" />
<area shape="circle" coords="676,239,10" href="/hhomp/browse?page=OMP.nn.51.1" title="" onmouseover="return overlib('OMP.nn.51.1');" onmouseout="return nd();" />
<area shape="circle" coords="275,169,10" href="/hhomp/browse?page=OMP.nn.52.1" title="" onmouseover="return overlib('OMP.nn.52.1 ');" onmouseout="return nd();" />
<area shape="circle" coords="453,199,10" href="/hhomp/browse?page=OMP.nn.53.1" title="" onmouseover="return overlib('OMP.nn.53.1 ');" onmouseout="return nd();" />
<area shape="circle" coords="370,134,10" href="/hhomp/browse?page=OMP.nn.54.1" title="" onmouseover="return overlib('OMP.nn.54.1 ');" onmouseout="return nd();" />
<area shape="circle" coords="367,132,10" href="/hhomp/browse?page=OMP.nn.55.1" title="" onmouseover="return overlib('OMP.nn.55.1 ');" onmouseout="return nd();" />
<area shape="circle" coords="206,289,10" href="/hhomp/browse?page=OMP.nn.56.1" title="" onmouseover="return overlib('OMP.nn.56.1 (Bacteroides)');" onmouseout="return nd();" />
<area shape="circle" coords="136,517,10" href="/hhomp/browse?page=OMP.nn.57.1" title="" onmouseover="return overlib('OMP.nn.57.1');" onmouseout="return nd();" />
<area shape="circle" coords="212,425,10" href="/hhomp/browse?page=OMP.nn.58.1" title="" onmouseover="return overlib('OMP.nn.58.1');" onmouseout="return nd();" />
<area shape="circle" coords="239,343,10" href="/hhomp/browse?page=OMP.nn.59.1" title="" onmouseover="return overlib('OMP.nn.59.1');" onmouseout="return nd();" />
<area shape="circle" coords="118,202,10" href="/hhomp/browse?page=OMP.nn.6.1" title="" onmouseover="return overlib('OMP.nn.6.1 copper resistant');" onmouseout="return nd();" />
<area shape="circle" coords="324,443,10" href="/hhomp/browse?page=OMP.nn.60.1" title="" onmouseover="return overlib('OMP.nn.60.1');" onmouseout="return nd();" />
<area shape="circle" coords="455,177,10" href="/hhomp/browse?page=OMP.nn.61.1" title="" onmouseover="return overlib('OMP.nn.61.1');" onmouseout="return nd();" />
<area shape="circle" coords="331,424,10" href="/hhomp/browse?page=OMP.nn.63.1" title="" onmouseover="return overlib('OMP.nn.63.1 (Shewanella)');" onmouseout="return nd();" />
<area shape="circle" coords="437,119,10" href="/hhomp/browse?page=OMP.nn.64.1" title="" onmouseover="return overlib('OMP.nn.64.1');" onmouseout="return nd();" />
<area shape="circle" coords="306,174,10" href="/hhomp/browse?page=OMP.nn.65.1" title="" onmouseover="return overlib('OMP.nn.65.1');" onmouseout="return nd();" />
<area shape="circle" coords="354,82,10" href="/hhomp/browse?page=OMP.nn.66.1" title="" onmouseover="return overlib('OMP.nn.66.1 (Rickettsiella)');" onmouseout="return nd();" />
<area shape="circle" coords="161,344,10" href="/hhomp/browse?page=OMP.nn.67.1" title="" onmouseover="return overlib('OMP.nn.67.1');" onmouseout="return nd();" />
<area shape="circle" coords="185,357,10" href="/hhomp/browse?page=OMP.nn.68.1" title="" onmouseover="return overlib('OMP.nn.68.1');" onmouseout="return nd();" />
<area shape="circle" coords="146,324,10" href="/hhomp/browse?page=OMP.nn.69.1" title="" onmouseover="return overlib('OMP.nn.69.1');" onmouseout="return nd();" />
<area shape="circle" coords="309,328,10" href="/hhomp/browse?page=OMP.nn.7.1" title="" onmouseover="return overlib('OMP.nn.7.1 OprB');" onmouseout="return nd();" />
<area shape="circle" coords="291,336,10" href="/hhomp/browse?page=OMP.nn.7.2" title="" onmouseover="return overlib('OMP.nn.7.2 OprB');" onmouseout="return nd();" />
<area shape="circle" coords="188,382,10" href="/hhomp/browse?page=OMP.nn.7.3" title="" onmouseover="return overlib('OMP.nn.7.3 OprB');" onmouseout="return nd();" />
<area shape="circle" coords="132,342,10" href="/hhomp/browse?page=OMP.nn.70.1" title="" onmouseover="return overlib('OMP.nn.70.1 (Burkholderia)');" onmouseout="return nd();" />
<area shape="circle" coords="101,199,10" href="/hhomp/browse?page=OMP.nn.71.1" title="" onmouseover="return overlib('OMP.nn.71.1');" onmouseout="return nd();" />
<area shape="circle" coords="226,254,10" href="/hhomp/browse?page=OMP.nn.72.1" title="" onmouseover="return overlib('OMP.nn.72.1 (Cyanobacterium)');" onmouseout="return nd();" />
<area shape="circle" coords="164,319,10" href="/hhomp/browse?page=OMP.nn.73.1" title="" onmouseover="return overlib('OMP.nn.73.1');" onmouseout="return nd();" />
<area shape="circle" coords="184,298,10" href="/hhomp/browse?page=OMP.nn.74.1" title="" onmouseover="return overlib('OMP.nn.74.1');" onmouseout="return nd();" />
<area shape="circle" coords="137,281,10" href="/hhomp/browse?page=OMP.nn.75.1" title="" onmouseover="return overlib('OMP.nn.75.1');" onmouseout="return nd();" />
<area shape="circle" coords="112,441,10" href="/hhomp/browse?page=OMP.nn.76.1" title="" onmouseover="return overlib('OMP.nn.76.1');" onmouseout="return nd();" />
<area shape="circle" coords="147,358,10" href="/hhomp/browse?page=OMP.nn.77.1" title="" onmouseover="return overlib('OMP.nn.77.1 (Francisella)');" onmouseout="return nd();" />
<area shape="circle" coords="236,162,10" href="/hhomp/browse?page=OMP.nn.78.1" title="" onmouseover="return overlib('OMP.nn.78.1');" onmouseout="return nd();" />
<area shape="circle" coords="318,139,10" href="/hhomp/browse?page=OMP.nn.79.1" title="" onmouseover="return overlib('OMP.nn.79.1');" onmouseout="return nd();" />
<area shape="circle" coords="415,97,10" href="/hhomp/browse?page=OMP.nn.8.1" title="" onmouseover="return overlib('OMP.nn.8.1 trimeric autotransporter (YadA-like) ');" onmouseout="return nd();" />
<area shape="circle" coords="413,217,10" href="/hhomp/browse?page=OMP.nn.80.1" title="" onmouseover="return overlib('OMP.nn.80.1');" onmouseout="return nd();" />
<area shape="circle" coords="602,122,10" href="/hhomp/browse?page=OMP.nn.81.1" title="" onmouseover="return overlib('OMP.nn.81.1');" onmouseout="return nd();" />
<area shape="circle" coords="401,372,10" href="/hhomp/browse?page=OMP.nn.82.1" title="" onmouseover="return overlib('OMP.nn.82.1 (Orientia)');" onmouseout="return nd();" />
<area shape="circle" coords="377,517,10" href="/hhomp/browse?page=OMP.nn.83.1" title="" onmouseover="return overlib('OMP.nn.83.1');" onmouseout="return nd();" />
<area shape="circle" coords="388,254,10" href="/hhomp/browse?page=OMP.nn.84.1" title="" onmouseover="return overlib('OMP.nn.84.1 (vibrio)');" onmouseout="return nd();" />
<area shape="circle" coords="455,74,10" href="/hhomp/browse?page=OMP.nn.85.1" title="" onmouseover="return overlib('OMP.nn.85.1 (Lawsonia)');" onmouseout="return nd();" />
<area shape="circle" coords="570,266,10" href="/hhomp/browse?page=OMP.nn.86.1" title="" onmouseover="return overlib('OMP.nn.86.1 (Campylobacter)');" onmouseout="return nd();" />
<area shape="circle" coords="426,519,10" href="/hhomp/browse?page=OMP.nn.87.1" title="" onmouseover="return overlib('OMP.nn.87.1');" onmouseout="return nd();" />
<area shape="circle" coords="709,367,10" href="/hhomp/browse?page=OMP.nn.88.1" title="" onmouseover="return overlib('OMP.nn.88.1');" onmouseout="return nd();" />
<area shape="circle" coords="635,176,10" href="/hhomp/browse?page=OMP.nn.89.1" title="" onmouseover="return overlib('OMP.nn.89.1');" onmouseout="return nd();" />
<area shape="circle" coords="246,441,10" href="/hhomp/browse?page=OMP.nn.9.1" title="" onmouseover="return overlib('OMP.nn.9.1 OprD');" onmouseout="return nd();" />
<area shape="circle" coords="593,325,10" href="/hhomp/browse?page=OMP.nn.90.1" title="" onmouseover="return overlib('OMP.nn.90.1');" onmouseout="return nd();" />
<area shape="circle" coords="563,542,10" href="/hhomp/browse?page=OMP.nn.91.1" title="" onmouseover="return overlib('OMP.nn.91.1');" onmouseout="return nd();" />
<area shape="circle" coords="275,277,10" href="/hhomp/browse?page=OMP.nn.92.1" title="" onmouseover="return overlib('OMP.nn.92.1');" onmouseout="return nd();" />
<area shape="circle" coords="314,290,10" href="/hhomp/browse?page=OMP.nn.93.1" title="" onmouseover="return overlib('OMP.nn.93.1');" onmouseout="return nd();" />
<area shape="circle" coords="309,294,10" href="/hhomp/browse?page=OMP.nn.94.1" title="" onmouseover="return overlib('OMP.nn.94.1');" onmouseout="return nd();" />
<area shape="circle" coords="310,298,10" href="/hhomp/browse?page=OMP.nn.95.1" title="" onmouseover="return overlib('OMP.nn.95.1');" onmouseout="return nd();" />
<area shape="circle" coords="311,293,10" href="/hhomp/browse?page=OMP.nn.96.1" title="" onmouseover="return overlib('OMP.nn.96.1');" onmouseout="return nd();" />
<area shape="circle" coords="585,169,10" href="/hhomp/browse?page=OMP.nn.97.1" title="" onmouseover="return overlib('OMP.nn.97.1');" onmouseout="return nd();" />
<area shape="circle" coords="332,250,10" href="/hhomp/browse?page=OMP.nn.98.1" title="" onmouseover="return overlib('OMP.nn.98.1');" onmouseout="return nd();" />
