<area shape="circle" coords="79,103,10" href="/hhomp/browse?page=NodT.1" title="" onmouseover="return overlib('NodT.1 OPRM');" onmouseout="return nd();" />
<area shape="circle" coords="33,125,10" href="/hhomp/browse?page=NodT.2" title="" onmouseover="return overlib('NodT.2 VCEC');" onmouseout="return nd();" />
<area shape="circle" coords="48,111,10" href="/hhomp/browse?page=NodT.3" title="" onmouseover="return overlib('NodT.3');" onmouseout="return nd();" />
<area shape="circle" coords="11,94,10" href="/hhomp/browse?page=NodT.4" title="" onmouseover="return overlib('NodT.4');" onmouseout="return nd();" />
<area shape="circle" coords="56,79,10" href="/hhomp/browse?page=NodT.5" title="" onmouseover="return overlib('NodT.5');" onmouseout="return nd();" />
<area shape="circle" coords="94,81,10" href="/hhomp/browse?page=NodT.6" title="" onmouseover="return overlib('NodT.6');" onmouseout="return nd();" />
<area shape="circle" coords="223,189,10" href="/hhomp/browse?page=NodT.7" title="" onmouseover="return overlib('NodT.7');" onmouseout="return nd();" />
<area shape="circle" coords="229,190,10" href="/hhomp/browse?page=NodT.8" title="" onmouseover="return overlib('NodT.8');" onmouseout="return nd();" />
<area shape="circle" coords="338,226,10" href="/hhomp/browse?page=TolC.1" title="" onmouseover="return overlib('TolC.1');" onmouseout="return nd();" />
<area shape="circle" coords="312,248,10" href="/hhomp/browse?page=TolC.2" title="" onmouseover="return overlib('TolC.2');" onmouseout="return nd();" />
<area shape="circle" coords="308,261,10" href="/hhomp/browse?page=TolC.3" title="" onmouseover="return overlib('TolC.3');" onmouseout="return nd();" />
<area shape="circle" coords="269,186,10" href="/hhomp/browse?page=TolC.4" title="" onmouseover="return overlib('TolC.4');" onmouseout="return nd();" />
<area shape="circle" coords="303,175,10" href="/hhomp/browse?page=TolC.5" title="" onmouseover="return overlib('TolC.5');" onmouseout="return nd();" />
<area shape="circle" coords="239,170,10" href="/hhomp/browse?page=TolC.6" title="" onmouseover="return overlib('TolC.6');" onmouseout="return nd();" />
<area shape="circle" coords="240,181,10" href="/hhomp/browse?page=TolC.7" title="" onmouseover="return overlib('TolC.7');" onmouseout="return nd();" />
<area shape="circle" coords="251,143,10" href="/hhomp/browse?page=TolC.8" title="" onmouseover="return overlib('TolC.8');" onmouseout="return nd();" />
