<area shape="poly" coords="200,151,200,157,206,157,206,151" href="/hhomp/browse?gi=2j58_A&page=Wza.1" title="" onmouseover="return overlib('Wza.1\n2j58_A WZA, outer membrane lipoprotein WZA; 2.26A {Escherichia coli}');" onmouseout="return nd();" />
 <area shape="poly" coords="197,153,197,159,203,159,203,153" href="/hhomp/browse?gi=gi|16761047|ref|NP_456664.1|&page=Wza.1" title="" onmouseover="return overlib('Wza.1\ngi|16761047|ref|NP_456664.1| putative polysaccharide export protein [Salmonella enterica subsp. enterica serovar Typhi str. CT18] ');" onmouseout="return nd();" />
 <area shape="poly" coords="197,153,197,159,203,159,203,153" href="/hhomp/browse?gi=gi|118066140|ref|ZP_01534400.1|&page=Wza.1" title="" onmouseover="return overlib('Wza.1\ngi|118066140|ref|ZP_01534400.1| polysaccharide export protein [Serratia proteamaculans 568] ');" onmouseout="return nd();" />
 <area shape="poly" coords="197,148,197,154,203,154,203,148" href="/hhomp/browse?gi=gi|59710769|ref|YP_203545.1|&page=Wza.1" title="" onmouseover="return overlib('Wza.1\ngi|59710769|ref|YP_203545.1| putative polysaccharide export protein YccZ precursor [Vibrio fischeri ES114] ');" onmouseout="return nd();" />
 <area shape="poly" coords="199,151,199,157,205,157,205,151" href="/hhomp/browse?gi=gi|52425542|ref|YP_088679.1|&page=Wza.1" title="" onmouseover="return overlib('Wza.1\ngi|52425542|ref|YP_088679.1| Wza protein [Mannheimia succiniciproducens MBEL55E] ');" onmouseout="return nd();" />
 <area shape="poly" coords="203,147,203,153,209,153,209,147" href="/hhomp/browse?gi=gi|83748853|ref|ZP_00945865.1|&page=Wza.1" title="" onmouseover="return overlib('Wza.1\ngi|83748853|ref|ZP_00945865.1| EpsA [Ralstonia solanacearum UW551] ');" onmouseout="return nd();" />
 <area shape="poly" coords="209,149,209,155,215,155,215,149" href="/hhomp/browse?gi=gi|28870611|ref|NP_793230.1|&page=Wza.1" title="" onmouseover="return overlib('Wza.1\ngi|28870611|ref|NP_793230.1| capsular polysaccharide biosynthesis protein [Pseudomonas syringae pv. tomato str. DC3000] ');" onmouseout="return nd();" />
 <area shape="poly" coords="199,147,199,153,205,153,205,147" href="/hhomp/browse?gi=gi|121606086|ref|YP_983415.1|&page=Wza.1" title="" onmouseover="return overlib('Wza.1\ngi|121606086|ref|YP_983415.1| polysaccharide export protein [Polaromonas naphthalenivorans CJ2] ');" onmouseout="return nd();" />
 <area shape="poly" coords="213,180,213,186,219,186,219,180" href="/hhomp/browse?gi=gi|1518942|gb|AAC44334.1|&page=Wza.1" title="" onmouseover="return overlib('Wza.1\ngi|1518942|gb|AAC44334.1| colanic acid biosynthetic protein');" onmouseout="return nd();" />
 <area shape="poly" coords="203,151,203,157,209,157,209,151" href="/hhomp/browse?gi=gi|71065213|ref|YP_263940.1|&page=Wza.1" title="" onmouseover="return overlib('Wza.1\ngi|71065213|ref|YP_263940.1| probable polysaccharide export system, outer membrane component [Psychrobacter arcticus 273-4] ');" onmouseout="return nd();" />
 <area shape="poly" coords="207,152,207,158,213,158,213,152" href="/hhomp/browse?gi=gi|50083363|ref|YP_044873.1|&page=Wza.1" title="" onmouseover="return overlib('Wza.1\ngi|50083363|ref|YP_044873.1| polysaccharide export protein [Acinetobacter sp. ADP1] ');" onmouseout="return nd();" />
 <area shape="poly" coords="191,145,191,151,197,151,197,145" href="/hhomp/browse?gi=gi|77919064|ref|YP_356879.1|&page=Wza.2" title="" onmouseover="return overlib('Wza.2\ngi|77919064|ref|YP_356879.1| putative polysaccharide export protein [Pelobacter carbinolicus DSM 2380] ');" onmouseout="return nd();" />
 <area shape="poly" coords="213,167,213,173,219,173,219,167" href="/hhomp/browse?gi=gi|107021845|ref|YP_620172.1|&page=Wza.3" title="" onmouseover="return overlib('Wza.3\ngi|107021845|ref|YP_620172.1| polysaccharide export protein [Burkholderia cenocepacia AU 1054] ');" onmouseout="return nd();" />
 <area shape="poly" coords="213,157,213,163,219,163,219,157" href="/hhomp/browse?gi=gi|94497775|ref|ZP_01304342.1|&page=Wza.3" title="" onmouseover="return overlib('Wza.3\ngi|94497775|ref|ZP_01304342.1| Polysaccharide export protein [Sphingomonas sp. SKA58] ');" onmouseout="return nd();" />
 <area shape="poly" coords="210,156,210,162,216,162,216,156" href="/hhomp/browse?gi=gi|78697122|ref|ZP_00861630.1|&page=Wza.3" title="" onmouseover="return overlib('Wza.3\ngi|78697122|ref|ZP_00861630.1| putative capsule polysaccharide export outer membrane protein [Bradyrhizobium sp. BTAi1] ');" onmouseout="return nd();" />
 <area shape="poly" coords="197,136,197,142,203,142,203,136" href="/hhomp/browse?gi=gi|114777553|ref|ZP_01452534.1|&page=Wza.1" title="" onmouseover="return overlib('Wza.1\ngi|114777553|ref|ZP_01452534.1| putative polysaccharide export protein wza [Mariprofundus ferrooxydans PV-1] ');" onmouseout="return nd();" />
 <area shape="poly" coords="207,159,207,165,213,165,213,159" href="/hhomp/browse?gi=gi|118590311|ref|ZP_01547714.1|&page=Wza.3" title="" onmouseover="return overlib('Wza.3\ngi|118590311|ref|ZP_01547714.1| capsule polysaccharide exporter protein [Stappia aggregata IAM 12614] ');" onmouseout="return nd();" />
 <area shape="poly" coords="209,167,209,173,215,173,215,167" href="/hhomp/browse?gi=gi|89360825|ref|ZP_01198642.1|&page=Wza.3" title="" onmouseover="return overlib('Wza.3\ngi|89360825|ref|ZP_01198642.1| exopolysaccharide export protein PssN [Xanthobacter autotrophicus Py2] ');" onmouseout="return nd();" />
 <area shape="poly" coords="179,134,179,140,185,140,185,134" href="/hhomp/browse?gi=gi|118072002|ref|ZP_01540194.1|&page=Wza.2" title="" onmouseover="return overlib('Wza.2\ngi|118072002|ref|ZP_01540194.1| polysaccharide export protein [Shewanella woodyi ATCC 51908] ');" onmouseout="return nd();" />
 <area shape="poly" coords="182,147,182,153,188,153,188,147" href="/hhomp/browse?gi=gi|91200254|emb|CAJ73299.1|&page=Wza.2" title="" onmouseover="return overlib('Wza.2\ngi|91200254|emb|CAJ73299.1| similar to capsular polysaccharide biosynthesis protein Wza [Candidatus Kuenenia stuttgartiensis]');" onmouseout="return nd();" />
 <area shape="poly" coords="205,166,205,172,211,172,211,166" href="/hhomp/browse?gi=gi|113935497|ref|ZP_01421395.1|&page=Wza.3" title="" onmouseover="return overlib('Wza.3\ngi|113935497|ref|ZP_01421395.1| Polysaccharide export protein [Caulobacter sp. K31] ');" onmouseout="return nd();" />
 <area shape="poly" coords="178,135,178,141,184,141,184,135" href="/hhomp/browse?gi=gi|77814105|ref|ZP_00813371.1|&page=Wza.2" title="" onmouseover="return overlib('Wza.2\ngi|77814105|ref|ZP_00813371.1| Polysaccharide export protein [Shewanella putrefaciens CN-32] ');" onmouseout="return nd();" />
 <area shape="poly" coords="173,129,173,135,179,135,179,129" href="/hhomp/browse?gi=gi|44221028|gb|EAH77924.1|&page=Wza.2" title="" onmouseover="return overlib('Wza.2\ngi|44221028|gb|EAH77924.1| unknown [environmental sequence]');" onmouseout="return nd();" />
 <area shape="poly" coords="184,151,184,157,190,157,190,151" href="/hhomp/browse?gi=gi|51247057|ref|YP_066940.1|&page=Wza.2" title="" onmouseover="return overlib('Wza.2\ngi|51247057|ref|YP_066940.1| related to capsular polysaccharide export protein [Desulfotalea psychrophila LSv54] ');" onmouseout="return nd();" />
 <area shape="poly" coords="214,164,214,170,220,170,220,164" href="/hhomp/browse?gi=gi|58039918|ref|YP_191882.1|&page=Wza.3" title="" onmouseover="return overlib('Wza.3\ngi|58039918|ref|YP_191882.1| Capsule polysaccharide export protein [Gluconobacter oxydans 621H] ');" onmouseout="return nd();" />
 <area shape="poly" coords="184,132,184,138,190,138,190,132" href="/hhomp/browse?gi=gi|89901452|ref|YP_523923.1|&page=Wza.2" title="" onmouseover="return overlib('Wza.2\ngi|89901452|ref|YP_523923.1| polysaccharide export protein [Rhodoferax ferrireducens T118] ');" onmouseout="return nd();" />
 <area shape="poly" coords="189,145,189,151,195,151,195,145" href="/hhomp/browse?gi=gi|121520994|ref|ZP_01654095.1|&page=Wza.2" title="" onmouseover="return overlib('Wza.2\ngi|121520994|ref|ZP_01654095.1| polysaccharide export protein [Thermosipho melanesiensis BI429] ');" onmouseout="return nd();" />
 <area shape="poly" coords="171,139,171,145,177,145,177,139" href="/hhomp/browse?gi=gi|44409584|gb|EAJ07067.1|&page=Wza.2" title="" onmouseover="return overlib('Wza.2\ngi|44409584|gb|EAJ07067.1| unknown [environmental sequence]');" onmouseout="return nd();" />
 <area shape="poly" coords="179,157,179,163,185,163,185,157" href="/hhomp/browse?gi=gi|94970829|ref|YP_592877.1|&page=Wza.2" title="" onmouseover="return overlib('Wza.2\ngi|94970829|ref|YP_592877.1| polysaccharide export protein [Acidobacteria bacterium Ellin345] ');" onmouseout="return nd();" />
 <area shape="poly" coords="180,131,180,137,186,137,186,131" href="/hhomp/browse?gi=gi|78184045|ref|YP_376480.1|&page=Wza.2" title="" onmouseover="return overlib('Wza.2\ngi|78184045|ref|YP_376480.1| polysaccharide export outer membrane protein [Synechococcus sp. CC9902] ');" onmouseout="return nd();" />
 <area shape="poly" coords="187,128,187,134,193,134,193,128" href="/hhomp/browse?gi=gi|88812300|ref|ZP_01127551.1|&page=Wza.2" title="" onmouseover="return overlib('Wza.2\ngi|88812300|ref|ZP_01127551.1| capsular polysaccharide transport protein, putative [Nitrococcus mobilis Nb-231] ');" onmouseout="return nd();" />
 <area shape="poly" coords="186,145,186,151,192,151,192,145" href="/hhomp/browse?gi=gi|67157492|ref|ZP_00418741.1|&page=Wza.2" title="" onmouseover="return overlib('Wza.2\ngi|67157492|ref|ZP_00418741.1| Polysaccharide export protein [Azotobacter vinelandii AvOP] ');" onmouseout="return nd();" />
 <area shape="poly" coords="178,140,178,146,184,146,184,140" href="/hhomp/browse?gi=gi|54307570|ref|YP_128590.1|&page=Wza.2" title="" onmouseover="return overlib('Wza.2\ngi|54307570|ref|YP_128590.1| putative periplasmic protein involved in polysaccharide export [Photobacterium profundum SS9] ');" onmouseout="return nd();" />
 <area shape="poly" coords="199,153,199,159,205,159,205,153" href="/hhomp/browse?gi=gi|17059575|emb|CAC82927.1|&page=Wza.1" title="" onmouseover="return overlib('Wza.1\ngi|17059575|emb|CAC82927.1| membrane protein [Erwinia pyrifoliae]');" onmouseout="return nd();" />
 <area shape="poly" coords="196,150,196,156,202,156,202,150" href="/hhomp/browse?gi=gi|117617674|ref|YP_857383.1|&page=Wza.1" title="" onmouseover="return overlib('Wza.1\ngi|117617674|ref|YP_857383.1| capsular polysaccharide transport protein [Aeromonas hydrophila subsp. hydrophila ATCC 7966] ');" onmouseout="return nd();" />
 <area shape="poly" coords="196,149,196,155,202,155,202,149" href="/hhomp/browse?gi=gi|87120046|ref|ZP_01075942.1|&page=Wza.1" title="" onmouseover="return overlib('Wza.1\ngi|87120046|ref|ZP_01075942.1| putative capsular polysaccharide transport protein [Marinomonas sp. MED121] ');" onmouseout="return nd();" />
 <area shape="poly" coords="196,151,196,157,202,157,202,151" href="/hhomp/browse?gi=gi|85713231|ref|ZP_01044258.1|&page=Wza.1" title="" onmouseover="return overlib('Wza.1\ngi|85713231|ref|ZP_01044258.1| capsular polysaccharide transport protein [Idiomarina baltica OS145] ');" onmouseout="return nd();" />
 <area shape="poly" coords="197,146,197,152,203,152,203,146" href="/hhomp/browse?gi=gi|60115364|gb|AAX14034.1|&page=Wza.1" title="" onmouseover="return overlib('Wza.1\ngi|60115364|gb|AAX14034.1| EpsA [Halomonas maura]');" onmouseout="return nd();" />
 <area shape="poly" coords="199,150,199,156,205,156,205,150" href="/hhomp/browse?gi=gi|119469078|ref|ZP_01612062.1|&page=Wza.1" title="" onmouseover="return overlib('Wza.1\ngi|119469078|ref|ZP_01612062.1| polysaccharide biosynthesis/export protein [Alteromonadales bacterium TW-7] ');" onmouseout="return nd();" />
 <area shape="poly" coords="197,147,197,153,203,153,203,147" href="/hhomp/browse?gi=gi|110833766|ref|YP_692625.1|&page=Wza.1" title="" onmouseover="return overlib('Wza.1\ngi|110833766|ref|YP_692625.1| outer membrane polysaccharide export protein precursor [Alcanivorax borkumensis SK2] ');" onmouseout="return nd();" />
 <area shape="poly" coords="196,148,196,154,202,154,202,148" href="/hhomp/browse?gi=gi|92113835|ref|YP_573763.1|&page=Wza.1" title="" onmouseover="return overlib('Wza.1\ngi|92113835|ref|YP_573763.1| polysaccharide export protein [Chromohalobacter salexigens DSM 3043] ');" onmouseout="return nd();" />
 <area shape="poly" coords="201,152,201,158,207,158,207,152" href="/hhomp/browse?gi=gi|89073277|ref|ZP_01159807.1|&page=Wza.1" title="" onmouseover="return overlib('Wza.1\ngi|89073277|ref|ZP_01159807.1| putative capsular polysaccharide transport protein [Photobacterium sp. SKA34] ');" onmouseout="return nd();" />
 <area shape="poly" coords="203,148,203,154,209,154,209,148" href="/hhomp/browse?gi=gi|118714902|ref|ZP_01567441.1|&page=Wza.1" title="" onmouseover="return overlib('Wza.1\ngi|118714902|ref|ZP_01567441.1| polysaccharide export protein [Burkholderia multivorans ATCC 17616] ');" onmouseout="return nd();" />
 <area shape="poly" coords="198,149,198,155,204,155,204,149" href="/hhomp/browse?gi=gi|114332084|ref|YP_748306.1|&page=Wza.1" title="" onmouseover="return overlib('Wza.1\ngi|114332084|ref|YP_748306.1| polysaccharide export protein [Nitrosomonas eutropha C91] ');" onmouseout="return nd();" />
 <area shape="poly" coords="198,153,198,159,204,159,204,153" href="/hhomp/browse?gi=gi|71280804|ref|YP_267328.1|&page=Wza.1" title="" onmouseover="return overlib('Wza.1\ngi|71280804|ref|YP_267328.1| polysaccharide biosynthesis/export protein [Colwellia psychrerythraea 34H] ');" onmouseout="return nd();" />
 <area shape="poly" coords="204,142,204,148,210,148,210,142" href="/hhomp/browse?gi=gi|118030190|ref|ZP_01501648.1|&page=Wza.1" title="" onmouseover="return overlib('Wza.1\ngi|118030190|ref|ZP_01501648.1| polysaccharide export protein [Burkholderia phymatum STM815] ');" onmouseout="return nd();" />
 <area shape="poly" coords="202,146,202,152,208,152,208,146" href="/hhomp/browse?gi=gi|67547854|ref|ZP_00425752.1|&page=Wza.1" title="" onmouseover="return overlib('Wza.1\ngi|67547854|ref|ZP_00425752.1| Polysaccharide export protein [Burkholderia vietnamiensis G4] ');" onmouseout="return nd();" />
 <area shape="poly" coords="202,142,202,148,208,148,208,142" href="/hhomp/browse?gi=gi|44386063|gb|EAI90510.1|&page=Wza.1" title="" onmouseover="return overlib('Wza.1\ngi|44386063|gb|EAI90510.1| unknown [environmental sequence]');" onmouseout="return nd();" />
 <area shape="poly" coords="202,142,202,148,208,148,208,142" href="/hhomp/browse?gi=gi|91781979|ref|YP_557185.1|&page=Wza.1" title="" onmouseover="return overlib('Wza.1\ngi|91781979|ref|YP_557185.1| Putative polysaccharide export protein [Burkholderia xenovorans LB400] ');" onmouseout="return nd();" />
 <area shape="poly" coords="199,143,199,149,205,149,205,143" href="/hhomp/browse?gi=gi|114319960|ref|YP_741643.1|&page=Wza.1" title="" onmouseover="return overlib('Wza.1\ngi|114319960|ref|YP_741643.1| polysaccharide export protein [Alkalilimnicola ehrlichei MLHE-1] ');" onmouseout="return nd();" />
 <area shape="poly" coords="205,154,205,160,211,160,211,154" href="/hhomp/browse?gi=gi|77460055|ref|YP_349562.1|&page=Wza.1" title="" onmouseover="return overlib('Wza.1\ngi|77460055|ref|YP_349562.1| Polysaccharide export protein [Pseudomonas fluorescens PfO-1] ');" onmouseout="return nd();" />
 <area shape="poly" coords="203,149,203,155,209,155,209,149" href="/hhomp/browse?gi=gi|17549241|ref|NP_522581.1|&page=Wza.1" title="" onmouseover="return overlib('Wza.1\ngi|17549241|ref|NP_522581.1| EPS I POLYSACCHARIDE EXPORT OUTER MEMBRANE TRANSMEMBRANE PROTEIN [Ralstonia solanacearum GMI1000] ');" onmouseout="return nd();" />
 <area shape="poly" coords="198,152,198,158,204,158,204,152" href="/hhomp/browse?gi=gi|86160691|ref|YP_467476.1|&page=Wza.1" title="" onmouseover="return overlib('Wza.1\ngi|86160691|ref|YP_467476.1| Polysaccharide export protein [Anaeromyxobacter dehalogenans 2CP-C] ');" onmouseout="return nd();" />
 <area shape="poly" coords="207,145,207,151,213,151,213,145" href="/hhomp/browse?gi=gi|118032076|ref|ZP_01503527.1|&page=Wza.1" title="" onmouseover="return overlib('Wza.1\ngi|118032076|ref|ZP_01503527.1| polysaccharide export protein [Burkholderia phymatum STM815] ');" onmouseout="return nd();" />
 <area shape="poly" coords="203,143,203,149,209,149,209,143" href="/hhomp/browse?gi=gi|44241454|gb|EAH89405.1|&page=Wza.1" title="" onmouseover="return overlib('Wza.1\ngi|44241454|gb|EAH89405.1| unknown [environmental sequence]');" onmouseout="return nd();" />
 <area shape="poly" coords="200,144,200,150,206,150,206,144" href="/hhomp/browse?gi=gi|76810610|ref|YP_334645.1|&page=Wza.1" title="" onmouseover="return overlib('Wza.1\ngi|76810610|ref|YP_334645.1| Polysaccharide biosynthesis/export protein [Burkholderia pseudomallei 1710b] ');" onmouseout="return nd();" />
 <area shape="poly" coords="200,145,200,151,206,151,206,145" href="/hhomp/browse?gi=gi|91777871|ref|YP_553079.1|&page=Wza.1" title="" onmouseover="return overlib('Wza.1\ngi|91777871|ref|YP_553079.1| putative outer membrane polysaccharide exporter [Burkholderia xenovorans LB400] ');" onmouseout="return nd();" />
 <area shape="poly" coords="203,154,203,160,209,160,209,154" href="/hhomp/browse?gi=gi|67153362|ref|ZP_00415107.1|&page=Wza.1" title="" onmouseover="return overlib('Wza.1\ngi|67153362|ref|ZP_00415107.1| Polysaccharide export protein [Azotobacter vinelandii AvOP] ');" onmouseout="return nd();" />
 <area shape="poly" coords="205,148,205,154,211,154,211,148" href="/hhomp/browse?gi=gi|44473791|gb|EAJ52123.1|&page=Wza.1" title="" onmouseover="return overlib('Wza.1\ngi|44473791|gb|EAJ52123.1| unknown [environmental sequence]');" onmouseout="return nd();" />
 <area shape="poly" coords="205,145,205,151,211,151,211,145" href="/hhomp/browse?gi=gi|116693984|ref|YP_728195.1|&page=Wza.1" title="" onmouseover="return overlib('Wza.1\ngi|116693984|ref|YP_728195.1| exopolysaccharide export protein [Ralstonia eutropha H16] ');" onmouseout="return nd();" />
 <area shape="poly" coords="204,145,204,151,210,151,210,145" href="/hhomp/browse?gi=gi|91778380|ref|YP_553588.1|&page=Wza.1" title="" onmouseover="return overlib('Wza.1\ngi|91778380|ref|YP_553588.1| putative capsular polysaccharide transport outermembrane protein [Burkholderia xenovorans LB400] ');" onmouseout="return nd();" />
 <area shape="poly" coords="199,143,199,149,205,149,205,143" href="/hhomp/browse?gi=gi|107026519|ref|YP_624030.1|&page=Wza.1" title="" onmouseover="return overlib('Wza.1\ngi|107026519|ref|YP_624030.1| polysaccharide export protein [Burkholderia cenocepacia AU 1054] ');" onmouseout="return nd();" />
 <area shape="poly" coords="202,144,202,150,208,150,208,144" href="/hhomp/browse?gi=gi|78063711|ref|YP_373619.1|&page=Wza.1" title="" onmouseover="return overlib('Wza.1\ngi|78063711|ref|YP_373619.1| Polysaccharide export protein [Burkholderia sp. 383] ');" onmouseout="return nd();" />
 <area shape="poly" coords="203,142,203,148,209,148,209,142" href="/hhomp/browse?gi=gi|113867838|ref|YP_726327.1|&page=Wza.1" title="" onmouseover="return overlib('Wza.1\ngi|113867838|ref|YP_726327.1| EPS I polysaccharide export outer membrane protein epsA precursor/Periplasmic protein involved in p [Ralstonia eutropha H16] ');" onmouseout="return nd();" />
 <area shape="poly" coords="199,147,199,153,205,153,205,147" href="/hhomp/browse?gi=gi|118038179|ref|ZP_01509584.1|&page=Wza.1" title="" onmouseover="return overlib('Wza.1\ngi|118038179|ref|ZP_01509584.1| polysaccharide export protein [Burkholderia phytofirmans PsJN] ');" onmouseout="return nd();" />
 <area shape="poly" coords="203,144,203,150,209,150,209,144" href="/hhomp/browse?gi=gi|118036045|ref|ZP_01507453.1|&page=Wza.1" title="" onmouseover="return overlib('Wza.1\ngi|118036045|ref|ZP_01507453.1| polysaccharide export protein [Burkholderia phytofirmans PsJN] ');" onmouseout="return nd();" />
 <area shape="poly" coords="200,149,200,155,206,155,206,149" href="/hhomp/browse?gi=gi|53718262|ref|YP_107248.1|&page=Wza.1" title="" onmouseover="return overlib('Wza.1\ngi|53718262|ref|YP_107248.1| putative polysaccharide biosynthesis/export protein [Burkholderia pseudomallei K96243] ');" onmouseout="return nd();" />
 <area shape="poly" coords="199,141,199,147,205,147,205,141" href="/hhomp/browse?gi=gi|118030676|ref|ZP_01502133.1|&page=Wza.1" title="" onmouseover="return overlib('Wza.1\ngi|118030676|ref|ZP_01502133.1| polysaccharide export protein [Burkholderia phymatum STM815] ');" onmouseout="return nd();" />
 <area shape="poly" coords="219,161,219,167,225,167,225,161" href="/hhomp/browse?gi=gi|33335438|gb|AAQ12658.1|&page=Wza.3" title="" onmouseover="return overlib('Wza.3\ngi|33335438|gb|AAQ12658.1| BexD [Haemophilus influenzae]');" onmouseout="return nd();" />
 <area shape="poly" coords="215,163,215,169,221,169,221,163" href="/hhomp/browse?gi=gi|44590949|gb|EAK32357.1|&page=Wza.3" title="" onmouseover="return overlib('Wza.3\ngi|44590949|gb|EAK32357.1| unknown [environmental sequence]');" onmouseout="return nd();" />
 <area shape="poly" coords="214,160,214,166,220,166,220,160" href="/hhomp/browse?gi=gi|89360859|ref|ZP_01198676.1|&page=Wza.3" title="" onmouseover="return overlib('Wza.3\ngi|89360859|ref|ZP_01198676.1| putative capsular polysaccharide biosynthesis/export protein [Xanthobacter autotrophicus Py2] ');" onmouseout="return nd();" />
 <area shape="poly" coords="188,140,188,146,194,146,194,140" href="/hhomp/browse?gi=gi|68550413|ref|ZP_00589862.1|&page=Wza.2" title="" onmouseover="return overlib('Wza.2\ngi|68550413|ref|ZP_00589862.1| Polysaccharide export protein [Pelodictyon phaeoclathratiforme BU-1] ');" onmouseout="return nd();" />
 <area shape="poly" coords="215,159,215,165,221,165,221,159" href="/hhomp/browse?gi=gi|119358115|ref|YP_912759.1|&page=Wza.3" title="" onmouseover="return overlib('Wza.3\ngi|119358115|ref|YP_912759.1| polysaccharide export protein [Chlorobium phaeobacteroides DSM 266] ');" onmouseout="return nd();" />
 <area shape="poly" coords="211,162,211,168,217,168,217,162" href="/hhomp/browse?gi=gi|118743847|ref|ZP_01591847.1|&page=Wza.3" title="" onmouseover="return overlib('Wza.3\ngi|118743847|ref|ZP_01591847.1| polysaccharide export protein [Geobacter lovleyi SZ] ');" onmouseout="return nd();" />
 <area shape="poly" coords="216,153,216,159,222,159,222,153" href="/hhomp/browse?gi=gi|84685132|ref|ZP_01013031.1|&page=Wza.3" title="" onmouseover="return overlib('Wza.3\ngi|84685132|ref|ZP_01013031.1| Polysaccharide export protein [Rhodobacterales bacterium HTCC2654] ');" onmouseout="return nd();" />
 <area shape="poly" coords="217,165,217,171,223,171,223,165" href="/hhomp/browse?gi=gi|15676007|ref|NP_273135.1|&page=Wza.3" title="" onmouseover="return overlib('Wza.3\ngi|15676007|ref|NP_273135.1| capsule polysaccharide export outer membrane protein CtrA [Neisseria meningitidis MC58] ');" onmouseout="return nd();" />
 <area shape="poly" coords="210,166,210,172,216,172,216,166" href="/hhomp/browse?gi=gi|92118534|ref|YP_578263.1|&page=Wza.3" title="" onmouseover="return overlib('Wza.3\ngi|92118534|ref|YP_578263.1| polysaccharide export protein [Nitrobacter hamburgensis X14] ');" onmouseout="return nd();" />
 <area shape="poly" coords="216,157,216,163,222,163,222,157" href="/hhomp/browse?gi=gi|110635088|ref|YP_675296.1|&page=Wza.3" title="" onmouseover="return overlib('Wza.3\ngi|110635088|ref|YP_675296.1| polysaccharide export protein [Mesorhizobium sp. BNC1] ');" onmouseout="return nd();" />
 <area shape="poly" coords="204,165,204,171,210,171,210,165" href="/hhomp/browse?gi=gi|87198752|ref|YP_496009.1|&page=Wza.3" title="" onmouseover="return overlib('Wza.3\ngi|87198752|ref|YP_496009.1| polysaccharide export protein [Novosphingobium aromaticivorans DSM 12444] ');" onmouseout="return nd();" />
 <area shape="poly" coords="221,170,221,176,227,176,227,170" href="/hhomp/browse?gi=gi|21655267|gb|AAM55487.1|&page=Wza.3" title="" onmouseover="return overlib('Wza.3\ngi|21655267|gb|AAM55487.1| HctD [Haemophilus paragallinarum]');" onmouseout="return nd();" />
 <area shape="poly" coords="213,166,213,172,219,172,219,166" href="/hhomp/browse?gi=gi|16326485|gb|AAL17807.1|AF361470_28&page=Wza.3" title="" onmouseover="return overlib('Wza.3\ngi|16326485|gb|AAL17807.1|AF361470_28 putative capsular polysaccharide exporter outer membrane protein [Rhizobium leguminosarum bv. trifolii]');" onmouseout="return nd();" />
 <area shape="poly" coords="181,135,181,141,187,141,187,135" href="/hhomp/browse?gi=gi|39996941|ref|NP_952892.1|&page=Wza.2" title="" onmouseover="return overlib('Wza.2\ngi|39996941|ref|NP_952892.1| polysaccharide biosynthesis/export domain protein [Geobacter sulfurreducens PCA] ');" onmouseout="return nd();" />
 <area shape="poly" coords="185,134,185,140,191,140,191,134" href="/hhomp/browse?gi=gi|34496228|ref|NP_900443.1|&page=Wza.2" title="" onmouseover="return overlib('Wza.2\ngi|34496228|ref|NP_900443.1| capsule polysaccharide export system periplasmic protein [Chromobacterium violaceum ATCC 12472] ');" onmouseout="return nd();" />
 <area shape="poly" coords="179,136,179,142,185,142,185,136" href="/hhomp/browse?gi=gi|90417220|ref|ZP_01225147.1|&page=Wza.2" title="" onmouseover="return overlib('Wza.2\ngi|90417220|ref|ZP_01225147.1| polysaccharide biosynthesis protein [marine gamma proteobacterium HTCC2207] ');" onmouseout="return nd();" />
 <area shape="poly" coords="178,137,178,143,184,143,184,137" href="/hhomp/browse?gi=gi|71280160|ref|YP_270313.1|&page=Wza.2" title="" onmouseover="return overlib('Wza.2\ngi|71280160|ref|YP_270313.1| polysaccharide biosynthesis/export protein [Colwellia psychrerythraea 34H] ');" onmouseout="return nd();" />
 <area shape="poly" coords="181,136,181,142,187,142,187,136" href="/hhomp/browse?gi=gi|85860430|ref|YP_462632.1|&page=Wza.2" title="" onmouseover="return overlib('Wza.2\ngi|85860430|ref|YP_462632.1| periplasmic protein involved in polysaccharide export [Syntrophus aciditrophicus SB] ');" onmouseout="return nd();" />
 <area shape="poly" coords="180,135,180,141,186,141,186,135" href="/hhomp/browse?gi=gi|114564007|ref|YP_751521.1|&page=Wza.2" title="" onmouseover="return overlib('Wza.2\ngi|114564007|ref|YP_751521.1| polysaccharide export protein [Shewanella frigidimarina NCIMB 400] ');" onmouseout="return nd();" />
 <area shape="poly" coords="181,130,181,136,187,136,187,130" href="/hhomp/browse?gi=gi|44211213|gb|EAH72395.1|&page=Wza.2" title="" onmouseover="return overlib('Wza.2\ngi|44211213|gb|EAH72395.1| unknown [environmental sequence]');" onmouseout="return nd();" />
 <area shape="poly" coords="181,135,181,141,187,141,187,135" href="/hhomp/browse?gi=gi|91794022|ref|YP_563673.1|&page=Wza.2" title="" onmouseover="return overlib('Wza.2\ngi|91794022|ref|YP_563673.1| polysaccharide export protein [Shewanella denitrificans OS217] ');" onmouseout="return nd();" />
 <area shape="poly" coords="177,138,177,144,183,144,183,138" href="/hhomp/browse?gi=gi|119469058|ref|ZP_01612042.1|&page=Wza.2" title="" onmouseover="return overlib('Wza.2\ngi|119469058|ref|ZP_01612042.1| polysaccharide biosynthesis/export protein [Alteromonadales bacterium TW-7] ');" onmouseout="return nd();" />
 <area shape="poly" coords="185,148,185,154,191,154,191,148" href="/hhomp/browse?gi=gi|27597141|dbj|BAC55135.1|&page=Wza.2" title="" onmouseover="return overlib('Wza.2\ngi|27597141|dbj|BAC55135.1| EpsE [Methylobacillus sp. 12S]');" onmouseout="return nd();" />
 <area shape="poly" coords="195,160,195,166,201,166,201,160" href="/hhomp/browse?gi=gi|43377812|gb|EAD53796.1|&page=Wza.2" title="" onmouseover="return overlib('Wza.2\ngi|43377812|gb|EAD53796.1| unknown [environmental sequence]');" onmouseout="return nd();" />
 <area shape="poly" coords="186,129,186,135,192,135,192,129" href="/hhomp/browse?gi=gi|42838364|gb|EAA86653.1|&page=Wza.2" title="" onmouseover="return overlib('Wza.2\ngi|42838364|gb|EAA86653.1| unknown [environmental sequence]');" onmouseout="return nd();" />
 <area shape="poly" coords="179,133,179,139,185,139,185,133" href="/hhomp/browse?gi=gi|83645187|ref|YP_433622.1|&page=Wza.2" title="" onmouseover="return overlib('Wza.2\ngi|83645187|ref|YP_433622.1| Periplasmic protein involved in polysaccharide export [Hahella chejuensis KCTC 2396] ');" onmouseout="return nd();" />
 <area shape="poly" coords="178,136,178,142,184,142,184,136" href="/hhomp/browse?gi=gi|114772197|ref|ZP_01449577.1|&page=Wza.2" title="" onmouseover="return overlib('Wza.2\ngi|114772197|ref|ZP_01449577.1| Periplasmic protein involved in polysaccharide export [alpha proteobacterium HTCC2255] ');" onmouseout="return nd();" />
 <area shape="poly" coords="181,135,181,141,187,141,187,135" href="/hhomp/browse?gi=gi|118743835|ref|ZP_01591835.1|&page=Wza.2" title="" onmouseover="return overlib('Wza.2\ngi|118743835|ref|ZP_01591835.1| polysaccharide export protein [Geobacter lovleyi SZ] ');" onmouseout="return nd();" />
 <area shape="poly" coords="182,138,182,144,188,144,188,138" href="/hhomp/browse?gi=gi|94967917|ref|YP_589965.1|&page=Wza.2" title="" onmouseover="return overlib('Wza.2\ngi|94967917|ref|YP_589965.1| polysaccharide export protein [Acidobacteria bacterium Ellin345] ');" onmouseout="return nd();" />
 <area shape="poly" coords="175,135,175,141,181,141,181,135" href="/hhomp/browse?gi=gi|90021223|ref|YP_527050.1|&page=Wza.2" title="" onmouseover="return overlib('Wza.2\ngi|90021223|ref|YP_527050.1| ClpX, ATPase regulatory subunit [Saccharophagus degradans 2-40] ');" onmouseout="return nd();" />
 <area shape="poly" coords="180,137,180,143,186,143,186,137" href="/hhomp/browse?gi=gi|56459674|ref|YP_154955.1|&page=Wza.2" title="" onmouseover="return overlib('Wza.2\ngi|56459674|ref|YP_154955.1| Polysaccharide biosynthesis/export protein [Idiomarina loihiensis L2TR] ');" onmouseout="return nd();" />
 <area shape="poly" coords="179,150,179,156,185,156,185,150" href="/hhomp/browse?gi=gi|116749612|ref|YP_846299.1|&page=Wza.2" title="" onmouseover="return overlib('Wza.2\ngi|116749612|ref|YP_846299.1| polysaccharide export protein [Syntrophobacter fumaroxidans MPOB] ');" onmouseout="return nd();" />
 <area shape="poly" coords="177,135,177,141,183,141,183,135" href="/hhomp/browse?gi=gi|91226591|ref|ZP_01261315.1|&page=Wza.2" title="" onmouseover="return overlib('Wza.2\ngi|91226591|ref|ZP_01261315.1| OtnA protein [Vibrio alginolyticus 12G01] ');" onmouseout="return nd();" />
 <area shape="poly" coords="177,131,177,137,183,137,183,131" href="/hhomp/browse?gi=gi|44194740|gb|EAH63366.1|&page=Wza.2" title="" onmouseover="return overlib('Wza.2\ngi|44194740|gb|EAH63366.1| unknown [environmental sequence]');" onmouseout="return nd();" />
 <area shape="poly" coords="182,133,182,139,188,139,188,133" href="/hhomp/browse?gi=gi|53713222|ref|YP_099214.1|&page=Wza.2" title="" onmouseover="return overlib('Wza.2\ngi|53713222|ref|YP_099214.1| polysialic acid transport protein [Bacteroides fragilis YCH46] ');" onmouseout="return nd();" />
 <area shape="poly" coords="175,137,175,143,181,143,181,137" href="/hhomp/browse?gi=gi|44383312|gb|EAI88351.1|&page=Wza.2" title="" onmouseover="return overlib('Wza.2\ngi|44383312|gb|EAI88351.1| unknown [environmental sequence]');" onmouseout="return nd();" />
 <area shape="poly" coords="189,153,189,159,195,159,195,153" href="/hhomp/browse?gi=gi|46562209|ref|YP_009078.1|&page=Wza.2" title="" onmouseover="return overlib('Wza.2\ngi|46562209|ref|YP_009078.1| capsular polysaccharide transport protein [Desulfovibrio vulgaris subsp. vulgaris str. Hildenborough] ');" onmouseout="return nd();" />
 <area shape="poly" coords="192,148,192,154,198,154,198,148" href="/hhomp/browse?gi=gi|78223237|ref|YP_384984.1|&page=Wza.2" title="" onmouseover="return overlib('Wza.2\ngi|78223237|ref|YP_384984.1| Polysaccharide export protein [Geobacter metallireducens GS-15] ');" onmouseout="return nd();" />
 <area shape="poly" coords="178,132,178,138,184,138,184,132" href="/hhomp/browse?gi=gi|88706136|ref|ZP_01103843.1|&page=Wza.2" title="" onmouseover="return overlib('Wza.2\ngi|88706136|ref|ZP_01103843.1| polysialic acid capsule transport protein [gamma proteobacterium KT 71] ');" onmouseout="return nd();" />
 <area shape="poly" coords="179,133,179,139,185,139,185,133" href="/hhomp/browse?gi=gi|118581803|ref|YP_903053.1|&page=Wza.2" title="" onmouseover="return overlib('Wza.2\ngi|118581803|ref|YP_903053.1| polysaccharide export protein [Pelobacter propionicus DSM 2379] ');" onmouseout="return nd();" />
 <area shape="poly" coords="184,134,184,140,190,140,190,134" href="/hhomp/browse?gi=gi|29347064|ref|NP_810567.1|&page=Wza.2" title="" onmouseover="return overlib('Wza.2\ngi|29347064|ref|NP_810567.1| polysialic acid transport protein kpsD precursor [Bacteroides thetaiotaomicron VPI-5482] ');" onmouseout="return nd();" />
 <area shape="poly" coords="176,136,176,142,182,142,182,136" href="/hhomp/browse?gi=gi|15605977|ref|NP_213354.1|&page=Wza.2" title="" onmouseover="return overlib('Wza.2\ngi|15605977|ref|NP_213354.1| polysaccharide biosynthesis protein [Aquifex aeolicus VF5] ');" onmouseout="return nd();" />
 <area shape="poly" coords="177,133,177,139,183,139,183,133" href="/hhomp/browse?gi=gi|88858840|ref|ZP_01133481.1|&page=Wza.2" title="" onmouseover="return overlib('Wza.2\ngi|88858840|ref|ZP_01133481.1| polysaccharide biosynthesis/export protein [Pseudoalteromonas tunicata D2] ');" onmouseout="return nd();" />
 <area shape="poly" coords="184,131,184,137,190,137,190,131" href="/hhomp/browse?gi=gi|83717486|ref|YP_440180.1|&page=Wza.2" title="" onmouseover="return overlib('Wza.2\ngi|83717486|ref|YP_440180.1| polysaccharide biosynthesis protein, putative [Burkholderia thailandensis E264] ');" onmouseout="return nd();" />
 <area shape="poly" coords="186,148,186,154,192,154,192,148" href="/hhomp/browse?gi=gi|89209633|ref|ZP_01188028.1|&page=Wza.2" title="" onmouseover="return overlib('Wza.2\ngi|89209633|ref|ZP_01188028.1| Polysaccharide export protein [Halothermothrix orenii H 168] ');" onmouseout="return nd();" />
 <area shape="poly" coords="182,139,182,145,188,145,188,139" href="/hhomp/browse?gi=gi|90589800|ref|ZP_01245449.1|&page=Wza.2" title="" onmouseover="return overlib('Wza.2\ngi|90589800|ref|ZP_01245449.1| Polysaccharide export protein [Flavobacterium johnsoniae UW101] ');" onmouseout="return nd();" />
 <area shape="poly" coords="183,137,183,143,189,143,189,137" href="/hhomp/browse?gi=gi|83814524|ref|YP_444735.1|&page=Wza.2" title="" onmouseover="return overlib('Wza.2\ngi|83814524|ref|YP_444735.1| capsule polysaccharide export system periplasmic protein [Salinibacter ruber DSM 13855] ');" onmouseout="return nd();" />
 <area shape="poly" coords="185,132,185,138,191,138,191,132" href="/hhomp/browse?gi=gi|22299311|ref|NP_682558.1|&page=Wza.2" title="" onmouseover="return overlib('Wza.2\ngi|22299311|ref|NP_682558.1| putative polysaccharide export protein [Thermosynechococcus elongatus BP-1] ');" onmouseout="return nd();" />
 <area shape="poly" coords="177,128,177,134,183,134,183,128" href="/hhomp/browse?gi=gi|44632652|gb|EAK62174.1|&page=Wza.2" title="" onmouseover="return overlib('Wza.2\ngi|44632652|gb|EAK62174.1| unknown [environmental sequence]');" onmouseout="return nd();" />
 <area shape="poly" coords="182,126,182,132,188,132,188,126" href="/hhomp/browse?gi=gi|43439110|gb|EAD74841.1|&page=Wza.2" title="" onmouseover="return overlib('Wza.2\ngi|43439110|gb|EAD74841.1| unknown [environmental sequence]');" onmouseout="return nd();" />
 <area shape="poly" coords="183,138,183,144,189,144,189,138" href="/hhomp/browse?gi=gi|37522808|ref|NP_926185.1|&page=Wza.2" title="" onmouseover="return overlib('Wza.2\ngi|37522808|ref|NP_926185.1| hypothetical protein glr3239 [Gloeobacter violaceus PCC 7421] ');" onmouseout="return nd();" />
 <area shape="poly" coords="181,128,181,134,187,134,187,128" href="/hhomp/browse?gi=gi|44361212|gb|EAI72839.1|&page=Wza.2" title="" onmouseover="return overlib('Wza.2\ngi|44361212|gb|EAI72839.1| unknown [environmental sequence]');" onmouseout="return nd();" />
 <area shape="poly" coords="223,161,223,167,229,167,229,161" href="/hhomp/browse?gi=gi|23011873|ref|ZP_00052106.1|&page=Wza.3" title="" onmouseover="return overlib('Wza.3\ngi|23011873|ref|ZP_00052106.1| COG1596: Periplasmic protein involved in polysaccharide export [Magnetospirillum magnetotacticum MS-1]');" onmouseout="return nd();" />
 <area shape="poly" coords="173,133,173,139,179,139,179,133" href="/hhomp/browse?gi=gi|44005506|gb|EAG60828.1|&page=Wza.2" title="" onmouseover="return overlib('Wza.2\ngi|44005506|gb|EAG60828.1| unknown [environmental sequence]');" onmouseout="return nd();" />
 <area shape="poly" coords="183,146,183,152,189,152,189,146" href="/hhomp/browse?gi=gi|88934628|ref|ZP_01140269.1|&page=Wza.2" title="" onmouseover="return overlib('Wza.2\ngi|88934628|ref|ZP_01140269.1| similar to Periplasmic protein involved in polysaccharide export [Geobacter uraniumreducens Rf4] ');" onmouseout="return nd();" />
 <area shape="poly" coords="176,125,176,131,182,131,182,125" href="/hhomp/browse?gi=gi|43255724|gb|EAC93578.1|&page=Wza.2" title="" onmouseover="return overlib('Wza.2\ngi|43255724|gb|EAC93578.1| unknown [environmental sequence]');" onmouseout="return nd();" />
 <area shape="poly" coords="187,137,187,143,193,143,193,137" href="/hhomp/browse?gi=gi|16329816|ref|NP_440544.1|&page=Wza.2" title="" onmouseover="return overlib('Wza.2\ngi|16329816|ref|NP_440544.1| GumB protein [Synechocystis sp. PCC 6803] ');" onmouseout="return nd();" />
 <area shape="poly" coords="183,154,183,160,189,160,189,154" href="/hhomp/browse?gi=gi|94970338|ref|YP_592386.1|&page=Wza.2" title="" onmouseover="return overlib('Wza.2\ngi|94970338|ref|YP_592386.1| polysaccharide export protein [Acidobacteria bacterium Ellin345] ');" onmouseout="return nd();" />
 <area shape="poly" coords="178,136,178,142,184,142,184,136" href="/hhomp/browse?gi=gi|113476292|ref|YP_722353.1|&page=Wza.2" title="" onmouseover="return overlib('Wza.2\ngi|113476292|ref|YP_722353.1| polysaccharide export protein [Trichodesmium erythraeum IMS101] ');" onmouseout="return nd();" />
 <area shape="poly" coords="190,131,190,137,196,137,196,131" href="/hhomp/browse?gi=gi|119486090|ref|ZP_01620152.1|&page=Wza.2" title="" onmouseover="return overlib('Wza.2\ngi|119486090|ref|ZP_01620152.1| hypothetical protein L8106_06200 [Lyngbya sp. PCC 8106] ');" onmouseout="return nd();" />
 <area shape="poly" coords="190,133,190,139,196,139,196,133" href="/hhomp/browse?gi=gi|119513447|ref|ZP_01632475.1|&page=Wza.2" title="" onmouseover="return overlib('Wza.2\ngi|119513447|ref|ZP_01632475.1| hypothetical protein N9414_23208 [Nodularia spumigena CCY9414] ');" onmouseout="return nd();" />
 <area shape="poly" coords="182,139,182,145,188,145,188,139" href="/hhomp/browse?gi=gi|119509966|ref|ZP_01629108.1|&page=Wza.2" title="" onmouseover="return overlib('Wza.2\ngi|119509966|ref|ZP_01629108.1| hypothetical protein N9414_05784 [Nodularia spumigena CCY9414] ');" onmouseout="return nd();" />
 <area shape="poly" coords="187,125,187,131,193,131,193,125" href="/hhomp/browse?gi=gi|43700496|gb|EAF05473.1|&page=Wza.2" title="" onmouseover="return overlib('Wza.2\ngi|43700496|gb|EAF05473.1| unknown [environmental sequence]');" onmouseout="return nd();" />
 <area shape="poly" coords="187,141,187,147,193,147,193,141" href="/hhomp/browse?gi=gi|15643403|ref|NP_228447.1|&page=Wza.2" title="" onmouseover="return overlib('Wza.2\ngi|15643403|ref|NP_228447.1| polysaccharide export protein, putative [Thermotoga maritima MSB8] ');" onmouseout="return nd();" />
 <area shape="poly" coords="179,139,179,145,185,145,185,139" href="/hhomp/browse?gi=gi|44277202|gb|EAI14720.1|&page=Wza.2" title="" onmouseover="return overlib('Wza.2\ngi|44277202|gb|EAI14720.1| unknown [environmental sequence]');" onmouseout="return nd();" />
 <area shape="poly" coords="183,136,183,142,189,142,189,136" href="/hhomp/browse?gi=gi|119489771|ref|ZP_01622529.1|&page=Wza.2" title="" onmouseover="return overlib('Wza.2\ngi|119489771|ref|ZP_01622529.1| Polysaccharide export protein [Lyngbya sp. PCC 8106] ');" onmouseout="return nd();" />
 <area shape="poly" coords="185,124,185,130,191,130,191,124" href="/hhomp/browse?gi=gi|33240765|ref|NP_875707.1|&page=Wza.2" title="" onmouseover="return overlib('Wza.2\ngi|33240765|ref|NP_875707.1| polysaccharide export-related periplasmic protein [Prochlorococcus marinus subsp. marinus str. CCMP1375] ');" onmouseout="return nd();" />
 <area shape="poly" coords="178,121,178,127,184,127,184,121" href="/hhomp/browse?gi=gi|43286644|gb|EAD09167.1|&page=Wza.2" title="" onmouseover="return overlib('Wza.2\ngi|43286644|gb|EAD09167.1| unknown [environmental sequence]');" onmouseout="return nd();" />
 <area shape="poly" coords="182,133,182,139,188,139,188,133" href="/hhomp/browse?gi=gi|44345816|gb|EAI61669.1|&page=Wza.2" title="" onmouseover="return overlib('Wza.2\ngi|44345816|gb|EAI61669.1| unknown [environmental sequence]');" onmouseout="return nd();" />
 <area shape="poly" coords="185,122,185,128,191,128,191,122" href="/hhomp/browse?gi=gi|94501212|ref|ZP_01307734.1|&page=Wza.2" title="" onmouseover="return overlib('Wza.2\ngi|94501212|ref|ZP_01307734.1| KpsD protein [Oceanobacter sp. RED65] ');" onmouseout="return nd();" />
 <area shape="poly" coords="186,136,186,142,192,142,192,136" href="/hhomp/browse?gi=gi|110932061|gb|ABH02984.1|&page=Wza.2" title="" onmouseover="return overlib('Wza.2\ngi|110932061|gb|ABH02984.1| SpaA [Spirochaeta aurantia]');" onmouseout="return nd();" />
 <area shape="poly" coords="177,126,177,132,183,132,183,126" href="/hhomp/browse?gi=gi|43886813|gb|EAF97314.1|&page=Wza.2" title="" onmouseover="return overlib('Wza.2\ngi|43886813|gb|EAF97314.1| unknown [environmental sequence]');" onmouseout="return nd();" />
 <area shape="poly" coords="187,124,187,130,193,130,193,124" href="/hhomp/browse?gi=gi|20502707|gb|AAM22568.1|AF375657_5&page=Wza.2" title="" onmouseover="return overlib('Wza.2\ngi|20502707|gb|AAM22568.1|AF375657_5 KpsD [Aeromonas hydrophila]');" onmouseout="return nd();" />
 <area shape="poly" coords="180,140,180,146,186,146,186,140" href="/hhomp/browse?gi=gi|89092759|ref|ZP_01165711.1|&page=Wza.2" title="" onmouseover="return overlib('Wza.2\ngi|89092759|ref|ZP_01165711.1| periplasmic protein involved in polysaccharide export [Oceanospirillum sp. MED92] ');" onmouseout="return nd();" />
 <area shape="poly" coords="179,124,179,130,185,130,185,124" href="/hhomp/browse?gi=gi|33861767|ref|NP_893328.1|&page=Wza.2" title="" onmouseover="return overlib('Wza.2\ngi|33861767|ref|NP_893328.1| possible polysaccharide export or synthesis protein [Prochlorococcus marinus subsp. pastoris str. CCMP1986] ');" onmouseout="return nd();" />
 <area shape="poly" coords="185,124,185,130,191,130,191,124" href="/hhomp/browse?gi=gi|118052727|ref|ZP_01521273.1|&page=Wza.2" title="" onmouseover="return overlib('Wza.2\ngi|118052727|ref|ZP_01521273.1| polysaccharide export protein [Comamonas testosteroni KF-1] ');" onmouseout="return nd();" />
 <area shape="poly" coords="188,152,188,158,194,158,194,152" href="/hhomp/browse?gi=gi|118056054|ref|ZP_01524537.1|&page=Wza.2" title="" onmouseover="return overlib('Wza.2\ngi|118056054|ref|ZP_01524537.1| polysaccharide export protein [Fervidobacterium nodosum Rt17-B1] ');" onmouseout="return nd();" />
 <area shape="poly" coords="182,151,182,157,188,157,188,151" href="/hhomp/browse?gi=gi|116748423|ref|YP_845110.1|&page=Wza.2" title="" onmouseover="return overlib('Wza.2\ngi|116748423|ref|YP_845110.1| polysaccharide export protein [Syntrophobacter fumaroxidans MPOB] ');" onmouseout="return nd();" />
 <area shape="poly" coords="189,124,189,130,195,130,195,124" href="/hhomp/browse?gi=gi|91790759|ref|YP_551710.1|&page=Wza.2" title="" onmouseover="return overlib('Wza.2\ngi|91790759|ref|YP_551710.1| polysaccharide export protein [Polaromonas sp. JS666] ');" onmouseout="return nd();" />
 <area shape="poly" coords="178,142,178,148,184,148,184,142" href="/hhomp/browse?gi=gi|59714205|ref|YP_206980.1|&page=Wza.2" title="" onmouseover="return overlib('Wza.2\ngi|59714205|ref|YP_206980.1| transporter [Vibrio fischeri ES114] ');" onmouseout="return nd();" />
 <area shape="poly" coords="182,121,182,127,188,127,188,121" href="/hhomp/browse?gi=gi|2801417|gb|AAC38077.1|&page=Wza.2" title="" onmouseover="return overlib('Wza.2\ngi|2801417|gb|AAC38077.1| KpsD [Escherichia coli]');" onmouseout="return nd();" />
 <area shape="poly" coords="178,140,178,146,184,146,184,140" href="/hhomp/browse?gi=gi|116184583|ref|ZP_01474515.1|&page=Wza.2" title="" onmouseover="return overlib('Wza.2\ngi|116184583|ref|ZP_01474515.1| hypothetical protein VEx2w_02002885 [Vibrio sp. Ex25]');" onmouseout="return nd();" />
 <area shape="poly" coords="174,128,174,134,180,134,180,128" href="/hhomp/browse?gi=gi|44522262|gb|EAJ84429.1|&page=Wza.2" title="" onmouseover="return overlib('Wza.2\ngi|44522262|gb|EAJ84429.1| unknown [environmental sequence]');" onmouseout="return nd();" />
 <area shape="poly" coords="189,125,189,131,195,131,195,125" href="/hhomp/browse?gi=gi|77958928|ref|ZP_00822954.1|&page=Wza.2" title="" onmouseover="return overlib('Wza.2\ngi|77958928|ref|ZP_00822954.1| COG1596: Periplasmic protein involved in polysaccharide export [Yersinia bercovieri ATCC 43970]');" onmouseout="return nd();" />
 <area shape="poly" coords="182,114,182,120,188,120,188,114" href="/hhomp/browse?gi=gi|43210746|gb|EAC70912.1|&page=Wza.2" title="" onmouseover="return overlib('Wza.2\ngi|43210746|gb|EAC70912.1| unknown [environmental sequence]');" onmouseout="return nd();" />
 <area shape="poly" coords="184,148,184,154,190,154,190,148" href="/hhomp/browse?gi=gi|70730447|ref|YP_260188.1|&page=Wza.2" title="" onmouseover="return overlib('Wza.2\ngi|70730447|ref|YP_260188.1| polysaccharide biosynthesis/export protein [Pseudomonas fluorescens Pf-5] ');" onmouseout="return nd();" />
 <area shape="poly" coords="168,126,168,132,174,132,174,126" href="/hhomp/browse?gi=gi|43762497|gb|EAF35700.1|&page=Wza.2" title="" onmouseover="return overlib('Wza.2\ngi|43762497|gb|EAF35700.1| unknown [environmental sequence]');" onmouseout="return nd();" />
 <area shape="poly" coords="181,122,181,128,187,128,187,122" href="/hhomp/browse?gi=gi|46581542|ref|YP_012350.1|&page=Wza.2" title="" onmouseover="return overlib('Wza.2\ngi|46581542|ref|YP_012350.1| capsular polysaccharide transport protein, putative [Desulfovibrio vulgaris subsp. vulgaris str. Hildenborough] ');" onmouseout="return nd();" />
 <area shape="poly" coords="176,142,176,148,182,148,182,142" href="/hhomp/browse?gi=gi|119470187|ref|ZP_01612953.1|&page=Wza.2" title="" onmouseover="return overlib('Wza.2\ngi|119470187|ref|ZP_01612953.1| Periplasmic protein involved in polysaccharide export [Alteromonadales bacterium TW-7] ');" onmouseout="return nd();" />
 <area shape="poly" coords="170,123,170,129,176,129,176,123" href="/hhomp/browse?gi=gi|44109341|gb|EAH17602.1|&page=Wza.2" title="" onmouseover="return overlib('Wza.2\ngi|44109341|gb|EAH17602.1| unknown [environmental sequence]');" onmouseout="return nd();" />
 <area shape="poly" coords="178,147,178,153,184,153,184,147" href="/hhomp/browse?gi=gi|77458248|ref|YP_347753.1|&page=Wza.2" title="" onmouseover="return overlib('Wza.2\ngi|77458248|ref|YP_347753.1| Polysaccharide export protein [Pseudomonas fluorescens PfO-1] ');" onmouseout="return nd();" />
 <area shape="poly" coords="188,128,188,134,194,134,194,128" href="/hhomp/browse?gi=gi|44092846|gb|EAH08763.1|&page=Wza.2" title="" onmouseover="return overlib('Wza.2\ngi|44092846|gb|EAH08763.1| unknown [environmental sequence]');" onmouseout="return nd();" />
 <area shape="poly" coords="182,119,182,125,188,125,188,119" href="/hhomp/browse?gi=gi|88793810|ref|ZP_01109523.1|&page=Wza.2" title="" onmouseover="return overlib('Wza.2\ngi|88793810|ref|ZP_01109523.1| capsular polysaccharide transport protein, putative [Alteromonas macleodii \'Deep ecotype\'] ');" onmouseout="return nd();" />
 <area shape="poly" coords="168,157,168,163,174,163,174,157" href="/hhomp/browse?gi=gi|85704919|ref|ZP_01036020.1|&page=Wza.2" title="" onmouseover="return overlib('Wza.2\ngi|85704919|ref|ZP_01036020.1| Polysaccharide export protein [Roseovarius sp. 217] ');" onmouseout="return nd();" />
 <area shape="poly" coords="174,124,174,130,180,130,180,124" href="/hhomp/browse?gi=gi|114769659|ref|ZP_01447269.1|&page=Wza.2" title="" onmouseover="return overlib('Wza.2\ngi|114769659|ref|ZP_01447269.1| polysaccharide biosynthesis/export protein [alpha proteobacterium HTCC2255] ');" onmouseout="return nd();" />
 <area shape="poly" coords="172,130,172,136,178,136,178,130" href="/hhomp/browse?gi=gi|44605884|gb|EAK42910.1|&page=Wza.2" title="" onmouseover="return overlib('Wza.2\ngi|44605884|gb|EAK42910.1| unknown [environmental sequence]');" onmouseout="return nd();" />
 <area shape="poly" coords="174,137,174,143,180,143,180,137" href="/hhomp/browse?gi=gi|44468108|gb|EAJ47961.1|&page=Wza.2" title="" onmouseover="return overlib('Wza.2\ngi|44468108|gb|EAJ47961.1| unknown [environmental sequence]');" onmouseout="return nd();" />
 <area shape="poly" coords="180,108,180,114,186,114,186,108" href="/hhomp/browse?gi=gi|44605933|gb|EAK42943.1|&page=Wza.2" title="" onmouseover="return overlib('Wza.2\ngi|44605933|gb|EAK42943.1| unknown [environmental sequence]');" onmouseout="return nd();" />
 <area shape="poly" coords="177,137,177,143,183,143,183,137" href="/hhomp/browse?gi=gi|43275647|gb|EAD03592.1|&page=Wza.2" title="" onmouseover="return overlib('Wza.2\ngi|43275647|gb|EAD03592.1| unknown [environmental sequence]');" onmouseout="return nd();" />
 <area shape="poly" coords="178,100,178,106,184,106,184,100" href="/hhomp/browse?gi=gi|43486792|gb|EAD98163.1|&page=Wza.2" title="" onmouseover="return overlib('Wza.2\ngi|43486792|gb|EAD98163.1| unknown [environmental sequence]');" onmouseout="return nd();" />
 <area shape="poly" coords="165,118,165,124,171,124,171,118" href="/hhomp/browse?gi=gi|44649531|gb|EAK73696.1|&page=Wza.2" title="" onmouseover="return overlib('Wza.2\ngi|44649531|gb|EAK73696.1| unknown [environmental sequence]');" onmouseout="return nd();" />
 <area shape="poly" coords="169,146,169,152,175,152,175,146" href="/hhomp/browse?gi=gi|43357622|gb|EAD43669.1|&page=Wza.2" title="" onmouseover="return overlib('Wza.2\ngi|43357622|gb|EAD43669.1| unknown [environmental sequence]');" onmouseout="return nd();" />
 <area shape="poly" coords="188,143,188,149,194,149,194,143" href="/hhomp/browse?gi=gi|43321249|gb|EAD26335.1|&page=Wza.2" title="" onmouseover="return overlib('Wza.2\ngi|43321249|gb|EAD26335.1| unknown [environmental sequence]');" onmouseout="return nd();" />
 <area shape="poly" coords="178,96,178,102,184,102,184,96" href="/hhomp/browse?gi=gi|43468003|gb|EAD88732.1|&page=Wza.2" title="" onmouseover="return overlib('Wza.2\ngi|43468003|gb|EAD88732.1| unknown [environmental sequence]');" onmouseout="return nd();" />
 <area shape="poly" coords="174,128,174,134,180,134,180,128" href="/hhomp/browse?gi=gi|44487766|gb|EAJ61927.1|&page=Wza.2" title="" onmouseover="return overlib('Wza.2\ngi|44487766|gb|EAJ61927.1| unknown [environmental sequence]');" onmouseout="return nd();" />
 <area shape="poly" coords="165,141,165,147,171,147,171,141" href="/hhomp/browse?gi=gi|43234762|gb|EAC82985.1|&page=Wza.2" title="" onmouseover="return overlib('Wza.2\ngi|43234762|gb|EAC82985.1| unknown [environmental sequence]');" onmouseout="return nd();" />
 <area shape="poly" coords="172,138,172,144,178,144,178,138" href="/hhomp/browse?gi=gi|43359524|gb|EAD44620.1|&page=Wza.2" title="" onmouseover="return overlib('Wza.2\ngi|43359524|gb|EAD44620.1| unknown [environmental sequence]');" onmouseout="return nd();" />
 <area shape="poly" coords="172,134,172,140,178,140,178,134" href="/hhomp/browse?gi=gi|44601140|gb|EAK39567.1|&page=Wza.2" title="" onmouseover="return overlib('Wza.2\ngi|44601140|gb|EAK39567.1| unknown [environmental sequence]');" onmouseout="return nd();" />
 <area shape="poly" coords="174,139,174,145,180,145,180,139" href="/hhomp/browse?gi=gi|43322066|gb|EAD26733.1|&page=Wza.2" title="" onmouseover="return overlib('Wza.2\ngi|43322066|gb|EAD26733.1| unknown [environmental sequence]');" onmouseout="return nd();" />
 <area shape="poly" coords="163,135,163,141,169,141,169,135" href="/hhomp/browse?gi=gi|43620335|gb|EAE64816.1|&page=Wza.2" title="" onmouseover="return overlib('Wza.2\ngi|43620335|gb|EAE64816.1| unknown [environmental sequence]');" onmouseout="return nd();" />
 <area shape="poly" coords="166,132,166,138,172,138,172,132" href="/hhomp/browse?gi=gi|43960544|gb|EAG36586.1|&page=Wza.2" title="" onmouseover="return overlib('Wza.2\ngi|43960544|gb|EAG36586.1| unknown [environmental sequence]');" onmouseout="return nd();" />
 <area shape="poly" coords="165,140,165,146,171,146,171,140" href="/hhomp/browse?gi=gi|43500206|gb|EAE04880.1|&page=Wza.2" title="" onmouseover="return overlib('Wza.2\ngi|43500206|gb|EAE04880.1| unknown [environmental sequence]');" onmouseout="return nd();" />
 <area shape="poly" coords="199,146,199,152,205,152,205,146" href="/hhomp/browse?gi=gi|44372755|gb|EAI80900.1|&page=Wza.1" title="" onmouseover="return overlib('Wza.1\ngi|44372755|gb|EAI80900.1| unknown [environmental sequence]');" onmouseout="return nd();" />
 <area shape="poly" coords="176,130,176,136,182,136,182,130" href="/hhomp/browse?gi=gi|44157037|gb|EAH43498.1|&page=Wza.2" title="" onmouseover="return overlib('Wza.2\ngi|44157037|gb|EAH43498.1| unknown [environmental sequence]');" onmouseout="return nd();" />
 <area shape="poly" coords="166,129,166,135,172,135,172,129" href="/hhomp/browse?gi=gi|44125794|gb|EAH26537.1|&page=Wza.2" title="" onmouseover="return overlib('Wza.2\ngi|44125794|gb|EAH26537.1| unknown [environmental sequence]');" onmouseout="return nd();" />
 <area shape="poly" coords="168,142,168,148,174,148,174,142" href="/hhomp/browse?gi=gi|44368661|gb|EAI78035.1|&page=Wza.2" title="" onmouseover="return overlib('Wza.2\ngi|44368661|gb|EAI78035.1| unknown [environmental sequence]');" onmouseout="return nd();" />
 <area shape="poly" coords="167,112,167,118,173,118,173,112" href="/hhomp/browse?gi=gi|43226530|gb|EAC78829.1|&page=Wza.2" title="" onmouseover="return overlib('Wza.2\ngi|43226530|gb|EAC78829.1| unknown [environmental sequence]');" onmouseout="return nd();" />
 <area shape="poly" coords="187,142,187,148,193,148,193,142" href="/hhomp/browse?gi=gi|119885222|ref|ZP_01651237.1|&page=Wza.2" title="" onmouseover="return overlib('Wza.2\ngi|119885222|ref|ZP_01651237.1| polysaccharide export protein [Thermotoga petrophila RKU-1] ');" onmouseout="return nd();" />
 <area shape="poly" coords="198,144,198,150,204,150,204,144" href="/hhomp/browse?gi=gi|44242057|gb|EAH89940.1|&page=Wza.1" title="" onmouseover="return overlib('Wza.1\ngi|44242057|gb|EAH89940.1| unknown [environmental sequence]');" onmouseout="return nd();" />
 <area shape="poly" coords="170,132,170,138,176,138,176,132" href="/hhomp/browse?gi=gi|44273702|gb|EAI12367.1|&page=Wza.2" title="" onmouseover="return overlib('Wza.2\ngi|44273702|gb|EAI12367.1| unknown [environmental sequence]');" onmouseout="return nd();" />
 <area shape="poly" coords="180,115,180,121,186,121,186,115" href="/hhomp/browse?gi=gi|44221456|gb|EAH78164.1|&page=Wza.2" title="" onmouseover="return overlib('Wza.2\ngi|44221456|gb|EAH78164.1| unknown [environmental sequence]');" onmouseout="return nd();" />
 <area shape="poly" coords="160,116,160,122,166,122,166,116" href="/hhomp/browse?gi=gi|44627938|gb|EAK58840.1|&page=Wza.2" title="" onmouseover="return overlib('Wza.2\ngi|44627938|gb|EAK58840.1| unknown [environmental sequence]');" onmouseout="return nd();" />
 <area shape="poly" coords="180,134,180,140,186,140,186,134" href="/hhomp/browse?gi=gi|44472766|gb|EAJ51385.1|&page=Wza.2" title="" onmouseover="return overlib('Wza.2\ngi|44472766|gb|EAJ51385.1| unknown [environmental sequence]');" onmouseout="return nd();" />
<area shape="poly" coords="232,155,232,161,238,161,238,155" href="/hhomp/browse?gi=gi|43969860|gb|EAG41672.1|" title="" onmouseover="return overlib('gi|43969860|gb|EAG41672.1| unknown [environmental sequence]');" onmouseout="return nd();" />
 <area shape="poly" coords="182,163,182,169,188,169,188,163" href="/hhomp/browse?gi=gi|121998318|ref|YP_001003105.1|" title="" onmouseover="return overlib('gi|121998318|ref|YP_001003105.1| polysaccharide export protein [Halorhodospira halophila SL1] ');" onmouseout="return nd();" />
 <area shape="poly" coords="222,171,222,177,228,177,228,171" href="/hhomp/browse?gi=gi|16763117|ref|NP_458734.1|" title="" onmouseover="return overlib('gi|16763117|ref|NP_458734.1| Vi polysaccharide export protein [Salmonella enterica subsp. enterica serovar Typhi str. CT18] ');" onmouseout="return nd();" />
 <area shape="poly" coords="232,147,232,153,238,153,238,147" href="/hhomp/browse?gi=gi|43932488|gb|EAG21394.1|" title="" onmouseover="return overlib('gi|43932488|gb|EAG21394.1| unknown [environmental sequence]');" onmouseout="return nd();" />
 <area shape="poly" coords="182,164,182,170,188,170,188,164" href="/hhomp/browse?gi=gi|74316299|ref|YP_314039.1|" title="" onmouseover="return overlib('gi|74316299|ref|YP_314039.1| polysaccharide export outer membrane protein [Thiobacillus denitrificans ATCC 25259] ');" onmouseout="return nd();" />
 <area shape="poly" coords="176,141,176,147,182,147,182,141" href="/hhomp/browse?gi=gi|87309092|ref|ZP_01091229.1|" title="" onmouseover="return overlib('gi|87309092|ref|ZP_01091229.1| probable polysaccharide export protein [Blastopirellula marina DSM 3645] ');" onmouseout="return nd();" />
 <area shape="poly" coords="204,134,204,140,210,140,210,134" href="/hhomp/browse?gi=gi|43459458|gb|EAD84399.1|" title="" onmouseover="return overlib('gi|43459458|gb|EAD84399.1| unknown [environmental sequence]');" onmouseout="return nd();" />
 <area shape="poly" coords="205,163,205,169,211,169,211,163" href="/hhomp/browse?gi=gi|82738949|ref|ZP_00901769.1|" title="" onmouseover="return overlib('gi|82738949|ref|ZP_00901769.1| putative capsular polysaccharide export protein [Pseudomonas putida F1] ');" onmouseout="return nd();" />
 <area shape="poly" coords="211,151,211,157,217,157,217,151" href="/hhomp/browse?gi=gi|32456019|ref|NP_862021.1|" title="" onmouseover="return overlib('gi|32456019|ref|NP_862021.1| rb146 [Ruegeria sp. PR1b] ');" onmouseout="return nd();" />
 <area shape="poly" coords="213,142,213,148,219,148,219,142" href="/hhomp/browse?gi=gi|83953135|ref|ZP_00961857.1|" title="" onmouseover="return overlib('gi|83953135|ref|ZP_00961857.1| capsular polysaccharide biosynthesis protein [Sulfitobacter sp. NAS-14.1] ');" onmouseout="return nd();" />
 <area shape="poly" coords="215,148,215,154,221,154,221,148" href="/hhomp/browse?gi=gi|89070442|ref|ZP_01157739.1|" title="" onmouseover="return overlib('gi|89070442|ref|ZP_01157739.1| polysaccharide biosynthesis/export protein [Oceanicola granulosus HTCC2516] ');" onmouseout="return nd();" />
 <area shape="poly" coords="213,135,213,141,219,141,219,135" href="/hhomp/browse?gi=gi|46445820|ref|YP_007185.1|" title="" onmouseover="return overlib('gi|46445820|ref|YP_007185.1| putative polysaccharide export protein wza [Candidatus Protochlamydia amoebophila UWE25] ');" onmouseout="return nd();" />
 <area shape="poly" coords="221,147,221,153,227,153,227,147" href="/hhomp/browse?gi=gi|89071009|ref|ZP_01158229.1|" title="" onmouseover="return overlib('gi|89071009|ref|ZP_01158229.1| eps i polysaccharide export outer membrane transmembrane protein [Oceanicola granulosus HTCC2516] ');" onmouseout="return nd();" />
 <area shape="poly" coords="216,145,216,151,222,151,222,145" href="/hhomp/browse?gi=gi|84685123|ref|ZP_01013022.1|" title="" onmouseover="return overlib('gi|84685123|ref|ZP_01013022.1| Polysaccharide export protein [Rhodobacterales bacterium HTCC2654] ');" onmouseout="return nd();" />
 <area shape="poly" coords="186,158,186,164,192,164,192,158" href="/hhomp/browse?gi=gi|116623726|ref|YP_825882.1|" title="" onmouseover="return overlib('gi|116623726|ref|YP_825882.1| polysaccharide export protein [Solibacter usitatus Ellin6076] ');" onmouseout="return nd();" />
 <area shape="poly" coords="185,157,185,163,191,163,191,157" href="/hhomp/browse?gi=gi|116620766|ref|YP_822922.1|" title="" onmouseover="return overlib('gi|116620766|ref|YP_822922.1| polysaccharide export protein [Solibacter usitatus Ellin6076] ');" onmouseout="return nd();" />
 <area shape="poly" coords="176,148,176,154,182,154,182,148" href="/hhomp/browse?gi=gi|121595327|ref|YP_987223.1|" title="" onmouseover="return overlib('gi|121595327|ref|YP_987223.1| polysaccharide export protein [Acidovorax sp. JS42] ');" onmouseout="return nd();" />
 <area shape="poly" coords="189,133,189,139,195,139,195,133" href="/hhomp/browse?gi=gi|89362740|ref|ZP_01200543.1|" title="" onmouseover="return overlib('gi|89362740|ref|ZP_01200543.1| similar to Periplasmic protein involved in polysaccharide export [Xanthobacter autotrophicus Py2] ');" onmouseout="return nd();" />
 <area shape="poly" coords="206,148,206,154,212,154,212,148" href="/hhomp/browse?gi=gi|43294400|gb|EAD13015.1|" title="" onmouseover="return overlib('gi|43294400|gb|EAD13015.1| unknown [environmental sequence]');" onmouseout="return nd();" />
 <area shape="poly" coords="185,139,185,145,191,145,191,139" href="/hhomp/browse?gi=gi|32471362|ref|NP_864355.1|" title="" onmouseover="return overlib('gi|32471362|ref|NP_864355.1| probable polysaccharide export protein [Rhodopirellula baltica SH 1] ');" onmouseout="return nd();" />
 <area shape="poly" coords="183,161,183,167,189,167,189,161" href="/hhomp/browse?gi=gi|70731561|ref|YP_261302.1|" title="" onmouseover="return overlib('gi|70731561|ref|YP_261302.1| polysaccharide biosynthesis/export protein [Pseudomonas fluorescens Pf-5] ');" onmouseout="return nd();" />
 <area shape="poly" coords="181,141,181,147,187,147,187,141" href="/hhomp/browse?gi=gi|32475755|ref|NP_868749.1|" title="" onmouseover="return overlib('gi|32475755|ref|NP_868749.1| probable polysaccharide biosynthesis protein [Rhodopirellula baltica SH 1] ');" onmouseout="return nd();" />
 <area shape="poly" coords="205,130,205,136,211,136,211,130" href="/hhomp/browse?gi=gi|37520022|ref|NP_923399.1|" title="" onmouseover="return overlib('gi|37520022|ref|NP_923399.1| hypothetical protein glr0453 [Gloeobacter violaceus PCC 7421] ');" onmouseout="return nd();" />
 <area shape="poly" coords="209,124,209,130,215,130,215,124" href="/hhomp/browse?gi=gi|37523286|ref|NP_926663.1|" title="" onmouseover="return overlib('gi|37523286|ref|NP_926663.1| hypothetical protein gll3717 [Gloeobacter violaceus PCC 7421] ');" onmouseout="return nd();" />
 <area shape="poly" coords="172,154,172,160,178,160,178,154" href="/hhomp/browse?gi=gi|115523113|ref|YP_780024.1|" title="" onmouseover="return overlib('gi|115523113|ref|YP_780024.1| polysaccharide export protein [Rhodopseudomonas palustris BisA53] ');" onmouseout="return nd();" />
 <area shape="poly" coords="175,164,175,170,181,170,181,164" href="/hhomp/browse?gi=gi|109900300|ref|YP_663555.1|" title="" onmouseover="return overlib('gi|109900300|ref|YP_663555.1| polysaccharide export protein [Pseudoalteromonas atlantica T6c] ');" onmouseout="return nd();" />
 <area shape="poly" coords="172,151,172,157,178,157,178,151" href="/hhomp/browse?gi=gi|115345662|ref|YP_771843.1|" title="" onmouseover="return overlib('gi|115345662|ref|YP_771843.1| polysaccharide biosynthesis protein [Roseobacter denitrificans OCh 114] ');" onmouseout="return nd();" />
 <area shape="poly" coords="192,155,192,161,198,161,198,155" href="/hhomp/browse?gi=gi|86134158|ref|ZP_01052740.1|" title="" onmouseover="return overlib('gi|86134158|ref|ZP_01052740.1| putative polysaccharide export protein [Tenacibaculum sp. MED152] ');" onmouseout="return nd();" />
 <area shape="poly" coords="165,146,165,152,171,152,171,146" href="/hhomp/browse?gi=gi|91978876|ref|YP_571535.1|" title="" onmouseover="return overlib('gi|91978876|ref|YP_571535.1| polysaccharide export protein [Rhodopseudomonas palustris BisB5] ');" onmouseout="return nd();" />
 <area shape="poly" coords="189,162,189,168,195,168,195,162" href="/hhomp/browse?gi=gi|89891377|ref|ZP_01202883.1|" title="" onmouseover="return overlib('gi|89891377|ref|ZP_01202883.1| polysaccharide export protein [Flavobacteria bacterium BBFL7] ');" onmouseout="return nd();" />
 <area shape="poly" coords="202,162,202,168,208,168,208,162" href="/hhomp/browse?gi=gi|29348272|ref|NP_811775.1|" title="" onmouseover="return overlib('gi|29348272|ref|NP_811775.1| putative polysaccharide export protein [Bacteroides thetaiotaomicron VPI-5482] ');" onmouseout="return nd();" />
 <area shape="poly" coords="186,126,186,132,192,132,192,126" href="/hhomp/browse?gi=gi|123969159|ref|YP_001010017.1|" title="" onmouseover="return overlib('gi|123969159|ref|YP_001010017.1| hypothetical protein A9601_16271 [Prochlorococcus marinus str. AS9601] ');" onmouseout="return nd();" />
 <area shape="poly" coords="202,112,202,118,208,118,208,112" href="/hhomp/browse?gi=gi|17229786|ref|NP_486334.1|" title="" onmouseover="return overlib('gi|17229786|ref|NP_486334.1| hypothetical protein alr2294 [Nostoc sp. PCC 7120] ');" onmouseout="return nd();" />
 <area shape="poly" coords="202,151,202,157,208,157,208,151" href="/hhomp/browse?gi=gi|89890430|ref|ZP_01201940.1|" title="" onmouseover="return overlib('gi|89890430|ref|ZP_01201940.1| conserved hypothetical protein [Flavobacteria bacterium BBFL7] ');" onmouseout="return nd();" />
 <area shape="poly" coords="172,158,172,164,178,164,178,158" href="/hhomp/browse?gi=gi|32471064|ref|NP_864057.1|" title="" onmouseover="return overlib('gi|32471064|ref|NP_864057.1| probable polysaccharide export protein [Rhodopirellula baltica SH 1] ');" onmouseout="return nd();" />
 <area shape="poly" coords="199,159,199,165,205,165,205,159" href="/hhomp/browse?gi=gi|44626415|gb|EAK57724.1|" title="" onmouseover="return overlib('gi|44626415|gb|EAK57724.1| unknown [environmental sequence]');" onmouseout="return nd();" />
 <area shape="poly" coords="154,126,154,132,160,132,160,126" href="/hhomp/browse?gi=gi|44636844|gb|EAK65029.1|" title="" onmouseover="return overlib('gi|44636844|gb|EAK65029.1| unknown [environmental sequence]');" onmouseout="return nd();" />
 <area shape="poly" coords="169,150,169,156,175,156,175,150" href="/hhomp/browse?gi=gi|113875040|ref|ZP_01415166.1|" title="" onmouseover="return overlib('gi|113875040|ref|ZP_01415166.1| putative OMA family outer membrane protein precursor [Sinorhizobium medicae WSM419] ');" onmouseout="return nd();" />
 <area shape="poly" coords="205,145,205,151,211,151,211,145" href="/hhomp/browse?gi=gi|32476415|ref|NP_869409.1|" title="" onmouseover="return overlib('gi|32476415|ref|NP_869409.1| similar to polysaccharide biosynthesis protein [Rhodopirellula baltica SH 1] ');" onmouseout="return nd();" />
 <area shape="poly" coords="198,175,198,181,204,181,204,175" href="/hhomp/browse?gi=gi|87307513|ref|ZP_01089657.1|" title="" onmouseover="return overlib('gi|87307513|ref|ZP_01089657.1| Wza [Blastopirellula marina DSM 3645] ');" onmouseout="return nd();" />
 <area shape="poly" coords="222,153,222,159,228,159,228,153" href="/hhomp/browse?gi=gi|43515081|gb|EAE12265.1|" title="" onmouseover="return overlib('gi|43515081|gb|EAE12265.1| unknown [environmental sequence]');" onmouseout="return nd();" />
 <area shape="poly" coords="206,101,206,107,212,107,212,101" href="/hhomp/browse?gi=gi|118071955|ref|ZP_01540147.1|" title="" onmouseover="return overlib('gi|118071955|ref|ZP_01540147.1| polysaccharide export protein [Shewanella woodyi ATCC 51908] ');" onmouseout="return nd();" />
 <area shape="poly" coords="234,143,234,149,240,149,240,143" href="/hhomp/browse?gi=gi|43775990|gb|EAF42477.1|" title="" onmouseover="return overlib('gi|43775990|gb|EAF42477.1| unknown [environmental sequence]');" onmouseout="return nd();" />
 <area shape="poly" coords="249,154,249,160,255,160,255,154" href="/hhomp/browse?gi=gi|42921490|gb|EAB27808.1|" title="" onmouseover="return overlib('gi|42921490|gb|EAB27808.1| unknown [environmental sequence]');" onmouseout="return nd();" />
 <area shape="poly" coords="164,168,164,174,170,174,170,168" href="/hhomp/browse?gi=gi|85704661|ref|ZP_01035763.1|" title="" onmouseover="return overlib('gi|85704661|ref|ZP_01035763.1| hypothetical outer membrane protein, OMA family protein [Roseovarius sp. 217] ');" onmouseout="return nd();" />
 <area shape="poly" coords="193,127,193,133,199,133,199,127" href="/hhomp/browse?gi=gi|42843588|gb|EAA89195.1|" title="" onmouseover="return overlib('gi|42843588|gb|EAA89195.1| unknown [environmental sequence]');" onmouseout="return nd();" />
 <area shape="poly" coords="232,166,232,172,238,172,238,166" href="/hhomp/browse?gi=gi|110640209|ref|YP_680419.1|" title="" onmouseover="return overlib('gi|110640209|ref|YP_680419.1| periplasmic protein involved in polysaccharide export [Cytophaga hutchinsonii ATCC 33406] ');" onmouseout="return nd();" />
 <area shape="poly" coords="246,158,246,164,252,164,252,158" href="/hhomp/browse?gi=gi|43217937|gb|EAC74498.1|" title="" onmouseover="return overlib('gi|43217937|gb|EAC74498.1| unknown [environmental sequence]');" onmouseout="return nd();" />
 <area shape="poly" coords="157,167,157,173,163,173,163,167" href="/hhomp/browse?gi=gi|113875263|ref|ZP_01415389.1|" title="" onmouseover="return overlib('gi|113875263|ref|ZP_01415389.1| putative OMA family outer membrane saccharide export protein [Sinorhizobium medicae WSM419] ');" onmouseout="return nd();" />
 <area shape="poly" coords="262,163,262,169,268,169,268,163" href="/hhomp/browse?gi=gi|43264462|gb|EAC97958.1|" title="" onmouseover="return overlib('gi|43264462|gb|EAC97958.1| unknown [environmental sequence]');" onmouseout="return nd();" />
 <area shape="poly" coords="200,137,200,143,206,143,206,137" href="/hhomp/browse?gi=gi|32474287|ref|NP_867281.1|" title="" onmouseover="return overlib('gi|32474287|ref|NP_867281.1| similar to polysaccharide biosynthesis protein [Rhodopirellula baltica SH 1] ');" onmouseout="return nd();" />
 <area shape="poly" coords="142,105,142,111,148,111,148,105" href="/hhomp/browse?gi=gi|43057073|gb|EAB94905.1|" title="" onmouseover="return overlib('gi|43057073|gb|EAB94905.1| unknown [environmental sequence]');" onmouseout="return nd();" />
 <area shape="poly" coords="161,146,161,152,167,152,167,146" href="/hhomp/browse?gi=gi|42918981|gb|EAB26581.1|" title="" onmouseover="return overlib('gi|42918981|gb|EAB26581.1| unknown [environmental sequence]');" onmouseout="return nd();" />
 <area shape="poly" coords="157,142,157,148,163,148,163,142" href="/hhomp/browse?gi=gi|44186321|gb|EAH58999.1|" title="" onmouseover="return overlib('gi|44186321|gb|EAH58999.1| unknown [environmental sequence]');" onmouseout="return nd();" />
 <area shape="poly" coords="186,44,186,50,192,50,192,44" href="/hhomp/browse?gi=gi|44304135|gb|EAI32732.1|" title="" onmouseover="return overlib('gi|44304135|gb|EAI32732.1| unknown [environmental sequence]');" onmouseout="return nd();" />
 <area shape="poly" coords="179,57,179,63,185,63,185,57" href="/hhomp/browse?gi=gi|59710765|ref|YP_203541.1|" title="" onmouseover="return overlib('gi|59710765|ref|YP_203541.1| hypothetical protein VF0158 [Vibrio fischeri ES114] ');" onmouseout="return nd();" />
 <area shape="poly" coords="174,41,174,47,180,47,180,41" href="/hhomp/browse?gi=gi|54309851|ref|YP_130871.1|" title="" onmouseover="return overlib('gi|54309851|ref|YP_130871.1| hypothetical polysaccharide synthesis-related protein [Photobacterium profundum SS9] ');" onmouseout="return nd();" />
 <area shape="poly" coords="173,55,173,61,179,61,179,55" href="/hhomp/browse?gi=gi|109899508|ref|YP_662763.1|" title="" onmouseover="return overlib('gi|109899508|ref|YP_662763.1| protein of unknown function DUF1017 [Pseudoalteromonas atlantica T6c] ');" onmouseout="return nd();" />
 <area shape="poly" coords="160,103,160,109,166,109,166,103" href="/hhomp/browse?gi=gi|43497705|gb|EAE03689.1|" title="" onmouseover="return overlib('gi|43497705|gb|EAE03689.1| unknown [environmental sequence]');" onmouseout="return nd();" />
 <area shape="poly" coords="159,136,159,142,165,142,165,136" href="/hhomp/browse?gi=gi|43211387|gb|EAC71232.1|" title="" onmouseover="return overlib('gi|43211387|gb|EAC71232.1| unknown [environmental sequence]');" onmouseout="return nd();" />
 <area shape="poly" coords="167,122,167,128,173,128,173,122" href="/hhomp/browse?gi=gi|43949454|gb|EAG30508.1|" title="" onmouseover="return overlib('gi|43949454|gb|EAG30508.1| unknown [environmental sequence]');" onmouseout="return nd();" />
 <area shape="poly" coords="177,131,177,137,183,137,183,131" href="/hhomp/browse?gi=gi|43824857|gb|EAF66747.1|" title="" onmouseover="return overlib('gi|43824857|gb|EAF66747.1| unknown [environmental sequence]');" onmouseout="return nd();" />
 <area shape="poly" coords="181,126,181,132,187,132,187,126" href="/hhomp/browse?gi=gi|43007536|gb|EAB70562.1|" title="" onmouseover="return overlib('gi|43007536|gb|EAB70562.1| unknown [environmental sequence]');" onmouseout="return nd();" />
 <area shape="poly" coords="156,108,156,114,162,114,162,108" href="/hhomp/browse?gi=gi|43949456|gb|EAG30509.1|" title="" onmouseover="return overlib('gi|43949456|gb|EAG30509.1| unknown [environmental sequence]');" onmouseout="return nd();" />
 <area shape="poly" coords="155,121,155,127,161,127,161,121" href="/hhomp/browse?gi=gi|43975020|gb|EAG44444.1|" title="" onmouseover="return overlib('gi|43975020|gb|EAG44444.1| unknown [environmental sequence]');" onmouseout="return nd();" />
 <area shape="poly" coords="168,48,168,54,174,54,174,48" href="/hhomp/browse?gi=gi|44319599|gb|EAI43202.1|" title="" onmouseover="return overlib('gi|44319599|gb|EAI43202.1| unknown [environmental sequence]');" onmouseout="return nd();" />
 <area shape="poly" coords="176,25,176,31,182,31,182,25" href="/hhomp/browse?gi=gi|37678513|ref|NP_933122.1|" title="" onmouseover="return overlib('gi|37678513|ref|NP_933122.1| hypothetical protein VV0329 [Vibrio vulnificus YJ016] ');" onmouseout="return nd();" />
 <area shape="poly" coords="185,41,185,47,191,47,191,41" href="/hhomp/browse?gi=gi|16128951|ref|NP_415505.1|" title="" onmouseover="return overlib('gi|16128951|ref|NP_415505.1| hypothetical protein b0985 [Escherichia coli K12] ');" onmouseout="return nd();" />
 <area shape="poly" coords="176,36,176,42,182,42,182,36" href="/hhomp/browse?gi=gi|85713311|ref|ZP_01044331.1|" title="" onmouseover="return overlib('gi|85713311|ref|ZP_01044331.1| hypothetical protein OS145_01940 [Idiomarina baltica OS145] ');" onmouseout="return nd();" />
 <area shape="poly" coords="152,138,152,144,158,144,158,138" href="/hhomp/browse?gi=gi|43448230|gb|EAD78758.1|" title="" onmouseover="return overlib('gi|43448230|gb|EAD78758.1| unknown [environmental sequence]');" onmouseout="return nd();" />
 <area shape="poly" coords="152,124,152,130,158,130,158,124" href="/hhomp/browse?gi=gi|44091094|gb|EAH07818.1|" title="" onmouseover="return overlib('gi|44091094|gb|EAH07818.1| unknown [environmental sequence]');" onmouseout="return nd();" />
 <area shape="poly" coords="146,132,146,138,152,138,152,132" href="/hhomp/browse?gi=gi|43947725|gb|EAG29585.1|" title="" onmouseover="return overlib('gi|43947725|gb|EAG29585.1| unknown [environmental sequence]');" onmouseout="return nd();" />
 <area shape="poly" coords="144,114,144,120,150,120,150,114" href="/hhomp/browse?gi=gi|43194424|gb|EAC62726.1|" title="" onmouseover="return overlib('gi|43194424|gb|EAC62726.1| unknown [environmental sequence]');" onmouseout="return nd();" />
 <area shape="poly" coords="143,141,143,147,149,147,149,141" href="/hhomp/browse?gi=gi|44173036|gb|EAH51968.1|" title="" onmouseover="return overlib('gi|44173036|gb|EAH51968.1| unknown [environmental sequence]');" onmouseout="return nd();" />
 <area shape="poly" coords="401,-2,401,3,407,3,407,-2" href="/hhomp/browse?gi=gi|119876048|ref|ZP_01643101.1|" title="" onmouseover="return overlib('gi|119876048|ref|ZP_01643101.1| outer membrane autotransporter barrel domain [Stenotrophomonas maltophilia R551-3] ');" onmouseout="return nd();" />
 <area shape="poly" coords="183,52,183,58,189,58,189,52" href="/hhomp/browse?gi=gi|118741214|ref|ZP_01589252.1|" title="" onmouseover="return overlib('gi|118741214|ref|ZP_01589252.1| protein of unknown function DUF1017 [Enterobacter sp. 638] ');" onmouseout="return nd();" />
 <area shape="poly" coords="118,120,118,126,124,126,124,120" href="/hhomp/browse?gi=gi|24379098|ref|NP_721053.1|" title="" onmouseover="return overlib('gi|24379098|ref|NP_721053.1| putative competence protein [Streptococcus mutans UA159] ');" onmouseout="return nd();" />
 <area shape="poly" coords="212,273,212,279,218,279,218,273" href="/hhomp/browse?gi=gi|91214610|ref|ZP_01251583.1|" title="" onmouseover="return overlib('gi|91214610|ref|ZP_01251583.1| hypothetical protein P700755_17134 [Psychroflexus torquis ATCC 700755] ');" onmouseout="return nd();" />
 <area shape="poly" coords="161,86,161,92,167,92,167,86" href="/hhomp/browse?gi=gi|43507553|gb|EAE08493.1|" title="" onmouseover="return overlib('gi|43507553|gb|EAE08493.1| unknown [environmental sequence]');" onmouseout="return nd();" />
 <area shape="poly" coords="185,101,185,107,191,107,191,101" href="/hhomp/browse?gi=gi|43555917|gb|EAE32720.1|" title="" onmouseover="return overlib('gi|43555917|gb|EAE32720.1| unknown [environmental sequence]');" onmouseout="return nd();" />
 <area shape="poly" coords="170,182,170,188,176,188,176,182" href="/hhomp/browse?gi=gi|77463103|ref|YP_352607.1|" title="" onmouseover="return overlib('gi|77463103|ref|YP_352607.1| Outer membrane polysaccharide export protein, exoF [Rhodobacter sphaeroides 2.4.1] ');" onmouseout="return nd();" />
 <area shape="poly" coords="117,266,117,272,123,272,123,266" href="/hhomp/browse?gi=gi|16262649|ref|NP_435442.1|" title="" onmouseover="return overlib('gi|16262649|ref|NP_435442.1| hypothetical protein SMa0364 [Sinorhizobium meliloti 1021] ');" onmouseout="return nd();" />
 <area shape="poly" coords="170,76,170,82,176,82,176,76" href="/hhomp/browse?gi=gi|44121415|gb|EAH24111.1|" title="" onmouseover="return overlib('gi|44121415|gb|EAH24111.1| unknown [environmental sequence]');" onmouseout="return nd();" />
 <area shape="poly" coords="187,96,187,102,193,102,193,96" href="/hhomp/browse?gi=gi|42998052|gb|EAB65912.1|" title="" onmouseover="return overlib('gi|42998052|gb|EAB65912.1| unknown [environmental sequence]');" onmouseout="return nd();" />
 <area shape="poly" coords="156,152,156,158,162,158,162,152" href="/hhomp/browse?gi=gi|43688183|gb|EAE99256.1|" title="" onmouseover="return overlib('gi|43688183|gb|EAE99256.1| unknown [environmental sequence]');" onmouseout="return nd();" />
 <area shape="poly" coords="178,107,178,113,184,113,184,107" href="/hhomp/browse?gi=gi|43244679|gb|EAC87998.1|" title="" onmouseover="return overlib('gi|43244679|gb|EAC87998.1| unknown [environmental sequence]');" onmouseout="return nd();" />
 <area shape="poly" coords="185,36,185,42,191,42,191,36" href="/hhomp/browse?gi=gi|117619422|ref|YP_857379.1|" title="" onmouseover="return overlib('gi|117619422|ref|YP_857379.1| putative periplasmic protein [Aeromonas hydrophila subsp. hydrophila ATCC 7966] ');" onmouseout="return nd();" />
 <area shape="poly" coords="177,7,177,13,183,13,183,7" href="/hhomp/browse?gi=gi|87118361|ref|ZP_01074260.1|" title="" onmouseover="return overlib('gi|87118361|ref|ZP_01074260.1| hypothetical protein MED121_15079 [Marinomonas sp. MED121] ');" onmouseout="return nd();" />
 <area shape="poly" coords="180,-5,180,1,186,1,186,-5" href="/hhomp/browse?gi=gi|28896990|ref|NP_796595.1|" title="" onmouseover="return overlib('gi|28896990|ref|NP_796595.1| hypothetical protein VP0216 [Vibrio parahaemolyticus RIMD 2210633] ');" onmouseout="return nd();" />
 <area shape="poly" coords="188,17,188,23,194,23,194,17" href="/hhomp/browse?gi=gi|118747881|ref|ZP_01595754.1|" title="" onmouseover="return overlib('gi|118747881|ref|ZP_01595754.1| conserved hypothetical protein [Marinomonas sp. MWYL1] ');" onmouseout="return nd();" />
 <area shape="poly" coords="331,372,331,378,337,378,337,372" href="/hhomp/browse?gi=gi|43083971|gb|EAC08191.1|" title="" onmouseover="return overlib('gi|43083971|gb|EAC08191.1| unknown [environmental sequence]');" onmouseout="return nd();" />
 <area shape="poly" coords="330,351,330,357,336,357,336,351" href="/hhomp/browse?gi=gi|44396085|gb|EAI97663.1|" title="" onmouseover="return overlib('gi|44396085|gb|EAI97663.1| unknown [environmental sequence]');" onmouseout="return nd();" />
 <area shape="poly" coords="13,67,13,73,19,73,19,67" href="/hhomp/browse?gi=gi|46446045|ref|YP_007410.1|" title="" onmouseover="return overlib('gi|46446045|ref|YP_007410.1| hypothetical protein pc0411 [Candidatus Protochlamydia amoebophila UWE25] ');" onmouseout="return nd();" />
 <area shape="poly" coords="140,126,140,132,146,132,146,126" href="/hhomp/browse?gi=gi|116628251|ref|YP_820870.1|" title="" onmouseover="return overlib('gi|116628251|ref|YP_820870.1| DNA uptake protein or related DNA-binding protein [Streptococcus thermophilus LMD-9] ');" onmouseout="return nd();" />
 <area shape="poly" coords="64,101,64,107,70,107,70,101" href="/hhomp/browse?gi=gi|70726326|ref|YP_253240.1|" title="" onmouseover="return overlib('gi|70726326|ref|YP_253240.1| hypothetical protein SH1325 [Staphylococcus haemolyticus JCSC1435] ');" onmouseout="return nd();" />
 <area shape="poly" coords="130,124,130,130,136,130,136,124" href="/hhomp/browse?gi=gi|46907712|ref|YP_014101.1|" title="" onmouseover="return overlib('gi|46907712|ref|YP_014101.1| DNA-binding protein, ComEA family [Listeria monocytogenes str. 4b F2365] ');" onmouseout="return nd();" />
 <area shape="poly" coords="13,129,13,135,19,135,19,129" href="/hhomp/browse?gi=gi|15828931|ref|NP_326291.1|" title="" onmouseover="return overlib('gi|15828931|ref|NP_326291.1| hypothetical protein MYPU_4600 [Mycoplasma pulmonis UAB CTIP] ');" onmouseout="return nd();" />
 <area shape="poly" coords="-5,90,-5,96,1,96,1,90" href="/hhomp/browse?gi=gi|116626034|ref|YP_828190.1|" title="" onmouseover="return overlib('gi|116626034|ref|YP_828190.1| RNA binding S1 domain protein [Solibacter usitatus Ellin6076] ');" onmouseout="return nd();" />
 <area shape="poly" coords="332,338,332,344,338,344,338,338" href="/hhomp/browse?gi=gi|88946071|ref|ZP_01149168.1|" title="" onmouseover="return overlib('gi|88946071|ref|ZP_01149168.1| PduS protein [Desulfotomaculum reducens MI-1] ');" onmouseout="return nd();" />
 <area shape="poly" coords="232,337,232,343,238,343,238,337" href="/hhomp/browse?gi=gi|89889324|ref|ZP_01200835.1|" title="" onmouseover="return overlib('gi|89889324|ref|ZP_01200835.1| Na+ dependent NADH ubiquinone oxidoreductase nqrA [Flavobacteria bacterium BBFL7] ');" onmouseout="return nd();" />
 <area shape="poly" coords="335,361,335,367,341,367,341,361" href="/hhomp/browse?gi=gi|114571227|ref|YP_757907.1|" title="" onmouseover="return overlib('gi|114571227|ref|YP_757907.1| NADH dehydrogenase (quinone) [Maricaulis maris MCS10] ');" onmouseout="return nd();" />
 <area shape="poly" coords="353,359,353,365,359,365,359,359" href="/hhomp/browse?gi=gi|41406836|ref|NP_959672.1|" title="" onmouseover="return overlib('gi|41406836|ref|NP_959672.1| hypothetical protein MAP0738c [Mycobacterium avium subsp. paratuberculosis K-10] ');" onmouseout="return nd();" />
 <area shape="poly" coords="312,343,312,349,318,349,318,343" href="/hhomp/browse?gi=gi|19704917|ref|NP_602412.1|" title="" onmouseover="return overlib('gi|19704917|ref|NP_602412.1| Nitrogen fixation iron-sulphur protein RNFC [Fusobacterium nucleatum subsp. nucleatum ATCC 25586] ');" onmouseout="return nd();" />
 <area shape="poly" coords="353,320,353,326,359,326,359,320" href="/hhomp/browse?gi=gi|53728861|ref|ZP_00348259.1|" title="" onmouseover="return overlib('gi|53728861|ref|ZP_00348259.1| COG4656: Predicted NADH:ubiquinone oxidoreductase, subunit RnfC [Actinobacillus pleuropneumoniae serovar 1 str. 4074]');" onmouseout="return nd();" />
